Component: ARM Compiler 5.06 update 4 (build 422) Tool: armlink [4d35d2]

==============================================================================

Section Cross References

    system_stm32f10x.o(i.SetSysClock) refers to system_stm32f10x.o(i.SetSysClockToHSE) for SetSysClockToHSE
    system_stm32f10x.o(i.SystemCoreClockUpdate) refers to system_stm32f10x.o(.data) for SystemCoreClock
    system_stm32f10x.o(i.SystemInit) refers to system_stm32f10x.o(i.SetSysClock) for SetSysClock
    startup_stm32f10x_md.o(STACK) refers (Special) to heapauxi.o(.text) for __use_two_region_memory
    startup_stm32f10x_md.o(HEAP) refers (Special) to heapauxi.o(.text) for __use_two_region_memory
    startup_stm32f10x_md.o(RESET) refers (Special) to heapauxi.o(.text) for __use_two_region_memory
    startup_stm32f10x_md.o(RESET) refers to startup_stm32f10x_md.o(STACK) for __initial_sp
    startup_stm32f10x_md.o(RESET) refers to startup_stm32f10x_md.o(.text) for Reset_Handler
    startup_stm32f10x_md.o(RESET) refers to stm32_it.o(i.EXTI0_IRQHandler) for EXTI0_IRQHandler
    startup_stm32f10x_md.o(RESET) refers to tims.o(i.TIM2_IRQHandler) for TIM2_IRQHandler
    startup_stm32f10x_md.o(RESET) refers to stm32_it.o(i.USART1_IRQHandler) for USART1_IRQHandler
    startup_stm32f10x_md.o(.text) refers (Special) to heapauxi.o(.text) for __use_two_region_memory
    startup_stm32f10x_md.o(.text) refers to system_stm32f10x.o(i.SystemInit) for SystemInit
    startup_stm32f10x_md.o(.text) refers to __main.o(!!!main) for __main
    startup_stm32f10x_md.o(.text) refers to startup_stm32f10x_md.o(HEAP) for Heap_Mem
    startup_stm32f10x_md.o(.text) refers to startup_stm32f10x_md.o(STACK) for Stack_Mem
    main.o(i.main) refers to system_stm32f10x.o(i.SystemInit) for SystemInit
    main.o(i.main) refers to spi.o(i.spi_master_init) for spi_master_init
    main.o(i.main) refers to gpio.o(i.exti_gpio_init) for exti_gpio_init
    main.o(i.main) refers to uart.o(i.uart_init) for uart_init
    main.o(i.main) refers to enc28j60.o(i.enc28_init) for enc28_init
    main.o(i.main) refers to net.o(i.net_init) for net_init
    main.o(i.main) refers to tims.o(i.tim2_init) for tim2_init
    main.o(i.main) refers to tims.o(i.tim2_start) for tim2_start
    spi.o(i.spi_gpio_init) refers to spi.o(i.nss_desel) for nss_desel
    spi.o(i.spi_master_init) refers to spi.o(i.spi_gpio_init) for spi_gpio_init
    enc28j60.o(i.enc28_init) refers to enc28j60.o(i.enc28_write_op) for enc28_write_op
    enc28j60.o(i.enc28_init) refers to tims.o(i.delay_us) for delay_us
    enc28j60.o(i.enc28_init) refers to enc28j60.o(i.enc28_read_op) for enc28_read_op
    enc28j60.o(i.enc28_init) refers to enc28j60.o(i.enc28_write_regs_two_parts) for enc28_write_regs_two_parts
    enc28j60.o(i.enc28_init) refers to enc28j60.o(i.enc28_set_bank) for enc28_set_bank
    enc28j60.o(i.enc28_init) refers to enc28j60.o(i.enc28_write_reg) for enc28_write_reg
    enc28j60.o(i.enc28_init) refers to enc28j60.o(i.enc28_write_phy_reg) for enc28_write_phy_reg
    enc28j60.o(i.enc28_init) refers to enc28j60.o(.data) for mac_addr
    enc28j60.o(i.enc28_packet_receive) refers to enc28j60.o(i.enc28_read_reg) for enc28_read_reg
    enc28j60.o(i.enc28_packet_receive) refers to enc28j60.o(i.enc28_write_regs_two_parts) for enc28_write_regs_two_parts
    enc28j60.o(i.enc28_packet_receive) refers to enc28j60.o(i.enc28_receive_buff) for enc28_receive_buff
    enc28j60.o(i.enc28_packet_receive) refers to h1_alloc.o(.text) for malloc
    enc28j60.o(i.enc28_packet_receive) refers to enc28j60.o(i.enc28_write_op) for enc28_write_op
    enc28j60.o(i.enc28_packet_receive) refers to enc28j60.o(.data) for next_pckt_ptr
    enc28j60.o(i.enc28_packet_transmit) refers to enc28j60.o(i.enc28_write_regs_two_parts) for enc28_write_regs_two_parts
    enc28j60.o(i.enc28_packet_transmit) refers to enc28j60.o(i.enc28_transmit_buff) for enc28_transmit_buff
    enc28j60.o(i.enc28_packet_transmit) refers to enc28j60.o(i.enc28_write_op) for enc28_write_op
    enc28j60.o(i.enc28_packet_transmit) refers to enc28j60.o(i.enc28_read_reg) for enc28_read_reg
    enc28j60.o(i.enc28_read_op) refers to spi.o(i.nss_sel) for nss_sel
    enc28j60.o(i.enc28_read_op) refers to enc28j60.o(i.spi_send_byte) for spi_send_byte
    enc28j60.o(i.enc28_read_op) refers to enc28j60.o(i.spi_receive_byte) for spi_receive_byte
    enc28j60.o(i.enc28_read_op) refers to spi.o(i.nss_desel) for nss_desel
    enc28j60.o(i.enc28_read_phy_reg) refers to enc28j60.o(i.enc28_write_reg) for enc28_write_reg
    enc28j60.o(i.enc28_read_phy_reg) refers to enc28j60.o(i.enc28_read_reg) for enc28_read_reg
    enc28j60.o(i.enc28_read_phy_reg) refers to enc28j60.o(i.enc28_read_regs_two_parts) for enc28_read_regs_two_parts
    enc28j60.o(i.enc28_read_reg) refers to enc28j60.o(i.enc28_set_bank) for enc28_set_bank
    enc28j60.o(i.enc28_read_reg) refers to enc28j60.o(i.enc28_read_op) for enc28_read_op
[...]
    __raise.o(.text) refers to defsig.o(CL$$defsig) for __default_signal_handler
    defsig_general.o(.text) refers to sys_wrch.o(.text) for _ttywrch
    libshutdown2.o(.ARM.Collect$$libshutdown$$0000000D) refers (Weak) to term_alloc.o(.text) for _terminate_alloc
    sys_wrch.o(.text) refers (Special) to use_no_semi.o(.text) for __I$use$semihosting
    sys_wrch.o(.text) refers (Special) to indicate_semi.o(.text) for __semihosting_library_function
    rtexit2.o(.ARM.Collect$$rtexit$$00000003) refers to libshutdown.o(.ARM.Collect$$libshutdown$$00000000) for __rt_lib_shutdown
    rtexit2.o(.ARM.Collect$$rtexit$$00000004) refers to sys_exit.o(.text) for _sys_exit
    rtexit2.o(.ARM.exidx) refers to rtexit2.o(.ARM.Collect$$rtexit$$00000001) for .ARM.Collect$$rtexit$$00000001
    rtexit2.o(.ARM.exidx) refers to rtexit2.o(.ARM.Collect$$rtexit$$00000003) for .ARM.Collect$$rtexit$$00000003
    rtexit2.o(.ARM.exidx) refers to rtexit2.o(.ARM.Collect$$rtexit$$00000004) for .ARM.Collect$$rtexit$$00000004
    defsig.o(CL$$defsig) refers to defsig_rtmem_inner.o(.text) for __rt_SIGRTMEM_inner
    defsig_abrt_inner.o(.text) refers to defsig_general.o(.text) for __default_signal_display
    defsig_fpe_inner.o(.text) refers to defsig_general.o(.text) for __default_signal_display
    defsig_rtred_inner.o(.text) refers to defsig_general.o(.text) for __default_signal_display
    defsig_stak_inner.o(.text) refers to defsig_general.o(.text) for __default_signal_display
    defsig_pvfn_inner.o(.text) refers to defsig_general.o(.text) for __default_signal_display
    defsig_cppl_inner.o(.text) refers to defsig_general.o(.text) for __default_signal_display
    defsig_segv_inner.o(.text) refers to defsig_general.o(.text) for __default_signal_display
    defsig_other.o(.text) refers to defsig_general.o(.text) for __default_signal_display
    libshutdown.o(.ARM.Collect$$libshutdown$$00000000) refers (Special) to libshutdown2.o(.ARM.Collect$$libshutdown$$00000002) for __rt_lib_shutdown_cpp_1
    libshutdown.o(.ARM.Collect$$libshutdown$$00000000) refers (Special) to libshutdown2.o(.ARM.Collect$$libshutdown$$00000007) for __rt_lib_shutdown_fp_trap_1
    libshutdown.o(.ARM.Collect$$libshutdown$$00000000) refers (Special) to libshutdown2.o(.ARM.Collect$$libshutdown$$0000000F) for __rt_lib_shutdown_heap_1
    libshutdown.o(.ARM.Collect$$libshutdown$$00000000) refers (Special) to libshutdown2.o(.ARM.Collect$$libshutdown$$00000010) for __rt_lib_shutdown_return
    libshutdown.o(.ARM.Collect$$libshutdown$$00000000) refers (Special) to libshutdown2.o(.ARM.Collect$$libshutdown$$0000000A) for __rt_lib_shutdown_signal_1
    libshutdown.o(.ARM.Collect$$libshutdown$$00000000) refers (Special) to libshutdown2.o(.ARM.Collect$$libshutdown$$00000004) for __rt_lib_shutdown_stdio_1
    libshutdown.o(.ARM.Collect$$libshutdown$$00000000) refers (Special) to libshutdown2.o(.ARM.Collect$$libshutdown$$0000000C) for __rt_lib_shutdown_user_alloc_1


==============================================================================

Removing Unused input sections from the image.

    Removing core_cm3.o(.emb_text), (32 bytes).
    Removing system_stm32f10x.o(i.SystemCoreClockUpdate), (164 bytes).
    Removing system_stm32f10x.o(.data), (20 bytes).
    Removing enc28j60.o(i.enc28_read_phy_reg), (64 bytes).
    Removing enc28j60.o(i.enc28_read_regs_two_parts), (28 bytes).
    Removing uart.o(i.uart_receive), (28 bytes).

6 unused section(s) (total 336 bytes) removed from the image.

==============================================================================

Image Symbol Table

    Local Symbols

    Symbol Name                              Value     Ov Type        Size  Object(Section)

    ../clib/angel/boardlib.s                 0x00000000   Number         0  boardinit2.o ABSOLUTE
    ../clib/angel/boardlib.s                 0x00000000   Number         0  boardinit3.o ABSOLUTE
    ../clib/angel/boardlib.s                 0x00000000   Number         0  boardshut.o ABSOLUTE
    ../clib/angel/boardlib.s                 0x00000000   Number         0  boardinit1.o ABSOLUTE
    ../clib/angel/handlers.s                 0x00000000   Number         0  __scatter_zi.o ABSOLUTE
    ../clib/angel/handlers.s                 0x00000000   Number         0  __scatter_copy.o ABSOLUTE
    ../clib/angel/kernel.s                   0x00000000   Number         0  __rtentry4.o ABSOLUTE
    ../clib/angel/kernel.s                   0x00000000   Number         0  rtexit.o ABSOLUTE
    ../clib/angel/kernel.s                   0x00000000   Number         0  rtexit2.o ABSOLUTE
    ../clib/angel/kernel.s                   0x00000000   Number         0  __rtentry2.o ABSOLUTE
    ../clib/angel/kernel.s                   0x00000000   Number         0  __rtentry.o ABSOLUTE
    ../clib/angel/rt.s                       0x00000000   Number         0  rt_errno_addr_intlibspace.o ABSOLUTE
    ../clib/angel/rt.s                       0x00000000   Number         0  rt_locale.o ABSOLUTE
    ../clib/angel/rt.s                       0x00000000   Number         0  rt_heap_descriptor_intlibspace.o ABSOLUTE
    ../clib/angel/rt.s                       0x00000000   Number         0  rt_locale_intlibspace.o ABSOLUTE
    ../clib/angel/rt.s                       0x00000000   Number         0  rt_ctype_table.o ABSOLUTE
    ../clib/angel/rt.s                       0x00000000   Number         0  rt_raise.o ABSOLUTE
    ../clib/angel/rt.s                       0x00000000   Number         0  rt_errno_addr.o ABSOLUTE
    ../clib/angel/rt.s                       0x00000000   Number         0  rt_heap_descriptor.o ABSOLUTE
    ../clib/angel/scatter.s                  0x00000000   Number         0  __scatter.o ABSOLUTE
    ../clib/angel/startup.s                  0x00000000   Number         0  __main.o ABSOLUTE
    ../clib/angel/sys.s                      0x00000000   Number         0  sys_stackheap_outer.o ABSOLUTE
    ../clib/angel/sys.s                      0x00000000   Number         0  indicate_semi.o ABSOLUTE
    ../clib/angel/sys.s                      0x00000000   Number         0  mutex_dummy.o ABSOLUTE
    ../clib/angel/sys.s                      0x00000000   Number         0  libspace.o ABSOLUTE
    ../clib/angel/sys.s                      0x00000000   Number         0  use_no_semi.o ABSOLUTE
    ../clib/angel/sysapp.c                   0x00000000   Number         0  sys_wrch.o ABSOLUTE
    ../clib/angel/sysapp.c                   0x00000000   Number         0  sys_exit.o ABSOLUTE
    ../clib/angel/sysapp.c                   0x00000000   Number         0  sys_command.o ABSOLUTE
    ../clib/armsys.c                         0x00000000   Number         0  argv_veneer.o ABSOLUTE
    ../clib/armsys.c                         0x00000000   Number         0  argv_veneer.o ABSOLUTE
    ../clib/armsys.c                         0x00000000   Number         0  no_argv.o ABSOLUTE
    ../clib/armsys.c                         0x00000000   Number         0  _get_argv_nomalloc.o ABSOLUTE
    ../clib/armsys.c                         0x00000000   Number         0  _get_argv.o ABSOLUTE
    ../clib/heap1.c                          0x00000000   Number         0  h1_init_mt.o ABSOLUTE
    ../clib/heap1.c                          0x00000000   Number         0  h1_extend_mt.o ABSOLUTE
    ../clib/heap1.c                          0x00000000   Number         0  h1_free_mt.o ABSOLUTE
    ../clib/heap1.c                          0x00000000   Number         0  h1_extend.o ABSOLUTE
    ../clib/heap1.c                          0x00000000   Number         0  h1_init.o ABSOLUTE
    ../clib/heap1.c                          0x00000000   Number         0  h1_free.o ABSOLUTE
    ../clib/heap1.c                          0x00000000   Number         0  h1_alloc_mt.o ABSOLUTE
    ../clib/heap1.c                          0x00000000   Number         0  h1_alloc.o ABSOLUTE
    ../clib/heap1.c                          0x00000000   Number         0  h1_final_mt.o ABSOLUTE
    ../clib/heap1.c                          0x00000000   Number         0  h1_final.o ABSOLUTE
    ../clib/heap2.c                          0x00000000   Number         0  heap2mt.o ABSOLUTE
    ../clib/heap2.c                          0x00000000   Number         0  heap2.o ABSOLUTE
    ../clib/heap2.c                          0x00000000   Number         0  fdtree.o ABSOLUTE
    ../clib/heapalloc.c                      0x00000000   Number         0  maybetermalloc2.o ABSOLUTE
    ../clib/heapalloc.c                      0x00000000   Number         0  maybetermalloc2.o ABSOLUTE
    ../clib/heapalloc.c                      0x00000000   Number         0  maybetermalloc1.o ABSOLUTE
    ../clib/heapalloc.c                      0x00000000   Number         0  maybetermalloc1.o ABSOLUTE
    ../clib/heapalloc.c                      0x00000000   Number         0  malloc.o ABSOLUTE
    ../clib/heapalloc.c                      0x00000000   Number         0  free.o ABSOLUTE
    ../clib/heapalloc.c                      0x00000000   Number         0  init_alloc.o ABSOLUTE
    ../clib/heapalloc.c                      0x00000000   Number         0  hrguard.o ABSOLUTE
    ../clib/heapalloc.c                      0x00000000   Number         0  term_alloc.o ABSOLUTE
    ../clib/heapalloc.c                      0x00000000   Number         0  hguard.o ABSOLUTE
    ../clib/heapalloc.c                      0x00000000   Number         0  heapstubs.o ABSOLUTE
    ../clib/heapaux.c                        0x00000000   Number         0  heapauxi.o ABSOLUTE
    ../clib/heapaux.c                        0x00000000   Number         0  heapauxa.o ABSOLUTE
    ../clib/libinit.s                        0x00000000   Number         0  libinit.o ABSOLUTE
    ../clib/libinit.s                        0x00000000   Number         0  libshutdown.o ABSOLUTE
    ../clib/libinit.s                        0x00000000   Number         0  libshutdown2.o ABSOLUTE
    ../clib/libinit.s                        0x00000000   Number         0  libinit2.o ABSOLUTE
    ../clib/locale.s                         0x00000000   Number         0  lc_ctype_c.o ABSOLUTE
    ../clib/memcpset.s                       0x00000000   Number         0  rt_memcpy_v6.o ABSOLUTE
    ../clib/memcpset.s                       0x00000000   Number         0  rt_memclr_w.o ABSOLUTE
    ../clib/memcpset.s                       0x00000000   Number         0  strncpy.o ABSOLUTE
    ../clib/memcpset.s                       0x00000000   Number         0  rt_memcpy_w.o ABSOLUTE
    ../clib/memcpset.s                       0x00000000   Number         0  strcmpv7m.o ABSOLUTE
    ../clib/memcpset.s                       0x00000000   Number         0  rt_memclr.o ABSOLUTE
    ../clib/misc.s                           0x00000000   Number         0  printf_stubs.o ABSOLUTE
    ../clib/printf.c                         0x00000000   Number         0  _printf_hex_int_ptr.o ABSOLUTE
    ../clib/printf.c                         0x00000000   Number         0  _printf_hex_ll_ptr.o ABSOLUTE
    ../clib/printf.c                         0x00000000   Number         0  __printf_flags.o ABSOLUTE
    ../clib/printf.c                         0x00000000   Number         0  _printf_hex_int_ll_ptr.o ABSOLUTE
    ../clib/printf.c                         0x00000000   Number         0  __printf_ss.o ABSOLUTE
    ../clib/printf.c                         0x00000000   Number         0  __printf_flags_ss.o ABSOLUTE
    ../clib/printf.c                         0x00000000   Number         0  __printf_wp.o ABSOLUTE
    ../clib/printf.c                         0x00000000   Number         0  __printf_flags_wp.o ABSOLUTE
    ../clib/printf.c                         0x00000000   Number         0  __printf_nopercent.o ABSOLUTE
    ../clib/printf.c                         0x00000000   Number         0  __printf_ss_wp.o ABSOLUTE
    ../clib/printf.c                         0x00000000   Number         0  __printf_flags_ss_wp.o ABSOLUTE
    ../clib/printf.c                         0x00000000   Number         0  _sputc.o ABSOLUTE
    ../clib/printf.c                         0x00000000   Number         0  _printf_char_common.o ABSOLUTE
    ../clib/printf.c                         0x00000000   Number         0  _printf_intcommon.o ABSOLUTE
    ../clib/printf.c                         0x00000000   Number         0  __2sprintf.o ABSOLUTE
    ../clib/printf.c                         0x00000000   Number         0  noretval__2sprintf.o ABSOLUTE
    ../clib/printf.c                         0x00000000   Number         0  __printf.o ABSOLUTE
    ../clib/printf.c                         0x00000000   Number         0  _printf_pad.o ABSOLUTE
    ../clib/printf.c                         0x00000000   Number         0  _printf_dec.o ABSOLUTE
    ../clib/printf.c                         0x00000000   Number         0  _printf_hex_ll.o ABSOLUTE
    ../clib/printf.c                         0x00000000   Number         0  _printf_hex_int.o ABSOLUTE
    ../clib/printf.c                         0x00000000   Number         0  _printf_hex_int_ll.o ABSOLUTE
    ../clib/printf.c                         0x00000000   Number         0  _printf_hex_ptr.o ABSOLUTE
    ../clib/printf_percent.s                 0x00000000   Number         0  _printf_percent.o ABSOLUTE
    ../clib/printf_percent.s                 0x00000000   Number         0  _printf_u.o ABSOLUTE
    ../clib/printf_percent.s                 0x00000000   Number         0  _printf_d.o ABSOLUTE
    ../clib/printf_percent.s                 0x00000000   Number         0  _printf_x.o ABSOLUTE
    ../clib/printf_percent.s                 0x00000000   Number         0  _printf_percent_end.o ABSOLUTE
    ../clib/scanf.c                          0x00000000   Number         0  atoi.o ABSOLUTE
    ../clib/scanf.c                          0x00000000   Number         0  _strtoul.o ABSOLUTE
    ../clib/scanf.c                          0x00000000   Number         0  _chval.o ABSOLUTE
    ../clib/scanf.c                          0x00000000   Number         0  strtol.o ABSOLUTE
    ../clib/signal.c                         0x00000000   Number         0  defsig_rtmem_inner.o ABSOLUTE
    ../clib/signal.c                         0x00000000   Number         0  defsig_rtmem_formal.o ABSOLUTE
    ../clib/signal.c                         0x00000000   Number         0  defsig_rtmem_outer.o ABSOLUTE
    ../clib/signal.c                         0x00000000   Number         0  defsig_fpe_inner.o ABSOLUTE
    ../clib/signal.c                         0x00000000   Number         0  __raise.o ABSOLUTE
    ../clib/signal.c                         0x00000000   Number         0  defsig_general.o ABSOLUTE
    ../clib/signal.c                         0x00000000   Number         0  defsig_abrt_inner.o ABSOLUTE
    ../clib/signal.c                         0x00000000   Number         0  defsig_segv_inner.o ABSOLUTE
    ../clib/signal.c                         0x00000000   Number         0  defsig_rtred_inner.o ABSOLUTE
    ../clib/signal.c                         0x00000000   Number         0  defsig_stak_inner.o ABSOLUTE
    ../clib/signal.c                         0x00000000   Number         0  defsig_pvfn_inner.o ABSOLUTE
    ../clib/signal.c                         0x00000000   Number         0  defsig_cppl_inner.o ABSOLUTE
    ../clib/signal.c                         0x00000000   Number         0  defsig_other.o ABSOLUTE
    ../clib/signal.c                         0x00000000   Number         0  defsig_exit.o ABSOLUTE
    ../clib/signal.s                         0x00000000   Number         0  defsig.o ABSOLUTE
    ../clib/stdlib.c                         0x00000000   Number         0  exit.o ABSOLUTE
    ../clib/string.c                         0x00000000   Number         0  strlen.o ABSOLUTE
    ../clib/string.c                         0x00000000   Number         0  strncmp.o ABSOLUTE
    ../clib/string.c                         0x00000000   Number         0  strchr.o ABSOLUTE
    ../clib/string.c                         0x00000000   Number         0  memcmp.o ABSOLUTE
    ../fplib/fpinit.s                        0x00000000   Number         0  fpinit.o ABSOLUTE
    CMSIS\Sources\core_cm3.c                 0x00000000   Number         0  core_cm3.o ABSOLUTE
    CMSIS\Sources\system_stm32f10x.c         0x00000000   Number         0  system_stm32f10x.o ABSOLUTE
    CMSIS\\Sources\\core_cm3.c               0x00000000   Number         0  core_cm3.o ABSOLUTE
    Startup\startup_stm32f10x_md.s           0x00000000   Number         0  startup_stm32f10x_md.o ABSOLUTE
    User\Sources\enc28j60.c                  0x00000000   Number         0  enc28j60.o ABSOLUTE
    User\Sources\gpio.c                      0x00000000   Number         0  gpio.o ABSOLUTE
    User\Sources\main.c                      0x00000000   Number         0  main.o ABSOLUTE
    User\Sources\net.c                       0x00000000   Number         0  net.o ABSOLUTE
    User\Sources\spi.c                       0x00000000   Number         0  spi.o ABSOLUTE
    User\Sources\stm32_it.c                  0x00000000   Number         0  stm32_it.o ABSOLUTE
    User\Sources\tims.c                      0x00000000   Number         0  tims.o ABSOLUTE
    User\Sources\uart.c                      0x00000000   Number         0  uart.o ABSOLUTE
    dc.s                                     0x00000000   Number         0  dc.o ABSOLUTE
    RESET                                    0x08000000   Section      236  startup_stm32f10x_md.o(RESET)
    !!!main                                  0x080000ec   Section        8  __main.o(!!!main)
    !!!scatter                               0x080000f4   Section       52  __scatter.o(!!!scatter)
    !!handler_copy                           0x08000128   Section       26  __scatter_copy.o(!!handler_copy)
    !!handler_zi                             0x08000144   Section       28  __scatter_zi.o(!!handler_zi)
    .ARM.Collect$$_printf_percent$$00000000  0x08000160   Section        0  _printf_percent.o(.ARM.Collect$$_printf_percent$$00000000)
    .ARM.Collect$$_printf_percent$$00000009  0x08000160   Section        6  _printf_d.o(.ARM.Collect$$_printf_percent$$00000009)
    .ARM.Collect$$_printf_percent$$0000000A  0x08000166   Section        6  _printf_u.o(.ARM.Collect$$_printf_percent$$0000000A)
    .ARM.Collect$$_printf_percent$$0000000C  0x0800016c   Section        6  _printf_x.o(.ARM.Collect$$_printf_percent$$0000000C)
    .ARM.Collect$$_printf_percent$$00000017  0x08000172   Section        4  _printf_percent_end.o(.ARM.Collect$$_printf_percent$$00000017)
    .ARM.Collect$$libinit$$00000000          0x08000176   Section        2  libinit.o(.ARM.Collect$$libinit$$00000000)
    .ARM.Collect$$libinit$$00000002          0x08000178   Section        0  libinit2.o(.ARM.Collect$$libinit$$00000002)
    .ARM.Collect$$libinit$$00000004          0x08000178   Section        0  libinit2.o(.ARM.Collect$$libinit$$00000004)
    .ARM.Collect$$libinit$$00000005          0x08000178   Section        8  libinit2.o(.ARM.Collect$$libinit$$00000005)
    .ARM.Collect$$libinit$$0000000A          0x08000180   Section        0  libinit2.o(.ARM.Collect$$libinit$$0000000A)
    .ARM.Collect$$libinit$$0000000C          0x08000180   Section        0  libinit2.o(.ARM.Collect$$libinit$$0000000C)
    .ARM.Collect$$libinit$$0000000E          0x08000180   Section        0  libinit2.o(.ARM.Collect$$libinit$$0000000E)
    .ARM.Collect$$libinit$$0000000F          0x08000180   Section        6  libinit2.o(.ARM.Collect$$libinit$$0000000F)
    .ARM.Collect$$libinit$$00000011          0x08000186   Section        0  libinit2.o(.ARM.Collect$$libinit$$00000011)
    .ARM.Collect$$libinit$$00000012          0x08000186   Section       12  libinit2.o(.ARM.Collect$$libinit$$00000012)
    .ARM.Collect$$libinit$$00000013          0x08000192   Section        0  libinit2.o(.ARM.Collect$$libinit$$00000013)
    .ARM.Collect$$libinit$$00000015          0x08000192   Section        0  libinit2.o(.ARM.Collect$$libinit$$00000015)
    .ARM.Collect$$libinit$$00000017          0x08000192   Section        0  libinit2.o(.ARM.Collect$$libinit$$00000017)
    .ARM.Collect$$libinit$$00000019          0x08000192   Section        0  libinit2.o(.ARM.Collect$$libinit$$00000019)
    .ARM.Collect$$libinit$$0000001B          0x08000192   Section        0  libinit2.o(.ARM.Collect$$libinit$$0000001B)
    .ARM.Collect$$libinit$$0000001D          0x08000192   Section        0  libinit2.o(.ARM.Collect$$libinit$$0000001D)
    .ARM.Collect$$libinit$$0000001F          0x08000192   Section        0  libinit2.o(.ARM.Collect$$libinit$$0000001F)
    .ARM.Collect$$libinit$$00000021          0x08000192   Section        0  libinit2.o(.ARM.Collect$$libinit$$00000021)
    .ARM.Collect$$libinit$$00000023          0x08000192   Section        0  libinit2.o(.ARM.Collect$$libinit$$00000023)
    .ARM.Collect$$libinit$$00000025          0x08000192   Section        0  libinit2.o(.ARM.Collect$$libinit$$00000025)
    .ARM.Collect$$libinit$$0000002C          0x08000192   Section        0  libinit2.o(.ARM.Collect$$libinit$$0000002C)
    .ARM.Collect$$libinit$$0000002E          0x08000192   Section        0  libinit2.o(.ARM.Collect$$libinit$$0000002E)
    .ARM.Collect$$libinit$$00000030          0x08000192   Section        0  libinit2.o(.ARM.Collect$$libinit$$00000030)
    .ARM.Collect$$libinit$$00000032          0x08000192   Section        0  libinit2.o(.ARM.Collect$$libinit$$00000032)
    .ARM.Collect$$libinit$$00000033          0x08000192   Section        2  libinit2.o(.ARM.Collect$$libinit$$00000033)
    .ARM.Collect$$libshutdown$$00000000      0x08000194   Section        2  libshutdown.o(.ARM.Collect$$libshutdown$$00000000)
    .ARM.Collect$$libshutdown$$00000002      0x08000196   Section        0  libshutdown2.o(.ARM.Collect$$libshutdown$$00000002)
    .ARM.Collect$$libshutdown$$00000004      0x08000196   Section        0  libshutdown2.o(.ARM.Collect$$libshutdown$$00000004)
    .ARM.Collect$$libshutdown$$00000007      0x08000196   Section        0  libshutdown2.o(.ARM.Collect$$libshutdown$$00000007)
    .ARM.Collect$$libshutdown$$0000000A      0x08000196   Section        0  libshutdown2.o(.ARM.Collect$$libshutdown$$0000000A)
    .ARM.Collect$$libshutdown$$0000000C      0x08000196   Section        0  libshutdown2.o(.ARM.Collect$$libshutdown$$0000000C)
    .ARM.Collect$$libshutdown$$0000000F      0x08000196   Section        0  libshutdown2.o(.ARM.Collect$$libshutdown$$0000000F)
    .ARM.Collect$$libshutdown$$00000010      0x08000196   Section        2  libshutdown2.o(.ARM.Collect$$libshutdown$$00000010)
    .ARM.Collect$$rtentry$$00000000          0x08000198   Section        0  __rtentry.o(.ARM.Collect$$rtentry$$00000000)
    .ARM.Collect$$rtentry$$00000002          0x08000198   Section        0  __rtentry2.o(.ARM.Collect$$rtentry$$00000002)
    .ARM.Collect$$rtentry$$00000004          0x08000198   Section        6  __rtentry4.o(.ARM.Collect$$rtentry$$00000004)
    .ARM.Collect$$rtentry$$00000009          0x0800019e   Section        0  __rtentry2.o(.ARM.Collect$$rtentry$$00000009)
    .ARM.Collect$$rtentry$$0000000A          0x0800019e   Section        4  __rtentry2.o(.ARM.Collect$$rtentry$$0000000A)
    .ARM.Collect$$rtentry$$0000000C          0x080001a2   Section        0  __rtentry2.o(.ARM.Collect$$rtentry$$0000000C)
    .ARM.Collect$$rtentry$$0000000D          0x080001a2   Section        8  __rtentry2.o(.ARM.Collect$$rtentry$$0000000D)
    .ARM.Collect$$rtexit$$00000000           0x080001aa   Section        2  rtexit.o(.ARM.Collect$$rtexit$$00000000)
    .ARM.Collect$$rtexit$$00000002           0x080001ac   Section        0  rtexit2.o(.ARM.Collect$$rtexit$$00000002)
    .ARM.Collect$$rtexit$$00000003           0x080001ac   Section        4  rtexit2.o(.ARM.Collect$$rtexit$$00000003)
    .ARM.Collect$$rtexit$$00000004           0x080001b0   Section        6  rtexit2.o(.ARM.Collect$$rtexit$$00000004)
    .emb_text                                0x080001b8   Section        0  maybetermalloc1.o(.emb_text)
    .text                                    0x080001b8   Section       64  startup_stm32f10x_md.o(.text)
    .text                                    0x080001f8   Section        0  h1_alloc.o(.text)
    .text                                    0x08000256   Section        0  h1_free.o(.text)
    .text                                    0x080002a4   Section        0  noretval__2sprintf.o(.text)
    .text                                    0x080002cc   Section        0  _printf_pad.o(.text)
    .text                                    0x0800031c   Section        0  _printf_dec.o(.text)
    .text                                    0x08000394   Section        0  _printf_hex_int.o(.text)
    .text                                    0x080003ec   Section        0  __printf_flags_wp.o(.text)
    .text                                    0x08000524   Section        0  atoi.o(.text)
    .text                                    0x0800053e   Section        0  strchr.o(.text)
    .text                                    0x08000552   Section        0  memcmp.o(.text)
    .text                                    0x080005aa   Section        0  strlen.o(.text)
    .text                                    0x080005e8   Section        0  strncmp.o(.text)
    .text                                    0x0800067e   Section      138  rt_memcpy_v6.o(.text)
    .text                                    0x08000708   Section      100  rt_memcpy_w.o(.text)
    .text                                    0x0800076c   Section       86  strncpy.o(.text)
    .text                                    0x080007c2   Section        0  heapauxi.o(.text)
    .text                                    0x080007c8   Section        8  rt_heap_descriptor_intlibspace.o(.text)
    .text                                    0x080007d0   Section        8  rt_errno_addr_intlibspace.o(.text)
    .text                                    0x080007d8   Section        0  hguard.o(.text)
    .text                                    0x080007dc   Section        0  init_alloc.o(.text)
    .text                                    0x08000866   Section        0  h1_init.o(.text)
    .text                                    0x08000874   Section        0  _printf_intcommon.o(.text)
    .text                                    0x08000928   Section        0  _printf_char_common.o(.text)
    _printf_input_char                       0x08000929   Thumb Code    10  _printf_char_common.o(.text)
    .text                                    0x08000958   Section        0  _sputc.o(.text)
    .text                                    0x08000962   Section        0  strtol.o(.text)
    .text                                    0x080009d2   Section       68  rt_memclr.o(.text)
    .text                                    0x08000a18   Section        8  libspace.o(.text)
    .text                                    0x08000a20   Section       16  rt_ctype_table.o(.text)
    .text                                    0x08000a30   Section        0  h1_extend.o(.text)
    .text                                    0x08000a64   Section        0  _strtoul.o(.text)
    .text                                    0x08000b02   Section        0  defsig_rtmem_outer.o(.text)
    .text                                    0x08000b10   Section       78  rt_memclr_w.o(.text)
    .text                                    0x08000b5e   Section        2  use_no_semi.o(.text)
    .text                                    0x08000b60   Section       74  sys_stackheap_outer.o(.text)
    .text                                    0x08000b60   Section        0  indicate_semi.o(.text)
    .text                                    0x08000bac   Section        8  rt_locale_intlibspace.o(.text)
    .text                                    0x08000bb4   Section        0  _chval.o(.text)
    .text                                    0x08000bd0   Section        0  exit.o(.text)
    .text                                    0x08000be2   Section        0  defsig_exit.o(.text)
    .text                                    0x08000bec   Section        0  defsig_rtmem_inner.o(.text)
    .text                                    0x08000c3c   Section        0  sys_exit.o(.text)
    .text                                    0x08000c48   Section        0  defsig_general.o(.text)
    .text                                    0x08000c7c   Section      128  strcmpv7m.o(.text)
    .text                                    0x08000cfc   Section        0  sys_wrch.o(.text)
    i.EXTI0_IRQHandler                       0x08000d0c   Section        0  stm32_it.o(i.EXTI0_IRQHandler)
    i.SetSysClock                            0x08000f44   Section        0  system_stm32f10x.o(i.SetSysClock)
    SetSysClock                              0x08000f45   Thumb Code     8  system_stm32f10x.o(i.SetSysClock)
    i.SetSysClockToHSE                       0x08000f4c   Section        0  system_stm32f10x.o(i.SetSysClockToHSE)
    SetSysClockToHSE                         0x08000f4d   Thumb Code   210  system_stm32f10x.o(i.SetSysClockToHSE)
    i.SystemInit                             0x08001028   Section        0  system_stm32f10x.o(i.SystemInit)
    i.TIM2_IRQHandler                        0x08001088   Section        0  tims.o(i.TIM2_IRQHandler)
    i.USART1_IRQHandler                      0x080010a8   Section        0  stm32_it.o(i.USART1_IRQHandler)
    i._is_digit                              0x08001208   Section        0  __printf_wp.o(i._is_digit)
    i.arp_read                               0x08001218   Section        0  net.o(i.arp_read)
    i.arp_reply                              0x08001400   Section        0  net.o(i.arp_reply)
    i.arp_request                            0x08001444   Section        0  net.o(i.arp_request)
    i.delay_us                               0x080014b8   Section        0  tims.o(i.delay_us)
    i.dlt_arp_table_record                   0x08001524   Section        0  net.o(i.dlt_arp_table_record)
    i.enc28_init                             0x08001554   Section        0  enc28j60.o(i.enc28_init)
    i.enc28_packet_receive                   0x08001674   Section        0  enc28j60.o(i.enc28_packet_receive)
    i.enc28_packet_transmit                  0x08001714   Section        0  enc28j60.o(i.enc28_packet_transmit)
    i.enc28_read_op                          0x08001772   Section        0  enc28j60.o(i.enc28_read_op)
    i.enc28_read_reg                         0x080017a0   Section        0  enc28j60.o(i.enc28_read_reg)
    i.enc28_receive_buff                     0x080017b8   Section        0  enc28j60.o(i.enc28_receive_buff)
    i.enc28_set_bank                         0x080017e4   Section        0  enc28j60.o(i.enc28_set_bank)
    i.enc28_transmit_buff                    0x0800181c   Section        0  enc28j60.o(i.enc28_transmit_buff)
    i.enc28_write_op                         0x08001846   Section        0  enc28j60.o(i.enc28_write_op)
    i.enc28_write_phy_reg                    0x0800186a   Section        0  enc28j60.o(i.enc28_write_phy_reg)
    i.enc28_write_reg                        0x08001892   Section        0  enc28j60.o(i.enc28_write_reg)
    i.enc28_write_regs_two_parts             0x080018aa   Section        0  enc28j60.o(i.enc28_write_regs_two_parts)
    i.eth_reply                              0x080018c4   Section        0  net.o(i.eth_reply)
    i.eth_request                            0x080018e8   Section        0  net.o(i.eth_request)
    i.exti_gpio_init                         0x0800191c   Section        0  gpio.o(i.exti_gpio_init)
    i.fill_arp_table                         0x080019c8   Section        0  net.o(i.fill_arp_table)
    i.find_arp_table_data                    0x08001a74   Section        0  net.o(i.find_arp_table_data)
    i.gpio_uart_init                         0x08001aa8   Section        0  uart.o(i.gpio_uart_init)
    gpio_uart_init                           0x08001aa9   Thumb Code    36  uart.o(i.gpio_uart_init)
    i.icmp_read                              0x08001ad4   Section        0  net.o(i.icmp_read)
    i.icmp_reply                             0x08001bb8   Section        0  net.o(i.icmp_reply)
    i.ip_ch_sum_calc                         0x08001c02   Section        0  net.o(i.ip_ch_sum_calc)
    i.ip_read                                0x08001c70   Section        0  net.o(i.ip_read)
    i.ip_reply                               0x08001e20   Section        0  net.o(i.ip_reply)
    i.ip_request                             0x08001e94   Section        0  net.o(i.ip_request)
    i.ip_str2num                             0x08001f2c   Section        0  net.o(i.ip_str2num)
    i.main                                   0x08001fac   Section        0  main.o(i.main)
    i.net_init                               0x08001fd0   Section        0  net.o(i.net_init)
    i.nss_desel                              0x0800201c   Section        0  spi.o(i.nss_desel)
    i.nss_sel                                0x08002030   Section        0  spi.o(i.nss_sel)
    i.port_str2num                           0x08002044   Section        0  net.o(i.port_str2num)
    i.show_arp_table                         0x08002060   Section        0  net.o(i.show_arp_table)
    i.spi_gpio_init                          0x0800211c   Section        0  spi.o(i.spi_gpio_init)
    spi_gpio_init                            0x0800211d   Thumb Code    52  spi.o(i.spi_gpio_init)
    i.spi_master_init                        0x0800215c   Section        0  spi.o(i.spi_master_init)
    i.spi_receive_byte                       0x080021d0   Section        0  enc28j60.o(i.spi_receive_byte)
    i.spi_send_byte                          0x080021de   Section        0  enc28j60.o(i.spi_send_byte)
    i.spi_transmit_receive                   0x080021ec   Section        0  enc28j60.o(i.spi_transmit_receive)
    i.spi_write_read                         0x08002254   Section        0  enc28j60.o(i.spi_write_read)
    i.tcp_header_prepare                     0x08002268   Section        0  net.o(i.tcp_header_prepare)
    i.tcp_http_data_end                      0x0800231c   Section        0  net.o(i.tcp_http_data_end)
    i.tcp_http_data_send_one                 0x08002444   Section        0  net.o(i.tcp_http_data_send_one)
    i.tcp_read                               0x08002650   Section        0  net.o(i.tcp_read)
    i.tcp_reply                              0x080027e4   Section        0  net.o(i.tcp_reply)
    i.tim2_init                              0x08002c28   Section        0  tims.o(i.tim2_init)
    i.tim2_start                             0x08002c9c   Section        0  tims.o(i.tim2_start)
    i.tim3_init                              0x08002cb0   Section        0  tims.o(i.tim3_init)
    i.tim3_start                             0x08002cdc   Section        0  tims.o(i.tim3_start)
    i.tim3_stop                              0x08002cf0   Section        0  tims.o(i.tim3_stop)
    i.uart_init                              0x08002d04   Section        0  uart.o(i.uart_init)
    i.uart_transmit                          0x08002dac   Section        0  uart.o(i.uart_transmit)
    i.udp_read                               0x08002df8   Section        0  net.o(i.udp_read)
    i.udp_reply                              0x08002f90   Section        0  net.o(i.udp_reply)
    i.udp_request                            0x0800309c   Section        0  net.o(i.udp_request)
    locale$$code                             0x0800315c   Section       44  lc_ctype_c.o(locale$$code)
    .constdata                               0x08003188   Section      244  net.o(.constdata)
    .constdata                               0x0800327c   Section       40  _printf_hex_int.o(.constdata)
    uc_hextab                                0x0800327c   Data          20  _printf_hex_int.o(.constdata)
    lc_hextab                                0x08003290   Data          20  _printf_hex_int.o(.constdata)
    .constdata                               0x080032a4   Section       17  __printf_flags_wp.o(.constdata)
    maptable                                 0x080032a4   Data          17  __printf_flags_wp.o(.constdata)
    .conststring                             0x080032b8   Section      176  stm32_it.o(.conststring)
    .conststring                             0x08003368   Section       89  net.o(.conststring)
    locale$$data                             0x080033e4   Section      272  lc_ctype_c.o(locale$$data)
    __lcctype_c_name                         0x080033e8   Data           2  lc_ctype_c.o(locale$$data)
    __lcctype_c_start                        0x080033f0   Data           0  lc_ctype_c.o(locale$$data)
    __lcctype_c_end                          0x080034f4   Data           0  lc_ctype_c.o(locale$$data)
    .data                                    0x20000000   Section       29  enc28j60.o(.data)
    .data                                    0x2000001e   Section        4  net.o(.data)
    tcp_data_rec                             0x20000021   Data           1  net.o(.data)
    .data                                    0x20000024   Section        4  tims.o(.data)
    .bss                                     0x20000028   Section       24  enc28j60.o(.bss)
    .bss                                     0x20000040   Section      188  net.o(.bss)
    .bss                                     0x200000fc   Section       96  libspace.o(.bss)
    HEAP                                     0x20000160   Section      512  startup_stm32f10x_md.o(HEAP)
    Heap_Mem                                 0x20000160   Data         512  startup_stm32f10x_md.o(HEAP)
    STACK                                    0x20000360   Section     1024  startup_stm32f10x_md.o(STACK)
    Stack_Mem                                0x20000360   Data        1024  startup_stm32f10x_md.o(STACK)
    __initial_sp                             0x20000760   Data           0  startup_stm32f10x_md.o(STACK)

    Global Symbols

    Symbol Name                              Value     Ov Type        Size  Object(Section)

    BuildAttributes$$THM_ISAv4$P$D$K$B$S$PE$A:L22UL41UL21$X:L11$S22US41US21$IEEE1$IW$USESV6$~STKCKD$USESV7$~SHL$OTIME$ROPI$EBA8$UX$STANDARDLIB$REQ8$PRES8$EABIv2 0x00000000   Number         0  anon$$obj.o ABSOLUTE
    __ARM_use_no_argv                        0x00000000   Number         0  main.o ABSOLUTE
    _printf_flags                            0x00000000   Number         0  printf_stubs.o ABSOLUTE
    _printf_return_value                     0x00000000   Number         0  printf_stubs.o ABSOLUTE
    _printf_sizespec                         0x00000000   Number         0  printf_stubs.o ABSOLUTE
    _printf_widthprec                        0x00000000   Number         0  printf_stubs.o ABSOLUTE
    __ARM_exceptions_init                     - Undefined Weak Reference
    __alloca_initialize                       - Undefined Weak Reference
    __arm_preinit_                            - Undefined Weak Reference
    __cpp_initialize__aeabi_                  - Undefined Weak Reference
    __cxa_finalize                            - Undefined Weak Reference
    __sigvec_lookup                           - Undefined Weak Reference
    __user_heap_extent                        - Undefined Weak Reference
    _atexit_init                              - Undefined Weak Reference
    _call_atexit_fns                          - Undefined Weak Reference
    _clock_init                               - Undefined Weak Reference
    _fp_trap_init                             - Undefined Weak Reference
    _fp_trap_shutdown                         - Undefined Weak Reference
    _get_lc_collate                           - Undefined Weak Reference
    _get_lc_monetary                          - Undefined Weak Reference
    _get_lc_numeric                           - Undefined Weak Reference
    _get_lc_time                              - Undefined Weak Reference
    _getenv_init                              - Undefined Weak Reference
    _handle_redirection                       - Undefined Weak Reference
    _initio                                   - Undefined Weak Reference
    _mutex_acquire                            - Undefined Weak Reference
    _mutex_free                               - Undefined Weak Reference
    _mutex_release                            - Undefined Weak Reference
    _printf_truncate_signed                   - Undefined Weak Reference
    _printf_truncate_unsigned                 - Undefined Weak Reference
    _rand_init                                - Undefined Weak Reference
    _signal_finish                            - Undefined Weak Reference
    _signal_init                              - Undefined Weak Reference
    _terminateio                              - Undefined Weak Reference
    __Vectors_Size                           0x000000ec   Number         0  startup_stm32f10x_md.o ABSOLUTE
    __Vectors                                0x08000000   Data           4  startup_stm32f10x_md.o(RESET)
    __Vectors_End                            0x080000ec   Data           0  startup_stm32f10x_md.o(RESET)
    __main                                   0x080000ed   Thumb Code     8  __main.o(!!!main)
    __scatterload                            0x080000f5   Thumb Code     0  __scatter.o(!!!scatter)
    __scatterload_rt2                        0x080000f5   Thumb Code    44  __scatter.o(!!!scatter)
    __scatterload_rt2_thumb_only             0x080000f5   Thumb Code     0  __scatter.o(!!!scatter)
    __scatterload_null                       0x08000103   Thumb Code     0  __scatter.o(!!!scatter)
    __scatterload_copy                       0x08000129   Thumb Code    26  __scatter_copy.o(!!handler_copy)
    __scatterload_zeroinit                   0x08000145   Thumb Code    28  __scatter_zi.o(!!handler_zi)
    _printf_d                                0x08000161   Thumb Code     0  _printf_d.o(.ARM.Collect$$_printf_percent$$00000009)
    _printf_percent                          0x08000161   Thumb Code     0  _printf_percent.o(.ARM.Collect$$_printf_percent$$00000000)
    _printf_u                                0x08000167   Thumb Code     0  _printf_u.o(.ARM.Collect$$_printf_percent$$0000000A)
    _printf_x                                0x0800016d   Thumb Code     0  _printf_x.o(.ARM.Collect$$_printf_percent$$0000000C)
    _printf_percent_end                      0x08000173   Thumb Code     0  _printf_percent_end.o(.ARM.Collect$$_printf_percent$$00000017)
    __rt_lib_init                            0x08000177   Thumb Code     0  libinit.o(.ARM.Collect$$libinit$$00000000)
    __rt_lib_init_fp_1                       0x08000179   Thumb Code     0  libinit2.o(.ARM.Collect$$libinit$$00000002)
    __rt_lib_init_heap_2                     0x08000179   Thumb Code     0  libinit2.o(.ARM.Collect$$libinit$$00000005)
    __rt_lib_init_preinit_1                  0x08000179   Thumb Code     0  libinit2.o(.ARM.Collect$$libinit$$00000004)
    __rt_lib_init_heap_1                     0x08000181   Thumb Code     0  libinit2.o(.ARM.Collect$$libinit$$0000000A)
    __rt_lib_init_lc_common                  0x08000181   Thumb Code     0  libinit2.o(.ARM.Collect$$libinit$$0000000F)
    __rt_lib_init_rand_1                     0x08000181   Thumb Code     0  libinit2.o(.ARM.Collect$$libinit$$0000000E)
    __rt_lib_init_user_alloc_1               0x08000181   Thumb Code     0  libinit2.o(.ARM.Collect$$libinit$$0000000C)
    __rt_lib_init_lc_collate_1               0x08000187   Thumb Code     0  libinit2.o(.ARM.Collect$$libinit$$00000011)
    __rt_lib_init_lc_ctype_2                 0x08000187   Thumb Code     0  libinit2.o(.ARM.Collect$$libinit$$00000012)
    __rt_lib_init_alloca_1                   0x08000193   Thumb Code     0  libinit2.o(.ARM.Collect$$libinit$$0000002E)
    __rt_lib_init_argv_1                     0x08000193   Thumb Code     0  libinit2.o(.ARM.Collect$$libinit$$0000002C)
    __rt_lib_init_atexit_1                   0x08000193   Thumb Code     0  libinit2.o(.ARM.Collect$$libinit$$0000001B)
    __rt_lib_init_clock_1                    0x08000193   Thumb Code     0  libinit2.o(.ARM.Collect$$libinit$$00000021)
    __rt_lib_init_cpp_1                      0x08000193   Thumb Code     0  libinit2.o(.ARM.Collect$$libinit$$00000032)
    __rt_lib_init_exceptions_1               0x08000193   Thumb Code     0  libinit2.o(.ARM.Collect$$libinit$$00000030)
    __rt_lib_init_fp_trap_1                  0x08000193   Thumb Code     0  libinit2.o(.ARM.Collect$$libinit$$0000001F)
    __rt_lib_init_getenv_1                   0x08000193   Thumb Code     0  libinit2.o(.ARM.Collect$$libinit$$00000023)
    __rt_lib_init_lc_ctype_1                 0x08000193   Thumb Code     0  libinit2.o(.ARM.Collect$$libinit$$00000013)
    __rt_lib_init_lc_monetary_1              0x08000193   Thumb Code     0  libinit2.o(.ARM.Collect$$libinit$$00000015)
    __rt_lib_init_lc_numeric_1               0x08000193   Thumb Code     0  libinit2.o(.ARM.Collect$$libinit$$00000017)
    __rt_lib_init_lc_time_1                  0x08000193   Thumb Code     0  libinit2.o(.ARM.Collect$$libinit$$00000019)
    __rt_lib_init_return                     0x08000193   Thumb Code     0  libinit2.o(.ARM.Collect$$libinit$$00000033)
    __rt_lib_init_signal_1                   0x08000193   Thumb Code     0  libinit2.o(.ARM.Collect$$libinit$$0000001D)
    __rt_lib_init_stdio_1                    0x08000193   Thumb Code     0  libinit2.o(.ARM.Collect$$libinit$$00000025)
    __rt_lib_shutdown                        0x08000195   Thumb Code     0  libshutdown.o(.ARM.Collect$$libshutdown$$00000000)
    __rt_lib_shutdown_cpp_1                  0x08000197   Thumb Code     0  libshutdown2.o(.ARM.Collect$$libshutdown$$00000002)
    __rt_lib_shutdown_fp_trap_1              0x08000197   Thumb Code     0  libshutdown2.o(.ARM.Collect$$libshutdown$$00000007)
    __rt_lib_shutdown_heap_1                 0x08000197   Thumb Code     0  libshutdown2.o(.ARM.Collect$$libshutdown$$0000000F)
    __rt_lib_shutdown_return                 0x08000197   Thumb Code     0  libshutdown2.o(.ARM.Collect$$libshutdown$$00000010)
    __rt_lib_shutdown_signal_1               0x08000197   Thumb Code     0  libshutdown2.o(.ARM.Collect$$libshutdown$$0000000A)
    __rt_lib_shutdown_stdio_1                0x08000197   Thumb Code     0  libshutdown2.o(.ARM.Collect$$libshutdown$$00000004)
    __rt_lib_shutdown_user_alloc_1           0x08000197   Thumb Code     0  libshutdown2.o(.ARM.Collect$$libshutdown$$0000000C)
    __rt_entry                               0x08000199   Thumb Code     0  __rtentry.o(.ARM.Collect$$rtentry$$00000000)
    __rt_entry_presh_1                       0x08000199   Thumb Code     0  __rtentry2.o(.ARM.Collect$$rtentry$$00000002)
    __rt_entry_sh                            0x08000199   Thumb Code     0  __rtentry4.o(.ARM.Collect$$rtentry$$00000004)
    __rt_entry_li                            0x0800019f   Thumb Code     0  __rtentry2.o(.ARM.Collect$$rtentry$$0000000A)
    __rt_entry_postsh_1                      0x0800019f   Thumb Code     0  __rtentry2.o(.ARM.Collect$$rtentry$$00000009)
    __rt_entry_main                          0x080001a3   Thumb Code     0  __rtentry2.o(.ARM.Collect$$rtentry$$0000000D)
    __rt_entry_postli_1                      0x080001a3   Thumb Code     0  __rtentry2.o(.ARM.Collect$$rtentry$$0000000C)
    __rt_exit                                0x080001ab   Thumb Code     0  rtexit.o(.ARM.Collect$$rtexit$$00000000)
    __rt_exit_ls                             0x080001ad   Thumb Code     0  rtexit2.o(.ARM.Collect$$rtexit$$00000003)
    __rt_exit_prels_1                        0x080001ad   Thumb Code     0  rtexit2.o(.ARM.Collect$$rtexit$$00000002)
    __rt_exit_exit                           0x080001b1   Thumb Code     0  rtexit2.o(.ARM.Collect$$rtexit$$00000004)
    Reset_Handler                            0x080001b9   Thumb Code     8  startup_stm32f10x_md.o(.text)
    _maybe_terminate_alloc                   0x080001b9   Thumb Code     0  maybetermalloc1.o(.emb_text)
    NMI_Handler                              0x080001c1   Thumb Code     2  startup_stm32f10x_md.o(.text)
    HardFault_Handler                        0x080001c3   Thumb Code     2  startup_stm32f10x_md.o(.text)
    MemManage_Handler                        0x080001c5   Thumb Code     2  startup_stm32f10x_md.o(.text)
    BusFault_Handler                         0x080001c7   Thumb Code     2  startup_stm32f10x_md.o(.text)
    UsageFault_Handler                       0x080001c9   Thumb Code     2  startup_stm32f10x_md.o(.text)
    SVC_Handler                              0x080001cb   Thumb Code     2  startup_stm32f10x_md.o(.text)
    DebugMon_Handler                         0x080001cd   Thumb Code     2  startup_stm32f10x_md.o(.text)
    PendSV_Handler                           0x080001cf   Thumb Code     2  startup_stm32f10x_md.o(.text)
    SysTick_Handler                          0x080001d1   Thumb Code     2  startup_stm32f10x_md.o(.text)
    ADC1_2_IRQHandler                        0x080001d3   Thumb Code     0  startup_stm32f10x_md.o(.text)
    CAN1_RX1_IRQHandler                      0x080001d3   Thumb Code     0  startup_stm32f10x_md.o(.text)
    CAN1_SCE_IRQHandler                      0x080001d3   Thumb Code     0  startup_stm32f10x_md.o(.text)
    DMA1_Channel1_IRQHandler                 0x080001d3   Thumb Code     0  startup_stm32f10x_md.o(.text)
    DMA1_Channel2_IRQHandler                 0x080001d3   Thumb Code     0  startup_stm32f10x_md.o(.text)
    DMA1_Channel3_IRQHandler                 0x080001d3   Thumb Code     0  startup_stm32f10x_md.o(.text)
    DMA1_Channel4_IRQHandler                 0x080001d3   Thumb Code     0  startup_stm32f10x_md.o(.text)
    DMA1_Channel5_IRQHandler                 0x080001d3   Thumb Code     0  startup_stm32f10x_md.o(.text)
    DMA1_Channel6_IRQHandler                 0x080001d3   Thumb Code     0  startup_stm32f10x_md.o(.text)
    DMA1_Channel7_IRQHandler                 0x080001d3   Thumb Code     0  startup_stm32f10x_md.o(.text)
    EXTI15_10_IRQHandler                     0x080001d3   Thumb Code     0  startup_stm32f10x_md.o(.text)
    EXTI1_IRQHandler                         0x080001d3   Thumb Code     0  startup_stm32f10x_md.o(.text)
    EXTI2_IRQHandler                         0x080001d3   Thumb Code     0  startup_stm32f10x_md.o(.text)
    EXTI3_IRQHandler                         0x080001d3   Thumb Code     0  startup_stm32f10x_md.o(.text)
    EXTI4_IRQHandler                         0x080001d3   Thumb Code     0  startup_stm32f10x_md.o(.text)
    EXTI9_5_IRQHandler                       0x080001d3   Thumb Code     0  startup_stm32f10x_md.o(.text)
    FLASH_IRQHandler                         0x080001d3   Thumb Code     0  startup_stm32f10x_md.o(.text)
    I2C1_ER_IRQHandler                       0x080001d3   Thumb Code     0  startup_stm32f10x_md.o(.text)
    I2C1_EV_IRQHandler                       0x080001d3   Thumb Code     0  startup_stm32f10x_md.o(.text)
    I2C2_ER_IRQHandler                       0x080001d3   Thumb Code     0  startup_stm32f10x_md.o(.text)
    I2C2_EV_IRQHandler                       0x080001d3   Thumb Code     0  startup_stm32f10x_md.o(.text)
    PVD_IRQHandler                           0x080001d3   Thumb Code     0  startup_stm32f10x_md.o(.text)
    RCC_IRQHandler                           0x080001d3   Thumb Code     0  startup_stm32f10x_md.o(.text)
    RTCAlarm_IRQHandler                      0x080001d3   Thumb Code     0  startup_stm32f10x_md.o(.text)
    RTC_IRQHandler                           0x080001d3   Thumb Code     0  startup_stm32f10x_md.o(.text)
    SPI1_IRQHandler                          0x080001d3   Thumb Code     0  startup_stm32f10x_md.o(.text)
    SPI2_IRQHandler                          0x080001d3   Thumb Code     0  startup_stm32f10x_md.o(.text)
    TAMPER_IRQHandler                        0x080001d3   Thumb Code     0  startup_stm32f10x_md.o(.text)
    TIM1_BRK_IRQHandler                      0x080001d3   Thumb Code     0  startup_stm32f10x_md.o(.text)
    TIM1_CC_IRQHandler                       0x080001d3   Thumb Code     0  startup_stm32f10x_md.o(.text)
    TIM1_TRG_COM_IRQHandler                  0x080001d3   Thumb Code     0  startup_stm32f10x_md.o(.text)
    TIM1_UP_IRQHandler                       0x080001d3   Thumb Code     0  startup_stm32f10x_md.o(.text)
    TIM3_IRQHandler                          0x080001d3   Thumb Code     0  startup_stm32f10x_md.o(.text)
    TIM4_IRQHandler                          0x080001d3   Thumb Code     0  startup_stm32f10x_md.o(.text)
    USART2_IRQHandler                        0x080001d3   Thumb Code     0  startup_stm32f10x_md.o(.text)
    USART3_IRQHandler                        0x080001d3   Thumb Code     0  startup_stm32f10x_md.o(.text)
    USBWakeUp_IRQHandler                     0x080001d3   Thumb Code     0  startup_stm32f10x_md.o(.text)
    USB_HP_CAN1_TX_IRQHandler                0x080001d3   Thumb Code     0  startup_stm32f10x_md.o(.text)
    USB_LP_CAN1_RX0_IRQHandler               0x080001d3   Thumb Code     0  startup_stm32f10x_md.o(.text)
    WWDG_IRQHandler                          0x080001d3   Thumb Code     0  startup_stm32f10x_md.o(.text)
    __user_initial_stackheap                 0x080001d5   Thumb Code     0  startup_stm32f10x_md.o(.text)
    malloc                                   0x080001f9   Thumb Code    94  h1_alloc.o(.text)
    free                                     0x08000257   Thumb Code    78  h1_free.o(.text)
    __2sprintf                               0x080002a5   Thumb Code    34  noretval__2sprintf.o(.text)
    _printf_pre_padding                      0x080002cd   Thumb Code    44  _printf_pad.o(.text)
    _printf_post_padding                     0x080002f9   Thumb Code    34  _printf_pad.o(.text)
    _printf_int_dec                          0x0800031d   Thumb Code   104  _printf_dec.o(.text)
    _printf_int_hex                          0x08000395   Thumb Code    84  _printf_hex_int.o(.text)
    _printf_longlong_hex                     0x08000395   Thumb Code     0  _printf_hex_int.o(.text)
    __printf                                 0x080003ed   Thumb Code   308  __printf_flags_wp.o(.text)
    atoi                                     0x08000525   Thumb Code    26  atoi.o(.text)
    strchr                                   0x0800053f   Thumb Code    20  strchr.o(.text)
    memcmp                                   0x08000553   Thumb Code    88  memcmp.o(.text)
    strlen                                   0x080005ab   Thumb Code    62  strlen.o(.text)
    strncmp                                  0x080005e9   Thumb Code   150  strncmp.o(.text)
    __aeabi_memcpy                           0x0800067f   Thumb Code     0  rt_memcpy_v6.o(.text)
    __rt_memcpy                              0x0800067f   Thumb Code   138  rt_memcpy_v6.o(.text)
    _memcpy_lastbytes                        0x080006e5   Thumb Code     0  rt_memcpy_v6.o(.text)
    __aeabi_memcpy4                          0x08000709   Thumb Code     0  rt_memcpy_w.o(.text)
    __aeabi_memcpy8                          0x08000709   Thumb Code     0  rt_memcpy_w.o(.text)
    __rt_memcpy_w                            0x08000709   Thumb Code   100  rt_memcpy_w.o(.text)
    _memcpy_lastbytes_aligned                0x08000751   Thumb Code     0  rt_memcpy_w.o(.text)
    strncpy                                  0x0800076d   Thumb Code    86  strncpy.o(.text)
    __use_two_region_memory                  0x080007c3   Thumb Code     2  heapauxi.o(.text)
    __rt_heap_escrow                         0x080007c5   Thumb Code     2  heapauxi.o(.text)
    __rt_heap_expand                         0x080007c7   Thumb Code     2  heapauxi.o(.text)
    __rt_heap_descriptor                     0x080007c9   Thumb Code     8  rt_heap_descriptor_intlibspace.o(.text)
    __aeabi_errno_addr                       0x080007d1   Thumb Code     8  rt_errno_addr_intlibspace.o(.text)
    __errno$intlibspace                      0x080007d1   Thumb Code     0  rt_errno_addr_intlibspace.o(.text)
    __rt_errno_addr$intlibspace              0x080007d1   Thumb Code     0  rt_errno_addr_intlibspace.o(.text)
    __use_no_heap                            0x080007d9   Thumb Code     2  hguard.o(.text)
    __heap$guard                             0x080007db   Thumb Code     2  hguard.o(.text)
    _terminate_user_alloc                    0x080007dd   Thumb Code     2  init_alloc.o(.text)
    _init_user_alloc                         0x080007df   Thumb Code     2  init_alloc.o(.text)
    __Heap_Full                              0x080007e1   Thumb Code    34  init_alloc.o(.text)
    __Heap_Broken                            0x08000803   Thumb Code     6  init_alloc.o(.text)
    _init_alloc                              0x08000809   Thumb Code    94  init_alloc.o(.text)
    __Heap_Initialize                        0x08000867   Thumb Code    10  h1_init.o(.text)
    __Heap_DescSize                          0x08000871   Thumb Code     4  h1_init.o(.text)
    _printf_int_common                       0x08000875   Thumb Code   178  _printf_intcommon.o(.text)
    _printf_char_common                      0x08000933   Thumb Code    32  _printf_char_common.o(.text)
    _sputc                                   0x08000959   Thumb Code    10  _sputc.o(.text)
    strtol                                   0x08000963   Thumb Code   112  strtol.o(.text)
    __aeabi_memclr                           0x080009d3   Thumb Code     0  rt_memclr.o(.text)
    __rt_memclr                              0x080009d3   Thumb Code    68  rt_memclr.o(.text)
    _memset                                  0x080009d7   Thumb Code     0  rt_memclr.o(.text)
    __user_libspace                          0x08000a19   Thumb Code     8  libspace.o(.text)
    __user_perproc_libspace                  0x08000a19   Thumb Code     0  libspace.o(.text)
    __user_perthread_libspace                0x08000a19   Thumb Code     0  libspace.o(.text)
    __rt_ctype_table                         0x08000a21   Thumb Code    16  rt_ctype_table.o(.text)
    __Heap_ProvideMemory                     0x08000a31   Thumb Code    52  h1_extend.o(.text)
    _strtoul                                 0x08000a65   Thumb Code   158  _strtoul.o(.text)
    __rt_SIGRTMEM                            0x08000b03   Thumb Code    14  defsig_rtmem_outer.o(.text)
    __aeabi_memclr4                          0x08000b11   Thumb Code     0  rt_memclr_w.o(.text)
    __aeabi_memclr8                          0x08000b11   Thumb Code     0  rt_memclr_w.o(.text)
    __rt_memclr_w                            0x08000b11   Thumb Code    78  rt_memclr_w.o(.text)
    _memset_w                                0x08000b15   Thumb Code     0  rt_memclr_w.o(.text)
    __I$use$semihosting                      0x08000b5f   Thumb Code     0  use_no_semi.o(.text)
    __use_no_semihosting_swi                 0x08000b5f   Thumb Code     2  use_no_semi.o(.text)
    __semihosting_library_function           0x08000b61   Thumb Code     0  indicate_semi.o(.text)
    __user_setup_stackheap                   0x08000b61   Thumb Code    74  sys_stackheap_outer.o(.text)
    __rt_locale                              0x08000bad   Thumb Code     8  rt_locale_intlibspace.o(.text)
    _chval                                   0x08000bb5   Thumb Code    28  _chval.o(.text)
    exit                                     0x08000bd1   Thumb Code    18  exit.o(.text)
    __sig_exit                               0x08000be3   Thumb Code    10  defsig_exit.o(.text)
    __rt_SIGRTMEM_inner                      0x08000bed   Thumb Code    22  defsig_rtmem_inner.o(.text)
    _sys_exit                                0x08000c3d   Thumb Code     8  sys_exit.o(.text)
    __default_signal_display                 0x08000c49   Thumb Code    50  defsig_general.o(.text)
    strcmp                                   0x08000c7d   Thumb Code   128  strcmpv7m.o(.text)
    _ttywrch                                 0x08000cfd   Thumb Code    14  sys_wrch.o(.text)
    EXTI0_IRQHandler                         0x08000d0d   Thumb Code   460  stm32_it.o(i.EXTI0_IRQHandler)
    SystemInit                               0x08001029   Thumb Code    78  system_stm32f10x.o(i.SystemInit)
    TIM2_IRQHandler                          0x08001089   Thumb Code    28  tims.o(i.TIM2_IRQHandler)
    USART1_IRQHandler                        0x080010a9   Thumb Code   308  stm32_it.o(i.USART1_IRQHandler)
    _is_digit                                0x08001209   Thumb Code    14  __printf_wp.o(i._is_digit)
    arp_read                                 0x08001219   Thumb Code   302  net.o(i.arp_read)
    arp_reply                                0x08001401   Thumb Code    58  net.o(i.arp_reply)
    arp_request                              0x08001445   Thumb Code    98  net.o(i.arp_request)
    delay_us                                 0x080014b9   Thumb Code   104  tims.o(i.delay_us)
    dlt_arp_table_record                     0x08001525   Thumb Code    46  net.o(i.dlt_arp_table_record)
    enc28_init                               0x08001555   Thumb Code   282  enc28j60.o(i.enc28_init)
    enc28_packet_receive                     0x08001675   Thumb Code   154  enc28j60.o(i.enc28_packet_receive)
    enc28_packet_transmit                    0x08001715   Thumb Code    94  enc28j60.o(i.enc28_packet_transmit)
    enc28_read_op                            0x08001773   Thumb Code    46  enc28j60.o(i.enc28_read_op)
    enc28_read_reg                           0x080017a1   Thumb Code    24  enc28j60.o(i.enc28_read_reg)
    enc28_receive_buff                       0x080017b9   Thumb Code    42  enc28j60.o(i.enc28_receive_buff)
    enc28_set_bank                           0x080017e5   Thumb Code    50  enc28j60.o(i.enc28_set_bank)
    enc28_transmit_buff                      0x0800181d   Thumb Code    42  enc28j60.o(i.enc28_transmit_buff)
    enc28_write_op                           0x08001847   Thumb Code    36  enc28j60.o(i.enc28_write_op)
    enc28_write_phy_reg                      0x0800186b   Thumb Code    40  enc28j60.o(i.enc28_write_phy_reg)
    enc28_write_reg                          0x08001893   Thumb Code    24  enc28j60.o(i.enc28_write_reg)
    enc28_write_regs_two_parts               0x080018ab   Thumb Code    26  enc28j60.o(i.enc28_write_regs_two_parts)
    eth_reply                                0x080018c5   Thumb Code    36  net.o(i.eth_reply)
    eth_request                              0x080018e9   Thumb Code    46  net.o(i.eth_request)
    exti_gpio_init                           0x0800191d   Thumb Code   148  gpio.o(i.exti_gpio_init)
    fill_arp_table                           0x080019c9   Thumb Code   168  net.o(i.fill_arp_table)
    find_arp_table_data                      0x08001a75   Thumb Code    52  net.o(i.find_arp_table_data)
    icmp_read                                0x08001ad5   Thumb Code   160  net.o(i.icmp_read)
    icmp_reply                               0x08001bb9   Thumb Code    74  net.o(i.icmp_reply)
    ip_ch_sum_calc                           0x08001c03   Thumb Code   110  net.o(i.ip_ch_sum_calc)
    ip_read                                  0x08001c71   Thumb Code   332  net.o(i.ip_read)
    ip_reply                                 0x08001e21   Thumb Code   110  net.o(i.ip_reply)
    ip_request                               0x08001e95   Thumb Code   148  net.o(i.ip_request)
    ip_str2num                               0x08001f2d   Thumb Code   128  net.o(i.ip_str2num)
    main                                     0x08001fad   Thumb Code    36  main.o(i.main)
    net_init                                 0x08001fd1   Thumb Code    46  net.o(i.net_init)
    nss_desel                                0x0800201d   Thumb Code    14  spi.o(i.nss_desel)
    nss_sel                                  0x08002031   Thumb Code    14  spi.o(i.nss_sel)
    port_str2num                             0x08002045   Thumb Code    26  net.o(i.port_str2num)
    show_arp_table                           0x08002061   Thumb Code   168  net.o(i.show_arp_table)
    spi_master_init                          0x0800215d   Thumb Code   106  spi.o(i.spi_master_init)
    spi_receive_byte                         0x080021d1   Thumb Code    14  enc28j60.o(i.spi_receive_byte)
    spi_send_byte                            0x080021df   Thumb Code    12  enc28j60.o(i.spi_send_byte)
    spi_transmit_receive                     0x080021ed   Thumb Code    98  enc28j60.o(i.spi_transmit_receive)
    spi_write_read                           0x08002255   Thumb Code    20  enc28j60.o(i.spi_write_read)
    tcp_header_prepare                       0x08002269   Thumb Code   178  net.o(i.tcp_header_prepare)
    tcp_http_data_end                        0x0800231d   Thumb Code   266  net.o(i.tcp_http_data_end)
    tcp_http_data_send_one                   0x08002445   Thumb Code   458  net.o(i.tcp_http_data_send_one)
    tcp_read                                 0x08002651   Thumb Code   352  net.o(i.tcp_read)
    tcp_reply                                0x080027e5   Thumb Code   920  net.o(i.tcp_reply)
    tim2_init                                0x08002c29   Thumb Code   104  tims.o(i.tim2_init)
    tim2_start                               0x08002c9d   Thumb Code    18  tims.o(i.tim2_start)
    tim3_init                                0x08002cb1   Thumb Code    34  tims.o(i.tim3_init)
    tim3_start                               0x08002cdd   Thumb Code    14  tims.o(i.tim3_start)
    tim3_stop                                0x08002cf1   Thumb Code    14  tims.o(i.tim3_stop)
    uart_init                                0x08002d05   Thumb Code   150  uart.o(i.uart_init)
    uart_transmit                            0x08002dad   Thumb Code    72  uart.o(i.uart_transmit)
    udp_read                                 0x08002df9   Thumb Code   290  net.o(i.udp_read)
    udp_reply                                0x08002f91   Thumb Code   224  net.o(i.udp_reply)
    udp_request                              0x0800309d   Thumb Code   188  net.o(i.udp_request)
    _get_lc_ctype                            0x0800315d   Thumb Code    44  lc_ctype_c.o(locale$$code)
    http_header                              0x08003188   Data          84  net.o(.constdata)
    index_htm                                0x080031dc   Data         160  net.o(.constdata)
    Region$$Table$$Base                      0x080033c4   Number         0  anon$$obj.o(Region$$Table)
    Region$$Table$$Limit                     0x080033e4   Number         0  anon$$obj.o(Region$$Table)
    __ctype                                  0x080033f1   Data           0  lc_ctype_c.o(locale$$data)
    mac_addr                                 0x20000000   Data           6  enc28j60.o(.data)
    mac_addr_null                            0x20000006   Data           6  enc28j60.o(.data)
    mac_addr_bc                              0x2000000c   Data           6  enc28j60.o(.data)
    ip_addr                                  0x20000012   Data           4  enc28j60.o(.data)
    ip_dst                                   0x20000016   Data           4  enc28j60.o(.data)
    next_pckt_ptr                            0x2000001a   Data           2  enc28j60.o(.data)
    Enc28j60Bank                             0x2000001c   Data           1  enc28j60.o(.data)
    dst_prt                                  0x2000001e   Data           2  net.o(.data)
    cur_index                                0x20000020   Data           1  net.o(.data)
    clk_s                                    0x20000024   Data           4  tims.o(.data)
    frame                                    0x20000028   Data          24  enc28j60.o(.bss)
    arp_table                                0x20000040   Data          80  net.o(.bss)
    ip_dst_str                               0x20000090   Data          82  net.o(.bss)
    tcp_pckt_prop                            0x200000e4   Data          24  net.o(.bss)
    __libspace_start                         0x200000fc   Data          96  libspace.o(.bss)
    __temporary_stack_top$libspace           0x2000015c   Data           0  libspace.o(.bss)



==============================================================================

Memory Map of the image

  Image Entry point : 0x080000ed

  Load Region LR_IROM1 (Base: 0x08000000, Size: 0x0000351c, Max: 0x00010000, ABSOLUTE)

    Execution Region ER_IROM1 (Base: 0x08000000, Size: 0x000034f4, Max: 0x00010000, ABSOLUTE)

    Base Addr    Size         Type   Attr      Idx    E Section Name        Object

    0x08000000   0x000000ec   Data   RO           60    RESET               startup_stm32f10x_md.o
    0x080000ec   0x00000008   Code   RO          678  * !!!main             c_w.l(__main.o)
    0x080000f4   0x00000034   Code   RO          915    !!!scatter          c_w.l(__scatter.o)
    0x08000128   0x0000001a   Code   RO          917    !!handler_copy      c_w.l(__scatter_copy.o)
    0x08000142   0x00000002   PAD
    0x08000144   0x0000001c   Code   RO          919    !!handler_zi        c_w.l(__scatter_zi.o)
    0x08000160   0x00000000   Code   RO          659    .ARM.Collect$$_printf_percent$$00000000  c_w.l(_printf_percent.o)
    0x08000160   0x00000006   Code   RO          657    .ARM.Collect$$_printf_percent$$00000009  c_w.l(_printf_d.o)
    0x08000166   0x00000006   Code   RO          658    .ARM.Collect$$_printf_percent$$0000000A  c_w.l(_printf_u.o)
    0x0800016c   0x00000006   Code   RO          656    .ARM.Collect$$_printf_percent$$0000000C  c_w.l(_printf_x.o)
    0x08000172   0x00000004   Code   RO          719    .ARM.Collect$$_printf_percent$$00000017  c_w.l(_printf_percent_end.o)
    0x08000176   0x00000002   Code   RO          852    .ARM.Collect$$libinit$$00000000  c_w.l(libinit.o)
    0x08000178   0x00000000   Code   RO          727    .ARM.Collect$$libinit$$00000002  c_w.l(libinit2.o)
    0x08000178   0x00000000   Code   RO          729    .ARM.Collect$$libinit$$00000004  c_w.l(libinit2.o)
    0x08000178   0x00000008   Code   RO          730    .ARM.Collect$$libinit$$00000005  c_w.l(libinit2.o)
    0x08000180   0x00000000   Code   RO          732    .ARM.Collect$$libinit$$0000000A  c_w.l(libinit2.o)
    0x08000180   0x00000000   Code   RO          734    .ARM.Collect$$libinit$$0000000C  c_w.l(libinit2.o)
    0x08000180   0x00000000   Code   RO          736    .ARM.Collect$$libinit$$0000000E  c_w.l(libinit2.o)
    0x08000180   0x00000006   Code   RO          737    .ARM.Collect$$libinit$$0000000F  c_w.l(libinit2.o)
    0x08000186   0x00000000   Code   RO          739    .ARM.Collect$$libinit$$00000011  c_w.l(libinit2.o)
    0x08000186   0x0000000c   Code   RO          740    .ARM.Collect$$libinit$$00000012  c_w.l(libinit2.o)
    0x08000192   0x00000000   Code   RO          741    .ARM.Collect$$libinit$$00000013  c_w.l(libinit2.o)
    0x08000192   0x00000000   Code   RO          743    .ARM.Collect$$libinit$$00000015  c_w.l(libinit2.o)
    0x08000192   0x00000000   Code   RO          745    .ARM.Collect$$libinit$$00000017  c_w.l(libinit2.o)
    0x08000192   0x00000000   Code   RO          747    .ARM.Collect$$libinit$$00000019  c_w.l(libinit2.o)
    0x08000192   0x00000000   Code   RO          749    .ARM.Collect$$libinit$$0000001B  c_w.l(libinit2.o)
    0x08000192   0x00000000   Code   RO          751    .ARM.Collect$$libinit$$0000001D  c_w.l(libinit2.o)
    0x08000192   0x00000000   Code   RO          753    .ARM.Collect$$libinit$$0000001F  c_w.l(libinit2.o)
    0x08000192   0x00000000   Code   RO          755    .ARM.Collect$$libinit$$00000021  c_w.l(libinit2.o)
    0x08000192   0x00000000   Code   RO          757    .ARM.Collect$$libinit$$00000023  c_w.l(libinit2.o)
    0x08000192   0x00000000   Code   RO          759    .ARM.Collect$$libinit$$00000025  c_w.l(libinit2.o)
    0x08000192   0x00000000   Code   RO          763    .ARM.Collect$$libinit$$0000002C  c_w.l(libinit2.o)
    0x08000192   0x00000000   Code   RO          765    .ARM.Collect$$libinit$$0000002E  c_w.l(libinit2.o)
    0x08000192   0x00000000   Code   RO          767    .ARM.Collect$$libinit$$00000030  c_w.l(libinit2.o)
    0x08000192   0x00000000   Code   RO          769    .ARM.Collect$$libinit$$00000032  c_w.l(libinit2.o)
    0x08000192   0x00000002   Code   RO          770    .ARM.Collect$$libinit$$00000033  c_w.l(libinit2.o)
    0x08000194   0x00000002   Code   RO          912    .ARM.Collect$$libshutdown$$00000000  c_w.l(libshutdown.o)
    0x08000196   0x00000000   Code   RO          868    .ARM.Collect$$libshutdown$$00000002  c_w.l(libshutdown2.o)
    0x08000196   0x00000000   Code   RO          870    .ARM.Collect$$libshutdown$$00000004  c_w.l(libshutdown2.o)
    0x08000196   0x00000000   Code   RO          873    .ARM.Collect$$libshutdown$$00000007  c_w.l(libshutdown2.o)
    0x08000196   0x00000000   Code   RO          876    .ARM.Collect$$libshutdown$$0000000A  c_w.l(libshutdown2.o)
    0x08000196   0x00000000   Code   RO          878    .ARM.Collect$$libshutdown$$0000000C  c_w.l(libshutdown2.o)
    0x08000196   0x00000000   Code   RO          881    .ARM.Collect$$libshutdown$$0000000F  c_w.l(libshutdown2.o)
    0x08000196   0x00000002   Code   RO          882    .ARM.Collect$$libshutdown$$00000010  c_w.l(libshutdown2.o)
    0x08000198   0x00000000   Code   RO          682    .ARM.Collect$$rtentry$$00000000  c_w.l(__rtentry.o)
    0x08000198   0x00000000   Code   RO          777    .ARM.Collect$$rtentry$$00000002  c_w.l(__rtentry2.o)
    0x08000198   0x00000006   Code   RO          789    .ARM.Collect$$rtentry$$00000004  c_w.l(__rtentry4.o)
    0x0800019e   0x00000000   Code   RO          779    .ARM.Collect$$rtentry$$00000009  c_w.l(__rtentry2.o)
    0x0800019e   0x00000004   Code   RO          780    .ARM.Collect$$rtentry$$0000000A  c_w.l(__rtentry2.o)
    0x080001a2   0x00000000   Code   RO          782    .ARM.Collect$$rtentry$$0000000C  c_w.l(__rtentry2.o)
    0x080001a2   0x00000008   Code   RO          783    .ARM.Collect$$rtentry$$0000000D  c_w.l(__rtentry2.o)
    0x080001aa   0x00000002   Code   RO          855    .ARM.Collect$$rtexit$$00000000  c_w.l(rtexit.o)
    0x080001ac   0x00000000   Code   RO          886    .ARM.Collect$$rtexit$$00000002  c_w.l(rtexit2.o)
    0x080001ac   0x00000004   Code   RO          887    .ARM.Collect$$rtexit$$00000003  c_w.l(rtexit2.o)
    0x080001b0   0x00000006   Code   RO          888    .ARM.Collect$$rtexit$$00000004  c_w.l(rtexit2.o)
    0x080001b6   0x00000002   PAD
    0x080001b8   0x00000000   Code   RO          795    .emb_text           c_w.l(maybetermalloc1.o)
    0x080001b8   0x00000040   Code   RO           61    .text               startup_stm32f10x_md.o
    0x080001f8   0x0000005e   Code   RO          547    .text               c_w.l(h1_alloc.o)
    0x08000256   0x0000004e   Code   RO          549    .text               c_w.l(h1_free.o)
    0x080002a4   0x00000028   Code   RO          607    .text               c_w.l(noretval__2sprintf.o)
    0x080002cc   0x0000004e   Code   RO          611    .text               c_w.l(_printf_pad.o)
    0x0800031a   0x00000002   PAD
    0x0800031c   0x00000078   Code   RO          613    .text               c_w.l(_printf_dec.o)
    0x08000394   0x00000058   Code   RO          618    .text               c_w.l(_printf_hex_int.o)
    0x080003ec   0x00000138   Code   RO          648    .text               c_w.l(__printf_flags_wp.o)
    0x08000524   0x0000001a   Code   RO          660    .text               c_w.l(atoi.o)
    0x0800053e   0x00000014   Code   RO          662    .text               c_w.l(strchr.o)
    0x08000552   0x00000058   Code   RO          664    .text               c_w.l(memcmp.o)
    0x080005aa   0x0000003e   Code   RO          666    .text               c_w.l(strlen.o)
    0x080005e8   0x00000096   Code   RO          668    .text               c_w.l(strncmp.o)
    0x0800067e   0x0000008a   Code   RO          670    .text               c_w.l(rt_memcpy_v6.o)
    0x08000708   0x00000064   Code   RO          672    .text               c_w.l(rt_memcpy_w.o)
    0x0800076c   0x00000056   Code   RO          674    .text               c_w.l(strncpy.o)
    0x080007c2   0x00000006   Code   RO          676    .text               c_w.l(heapauxi.o)
    0x080007c8   0x00000008   Code   RO          686    .text               c_w.l(rt_heap_descriptor_intlibspace.o)
    0x080007d0   0x00000008   Code   RO          691    .text               c_w.l(rt_errno_addr_intlibspace.o)
    0x080007d8   0x00000004   Code   RO          693    .text               c_w.l(hguard.o)
    0x080007dc   0x0000008a   Code   RO          695    .text               c_w.l(init_alloc.o)
    0x08000866   0x0000000e   Code   RO          699    .text               c_w.l(h1_init.o)
    0x08000874   0x000000b2   Code   RO          713    .text               c_w.l(_printf_intcommon.o)
    0x08000926   0x00000002   PAD
    0x08000928   0x00000030   Code   RO          715    .text               c_w.l(_printf_char_common.o)
    0x08000958   0x0000000a   Code   RO          717    .text               c_w.l(_sputc.o)
    0x08000962   0x00000070   Code   RO          720    .text               c_w.l(strtol.o)
    0x080009d2   0x00000044   Code   RO          722    .text               c_w.l(rt_memclr.o)
    0x08000a16   0x00000002   PAD
    0x08000a18   0x00000008   Code   RO          773    .text               c_w.l(libspace.o)
    0x08000a20   0x00000010   Code   RO          791    .text               c_w.l(rt_ctype_table.o)
    0x08000a30   0x00000034   Code   RO          797    .text               c_w.l(h1_extend.o)
    0x08000a64   0x0000009e   Code   RO          803    .text               c_w.l(_strtoul.o)
    0x08000b02   0x0000000e   Code   RO          805    .text               c_w.l(defsig_rtmem_outer.o)
    0x08000b10   0x0000004e   Code   RO          809    .text               c_w.l(rt_memclr_w.o)
    0x08000b5e   0x00000002   Code   RO          818    .text               c_w.l(use_no_semi.o)
    0x08000b60   0x00000000   Code   RO          820    .text               c_w.l(indicate_semi.o)
    0x08000b60   0x0000004a   Code   RO          821    .text               c_w.l(sys_stackheap_outer.o)
    0x08000baa   0x00000002   PAD
    0x08000bac   0x00000008   Code   RO          828    .text               c_w.l(rt_locale_intlibspace.o)
    0x08000bb4   0x0000001c   Code   RO          832    .text               c_w.l(_chval.o)
    0x08000bd0   0x00000012   Code   RO          837    .text               c_w.l(exit.o)
    0x08000be2   0x0000000a   Code   RO          839    .text               c_w.l(defsig_exit.o)
    0x08000bec   0x00000050   Code   RO          841    .text               c_w.l(defsig_rtmem_inner.o)
    0x08000c3c   0x0000000c   Code   RO          853    .text               c_w.l(sys_exit.o)
    0x08000c48   0x00000032   Code   RO          863    .text               c_w.l(defsig_general.o)
    0x08000c7a   0x00000002   PAD
    0x08000c7c   0x00000080   Code   RO          865    .text               c_w.l(strcmpv7m.o)
    0x08000cfc   0x0000000e   Code   RO          883    .text               c_w.l(sys_wrch.o)
    0x08000d0a   0x00000002   PAD
    0x08000d0c   0x00000238   Code   RO          289    i.EXTI0_IRQHandler  stm32_it.o
    0x08000f44   0x00000008   Code   RO           17    i.SetSysClock       system_stm32f10x.o
    0x08000f4c   0x000000dc   Code   RO           18    i.SetSysClockToHSE  system_stm32f10x.o
    0x08001028   0x00000060   Code   RO           20    i.SystemInit        system_stm32f10x.o
    0x08001088   0x00000020   Code   RO          490    i.TIM2_IRQHandler   tims.o
    0x080010a8   0x00000160   Code   RO          290    i.USART1_IRQHandler  stm32_it.o
    0x08001208   0x0000000e   Code   RO          646    i._is_digit         c_w.l(__printf_wp.o)
    0x08001216   0x00000002   PAD
    0x08001218   0x000001e8   Code   RO          321    i.arp_read          net.o
    0x08001400   0x00000044   Code   RO          322    i.arp_reply         net.o
    0x08001444   0x00000074   Code   RO          323    i.arp_request       net.o
    0x080014b8   0x0000006c   Code   RO          491    i.delay_us          tims.o
    0x08001524   0x0000002e   Code   RO          324    i.dlt_arp_table_record  net.o
    0x08001552   0x00000002   PAD
    0x08001554   0x00000120   Code   RO          128    i.enc28_init        enc28j60.o
    0x08001674   0x000000a0   Code   RO          129    i.enc28_packet_receive  enc28j60.o
    0x08001714   0x0000005e   Code   RO          130    i.enc28_packet_transmit  enc28j60.o
    0x08001772   0x0000002e   Code   RO          131    i.enc28_read_op     enc28j60.o
    0x080017a0   0x00000018   Code   RO          133    i.enc28_read_reg    enc28j60.o
    0x080017b8   0x0000002a   Code   RO          135    i.enc28_receive_buff  enc28j60.o
    0x080017e2   0x00000002   PAD
    0x080017e4   0x00000038   Code   RO          136    i.enc28_set_bank    enc28j60.o
    0x0800181c   0x0000002a   Code   RO          137    i.enc28_transmit_buff  enc28j60.o
    0x08001846   0x00000024   Code   RO          138    i.enc28_write_op    enc28j60.o
    0x0800186a   0x00000028   Code   RO          139    i.enc28_write_phy_reg  enc28j60.o
    0x08001892   0x00000018   Code   RO          140    i.enc28_write_reg   enc28j60.o
    0x080018aa   0x0000001a   Code   RO          141    i.enc28_write_regs_two_parts  enc28j60.o
    0x080018c4   0x00000024   Code   RO          325    i.eth_reply         net.o
    0x080018e8   0x00000034   Code   RO          326    i.eth_request       net.o
    0x0800191c   0x000000ac   Code   RO          309    i.exti_gpio_init    gpio.o
    0x080019c8   0x000000ac   Code   RO          327    i.fill_arp_table    net.o
    0x08001a74   0x00000034   Code   RO          328    i.find_arp_table_data  net.o
    0x08001aa8   0x0000002c   Code   RO          256    i.gpio_uart_init    uart.o
    0x08001ad4   0x000000e4   Code   RO          329    i.icmp_read         net.o
    0x08001bb8   0x0000004a   Code   RO          330    i.icmp_reply        net.o
    0x08001c02   0x0000006e   Code   RO          331    i.ip_ch_sum_calc    net.o
    0x08001c70   0x000001b0   Code   RO          332    i.ip_read           net.o
    0x08001e20   0x00000074   Code   RO          333    i.ip_reply          net.o
    0x08001e94   0x00000098   Code   RO          334    i.ip_request        net.o
    0x08001f2c   0x00000080   Code   RO          335    i.ip_str2num        net.o
    0x08001fac   0x00000024   Code   RO           65    i.main              main.o
    0x08001fd0   0x0000004c   Code   RO          336    i.net_init          net.o
    0x0800201c   0x00000014   Code   RO           99    i.nss_desel         spi.o
    0x08002030   0x00000014   Code   RO          100    i.nss_sel           spi.o
    0x08002044   0x0000001a   Code   RO          337    i.port_str2num      net.o
    0x0800205e   0x00000002   PAD
    0x08002060   0x000000bc   Code   RO          338    i.show_arp_table    net.o
    0x0800211c   0x00000040   Code   RO          101    i.spi_gpio_init     spi.o
    0x0800215c   0x00000074   Code   RO          102    i.spi_master_init   spi.o
    0x080021d0   0x0000000e   Code   RO          142    i.spi_receive_byte  enc28j60.o
    0x080021de   0x0000000c   Code   RO          143    i.spi_send_byte     enc28j60.o
    0x080021ea   0x00000002   PAD
    0x080021ec   0x00000068   Code   RO          144    i.spi_transmit_receive  enc28j60.o
    0x08002254   0x00000014   Code   RO          145    i.spi_write_read    enc28j60.o
    0x08002268   0x000000b2   Code   RO          339    i.tcp_header_prepare  net.o
    0x0800231a   0x00000002   PAD
    0x0800231c   0x00000128   Code   RO          340    i.tcp_http_data_end  net.o
    0x08002444   0x0000020c   Code   RO          341    i.tcp_http_data_send_one  net.o
    0x08002650   0x00000194   Code   RO          342    i.tcp_read          net.o
    0x080027e4   0x00000444   Code   RO          343    i.tcp_reply         net.o
    0x08002c28   0x00000074   Code   RO          492    i.tim2_init         tims.o
    0x08002c9c   0x00000012   Code   RO          493    i.tim2_start        tims.o
    0x08002cae   0x00000002   PAD
    0x08002cb0   0x0000002c   Code   RO          494    i.tim3_init         tims.o
    0x08002cdc   0x00000014   Code   RO          495    i.tim3_start        tims.o
    0x08002cf0   0x00000014   Code   RO          496    i.tim3_stop         tims.o
    0x08002d04   0x000000a8   Code   RO          257    i.uart_init         uart.o
    0x08002dac   0x0000004c   Code   RO          259    i.uart_transmit     uart.o
    0x08002df8   0x00000198   Code   RO          344    i.udp_read          net.o
    0x08002f90   0x0000010c   Code   RO          345    i.udp_reply         net.o
    0x0800309c   0x000000c0   Code   RO          346    i.udp_request       net.o
    0x0800315c   0x0000002c   Code   RO          835    locale$$code        c_w.l(lc_ctype_c.o)
    0x08003188   0x000000f4   Data   RO          348    .constdata          net.o
    0x0800327c   0x00000028   Data   RO          619    .constdata          c_w.l(_printf_hex_int.o)
    0x080032a4   0x00000011   Data   RO          649    .constdata          c_w.l(__printf_flags_wp.o)
    0x080032b5   0x00000003   PAD
    0x080032b8   0x000000b0   Data   RO          291    .conststring        stm32_it.o
    0x08003368   0x00000059   Data   RO          349    .conststring        net.o
    0x080033c1   0x00000003   PAD
    0x080033c4   0x00000020   Data   RO          913    Region$$Table       anon$$obj.o
    0x080033e4   0x00000110   Data   RO          834    locale$$data        c_w.l(lc_ctype_c.o)


    Execution Region RW_IRAM1 (Base: 0x20000000, Size: 0x00000760, Max: 0x00005000, ABSOLUTE)

    Base Addr    Size         Type   Attr      Idx    E Section Name        Object

    0x20000000   0x0000001d   Data   RW          147    .data               enc28j60.o
    0x2000001d   0x00000001   PAD
    0x2000001e   0x00000004   Data   RW          350    .data               net.o
    0x20000022   0x00000002   PAD
    0x20000024   0x00000004   Data   RW          497    .data               tims.o
    0x20000028   0x00000018   Zero   RW          146    .bss                enc28j60.o
    0x20000040   0x000000bc   Zero   RW          347    .bss                net.o
    0x200000fc   0x00000060   Zero   RW          774    .bss                c_w.l(libspace.o)
    0x2000015c   0x00000004   PAD
    0x20000160   0x00000200   Zero   RW           59    HEAP                startup_stm32f10x_md.o
    0x20000360   0x00000400   Zero   RW           58    STACK               startup_stm32f10x_md.o


==============================================================================

Image component sizes


      Code (inc. data)   RO Data    RW Data    ZI Data      Debug   Object Name

         0          0          0          0          0       4540   core_cm3.o
      1028         24          0         29         24      10907   enc28j60.o
       172         24          0          0          0        717   gpio.o
        36          0          0          0          0      11383   main.o
      5922        938        333          4        188      20884   net.o
       220         34          0          0          0       1860   spi.o
        64         26        236          0       1536        832   startup_stm32f10x_md.o
       920        152        176          0          0       1471   stm32_it.o
       324         28          0          0          0     203773   system_stm32f10x.o
       358         42          0          4          0       3775   tims.o
       288         30          0          0          0      17231   uart.o

    ----------------------------------------------------------------------
      9344       1298        780         40       1748     277373   Object Totals
         0          0         32          0          0          0   (incl. Generated)
        12          0          3          3          0          0   (incl. Padding)

    ----------------------------------------------------------------------

      Code (inc. data)   RO Data    RW Data    ZI Data      Debug   Library Member Name

         8          0          0          0          0         68   __main.o
       312          4         17          0          0         92   __printf_flags_wp.o
        14          0          0          0          0         68   __printf_wp.o
         0          0          0          0          0          0   __rtentry.o
        12          0          0          0          0          0   __rtentry2.o
         6          0          0          0          0          0   __rtentry4.o
        52          8          0          0          0          0   __scatter.o
        26          0          0          0          0          0   __scatter_copy.o
        28          0          0          0          0          0   __scatter_zi.o
        28          0          0          0          0         68   _chval.o
        48          6          0          0          0         96   _printf_char_common.o
         6          0          0          0          0          0   _printf_d.o
       120         16          0          0          0         92   _printf_dec.o
        88          4         40          0          0         88   _printf_hex_int.o
       178          0          0          0          0         88   _printf_intcommon.o
        78          0          0          0          0        108   _printf_pad.o
         0          0          0          0          0          0   _printf_percent.o
         4          0          0          0          0          0   _printf_percent_end.o
         6          0          0          0          0          0   _printf_u.o
         6          0          0          0          0          0   _printf_x.o
        10          0          0          0          0         68   _sputc.o
       158          0          0          0          0         92   _strtoul.o
        26          0          0          0          0         80   atoi.o
        10          0          0          0          0         68   defsig_exit.o
        50          0          0          0          0         88   defsig_general.o
        80         58          0          0          0         76   defsig_rtmem_inner.o
        14          0          0          0          0         80   defsig_rtmem_outer.o
        18          0          0          0          0         80   exit.o
        94          0          0          0          0         80   h1_alloc.o
        52          0          0          0          0         68   h1_extend.o
        78          0          0          0          0         80   h1_free.o
        14          0          0          0          0         84   h1_init.o
         6          0          0          0          0        152   heapauxi.o
         4          0          0          0          0        136   hguard.o
         0          0          0          0          0          0   indicate_semi.o
       138          0          0          0          0        168   init_alloc.o
        44         10        272          0          0         76   lc_ctype_c.o
         2          0          0          0          0          0   libinit.o
        28          0          0          0          0          0   libinit2.o
         2          0          0          0          0          0   libshutdown.o
         2          0          0          0          0          0   libshutdown2.o
         8          4          0          0         96         68   libspace.o
         0          0          0          0          0          0   maybetermalloc1.o
        88          0          0          0          0         76   memcmp.o
        40          6          0          0          0         84   noretval__2sprintf.o
        16          4          0          0          0         76   rt_ctype_table.o
         8          4          0          0          0         68   rt_errno_addr_intlibspace.o
         8          4          0          0          0         68   rt_heap_descriptor_intlibspace.o
         8          4          0          0          0         68   rt_locale_intlibspace.o
        68          0          0          0          0         68   rt_memclr.o
        78          0          0          0          0         80   rt_memclr_w.o
       138          0          0          0          0         68   rt_memcpy_v6.o
       100          0          0          0          0         80   rt_memcpy_w.o
         2          0          0          0          0          0   rtexit.o
        10          0          0          0          0          0   rtexit2.o
        20          0          0          0          0         68   strchr.o
       128          0          0          0          0         68   strcmpv7m.o
        62          0          0          0          0         76   strlen.o
       150          0          0          0          0         80   strncmp.o
        86          0          0          0          0         76   strncpy.o
       112          0          0          0          0         88   strtol.o
        12          4          0          0          0         68   sys_exit.o
        74          0          0          0          0         80   sys_stackheap_outer.o
        14          0          0          0          0         76   sys_wrch.o
         2          0          0          0          0         68   use_no_semi.o

    ----------------------------------------------------------------------
      3100        136        332          0        100       3796   Library Totals
        18          0          3          0          4          0   (incl. Padding)

    ----------------------------------------------------------------------

      Code (inc. data)   RO Data    RW Data    ZI Data      Debug   Library Name

      3082        136        329          0         96       3796   c_w.l

    ----------------------------------------------------------------------
      3100        136        332          0        100       3796   Library Totals

    ----------------------------------------------------------------------

==============================================================================


      Code (inc. data)   RO Data    RW Data    ZI Data      Debug   

     12444       1434       1112         40       1848     275809   Grand Totals
     12444       1434       1112         40       1848     275809   ELF Image Totals
     12444       1434       1112         40          0          0   ROM Totals

==============================================================================

    Total RO  Size (Code + RO Data)                13556 (  13.24kB)
    Total RW  Size (RW Data + ZI Data)              1888 (   1.84kB)
    Total ROM Size (Code + RO Data + RW Data)      13596 (  13.28kB)

==============================================================================

