Component: ARM Compiler 5.06 update 4 (build 422) Tool: armlink [4d35d2]

==============================================================================

Section Cross References

    system_stm32f10x.o(i.SetSysClock) refers to system_stm32f10x.o(i.SetSysClockTo72) for SetSysClockTo72
    system_stm32f10x.o(i.SystemCoreClockUpdate) refers to system_stm32f10x.o(.data) for SystemCoreClock
    system_stm32f10x.o(i.SystemInit) refers to system_stm32f10x.o(i.SetSysClock) for SetSysClock
    startup_stm32f10x_md.o(STACK) refers (Special) to heapauxi.o(.text) for __use_two_region_memory
    startup_stm32f10x_md.o(HEAP) refers (Special) to heapauxi.o(.text) for __use_two_region_memory
    startup_stm32f10x_md.o(RESET) refers (Special) to heapauxi.o(.text) for __use_two_region_memory
    startup_stm32f10x_md.o(RESET) refers to startup_stm32f10x_md.o(STACK) for __initial_sp
    startup_stm32f10x_md.o(RESET) refers to startup_stm32f10x_md.o(.text) for Reset_Handler
    startup_stm32f10x_md.o(RESET) refers to tims.o(i.TIM2_IRQHandler) for TIM2_IRQHandler
    startup_stm32f10x_md.o(.text) refers (Special) to heapauxi.o(.text) for __use_two_region_memory
    startup_stm32f10x_md.o(.text) refers to system_stm32f10x.o(i.SystemInit) for SystemInit
    startup_stm32f10x_md.o(.text) refers to __main.o(!!!main) for __main
    startup_stm32f10x_md.o(.text) refers to startup_stm32f10x_md.o(HEAP) for Heap_Mem
    startup_stm32f10x_md.o(.text) refers to startup_stm32f10x_md.o(STACK) for Stack_Mem
    gpio.o(i.LED_GPIO_Init) refers to gpio.o(i.LED_Off) for LED_Off
    gpio.o(i.LED_toggle) refers to gpio.o(i.Led_State) for Led_State
    gpio.o(i.LED_toggle) refers to gpio.o(i.LED_Off) for LED_Off
    gpio.o(i.LED_toggle) refers to gpio.o(i.LED_On) for LED_On
    main.o(i.arr_inv_trans) refers to main.o(i.next_bin_inv_num_fun) for next_bin_inv_num_fun
    main.o(i.fft_user) refers to main.o(i.wn1_calc) for wn1_calc
    main.o(i.fft_user) refers to dflt_clz.o(x$fpl$dfltu) for __aeabi_ui2d
    main.o(i.fft_user) refers to log2.o(i.log2) for log2
    main.o(i.fft_user) refers to dfixu.o(x$fpl$dfixu) for __aeabi_d2uiz
    main.o(i.fft_user) refers to main.o(i.arr_inv_trans) for arr_inv_trans
    main.o(i.fft_user) refers to main.o(i.wnk_calc) for wnk_calc
    main.o(i.fft_user) refers to main.o(i.__ARM_common_complex_float_multiply) for __ARM_common_complex_float_multiply
    main.o(i.fft_user) refers to faddsub_clz.o(x$fpl$fadd) for __aeabi_fadd
    main.o(i.fft_user) refers to faddsub_clz.o(x$fpl$fsub) for __aeabi_fsub
    main.o(i.fft_user) refers to fflt_clz.o(x$fpl$ffltu) for __aeabi_ui2f
    main.o(i.fft_user) refers to cabsf.o(i.cabsf) for cabsf
    main.o(i.fft_user) refers to fdiv.o(x$fpl$fdiv) for __aeabi_fdiv
    main.o(i.fft_user) refers to f2d.o(x$fpl$f2d) for __aeabi_f2d
    main.o(i.fft_user) refers to dmul.o(x$fpl$dmul) for __aeabi_dmul
    main.o(i.fft_user) refers to ddiv.o(x$fpl$ddiv) for __aeabi_ddiv
    main.o(i.fft_user) refers to d2f.o(x$fpl$d2f) for __aeabi_d2f
    main.o(i.main) refers to system_stm32f10x.o(i.SystemInit) for SystemInit
    main.o(i.main) refers to main.o(i.fft_user) for fft_user
    main.o(i.main) refers to main.o(.bss) for datas2
    main.o(i.main) refers to main.o(.data) for datas
    main.o(i.next_bin_inv_num_fun) refers to dflt_clz.o(x$fpl$dflt) for __aeabi_i2d
    main.o(i.next_bin_inv_num_fun) refers to pow.o(i.pow) for pow
    main.o(i.next_bin_inv_num_fun) refers to dfixu.o(x$fpl$dfixu) for __aeabi_d2uiz
    main.o(i.next_bin_inv_num_fun) refers to dflt_clz.o(x$fpl$dfltu) for __aeabi_ui2d
    main.o(i.next_bin_inv_num_fun) refers to main.o(.data) for bin_masks
    main.o(i.wn1_calc) refers to dflt_clz.o(x$fpl$dfltu) for __aeabi_ui2d
    main.o(i.wn1_calc) refers to ddiv.o(x$fpl$ddiv) for __aeabi_ddiv
    main.o(i.wn1_calc) refers to cos.o(i.cos) for cos
    main.o(i.wn1_calc) refers to sin.o(i.sin) for sin
    main.o(i.wn1_calc) refers to dmul.o(x$fpl$dmul) for __aeabi_dmul
    main.o(i.wn1_calc) refers to d2f.o(x$fpl$d2f) for __aeabi_d2f
    main.o(i.wnk_calc) refers to main.o(i.__ARM_common_complex_float_multiply) for __ARM_common_complex_float_multiply
    tims.o(i.delay_us) refers to tims.o(i.tim3_init) for tim3_init
    tims.o(i.delay_us) refers to tims.o(i.tim3_start) for tim3_start
    tims.o(i.delay_us) refers to tims.o(i.tim3_stop) for tim3_stop
    __main.o(!!!main) refers to __rtentry.o(.ARM.Collect$$rtentry$$00000000) for __rt_entry
    d2f.o(x$fpl$d2f) refers (Special) to usenofp.o(x$fpl$usenofp) for __I$use$fp
    d2f.o(x$fpl$d2f) refers to fretinf.o(x$fpl$fretinf) for __fpl_fretinf
    d2f.o(x$fpl$d2f) refers to dnaninf.o(x$fpl$dnaninf) for __fpl_dnaninf
    ddiv.o(x$fpl$drdiv) refers (Special) to usenofp.o(x$fpl$usenofp) for __I$use$fp
    ddiv.o(x$fpl$drdiv) refers to ddiv.o(x$fpl$ddiv) for ddiv_entry
    ddiv.o(x$fpl$ddiv) refers (Special) to usenofp.o(x$fpl$usenofp) for __I$use$fp
    ddiv.o(x$fpl$ddiv) refers to dretinf.o(x$fpl$dretinf) for __fpl_dretinf
[...]
    sin_i_x.o(.constdata) refers (Special) to usenofp.o(x$fpl$usenofp) for __I$use$fp
    sqrt.o(i.__softfp_sqrt) refers (Special) to usenofp.o(x$fpl$usenofp) for __I$use$fp
    sqrt.o(i.__softfp_sqrt) refers to dsqrt_noumaal.o(x$fpl$dsqrt) for _dsqrt
    sqrt.o(i.__softfp_sqrt) refers to _rserrno.o(.text) for __set_errno
    sqrt.o(i.sqrt) refers (Special) to usenofp.o(x$fpl$usenofp) for __I$use$fp
    sqrt.o(i.sqrt) refers to dsqrt_noumaal.o(x$fpl$dsqrt) for _dsqrt
    sqrt.o(i.sqrt) refers to _rserrno.o(.text) for __set_errno
    sqrt_x.o(i.____softfp_sqrt$lsc) refers (Special) to usenofp.o(x$fpl$usenofp) for __I$use$fp
    sqrt_x.o(i.____softfp_sqrt$lsc) refers to dleqf.o(x$fpl$dleqf) for __aeabi_cdcmple
    sqrt_x.o(i.____softfp_sqrt$lsc) refers to _rserrno.o(.text) for __set_errno
    sqrt_x.o(i.____softfp_sqrt$lsc) refers to dsqrt_noumaal.o(x$fpl$dsqrt) for _dsqrt
    sqrt_x.o(i.__sqrt$lsc) refers (Special) to usenofp.o(x$fpl$usenofp) for __I$use$fp
    sqrt_x.o(i.__sqrt$lsc) refers to dleqf.o(x$fpl$dleqf) for __aeabi_cdcmple
    sqrt_x.o(i.__sqrt$lsc) refers to _rserrno.o(.text) for __set_errno
    sqrt_x.o(i.__sqrt$lsc) refers to dsqrt_noumaal.o(x$fpl$dsqrt) for _dsqrt
    __rtentry2.o(.ARM.Collect$$rtentry$$00000008) refers to boardinit2.o(.text) for _platform_post_stackheap_init
    __rtentry2.o(.ARM.Collect$$rtentry$$0000000A) refers to libinit.o(.ARM.Collect$$libinit$$00000000) for __rt_lib_init
    __rtentry2.o(.ARM.Collect$$rtentry$$0000000B) refers to boardinit3.o(.text) for _platform_post_lib_init
    __rtentry2.o(.ARM.Collect$$rtentry$$0000000D) refers to main.o(i.main) for main
    __rtentry2.o(.ARM.Collect$$rtentry$$0000000D) refers to exit.o(.text) for exit
    __rtentry2.o(.ARM.exidx) refers to __rtentry2.o(.ARM.Collect$$rtentry$$00000001) for .ARM.Collect$$rtentry$$00000001
    __rtentry2.o(.ARM.exidx) refers to __rtentry2.o(.ARM.Collect$$rtentry$$00000008) for .ARM.Collect$$rtentry$$00000008
    __rtentry2.o(.ARM.exidx) refers to __rtentry2.o(.ARM.Collect$$rtentry$$0000000A) for .ARM.Collect$$rtentry$$0000000A
    __rtentry2.o(.ARM.exidx) refers to __rtentry2.o(.ARM.Collect$$rtentry$$0000000B) for .ARM.Collect$$rtentry$$0000000B
    __rtentry2.o(.ARM.exidx) refers to __rtentry2.o(.ARM.Collect$$rtentry$$0000000D) for .ARM.Collect$$rtentry$$0000000D
    __rtentry4.o(.ARM.Collect$$rtentry$$00000004) refers to sys_stackheap_outer.o(.text) for __user_setup_stackheap
    __rtentry4.o(.ARM.exidx) refers to __rtentry4.o(.ARM.Collect$$rtentry$$00000004) for .ARM.Collect$$rtentry$$00000004
    rt_errno_addr.o(.text) refers to rt_errno_addr.o(.bss) for __aeabi_errno_addr_data
    rt_errno_addr_intlibspace.o(.text) refers to libspace.o(.bss) for __libspace_start
    dcheck1.o(x$fpl$dcheck1) refers (Special) to usenofp.o(x$fpl$usenofp) for __I$use$fp
    dcheck1.o(x$fpl$dcheck1) refers to retnan.o(x$fpl$retnan) for __fpl_return_NaN
    dcmpi.o(x$fpl$dcmpinf) refers (Special) to usenofp.o(x$fpl$usenofp) for __I$use$fp
    dfix.o(x$fpl$dfix) refers (Special) to usenofp.o(x$fpl$usenofp) for __I$use$fp
    dfix.o(x$fpl$dfix) refers to dnaninf.o(x$fpl$dnaninf) for __fpl_dnaninf
    dfix.o(x$fpl$dfixr) refers (Special) to usenofp.o(x$fpl$usenofp) for __I$use$fp
    dfix.o(x$fpl$dfixr) refers to dnaninf.o(x$fpl$dnaninf) for __fpl_dnaninf
    dsqrt_noumaal.o(x$fpl$dsqrt) refers (Special) to usenofp.o(x$fpl$usenofp) for __I$use$fp
    dsqrt_noumaal.o(x$fpl$dsqrt) refers to dnaninf.o(x$fpl$dnaninf) for __fpl_dnaninf
    frleqf.o(x$fpl$frleqf) refers (Special) to usenofp.o(x$fpl$usenofp) for __I$use$fp
    frleqf.o(x$fpl$frleqf) refers to fleqf.o(x$fpl$fleqf) for __fpl_fcmple_InfNaN
    scalbnf.o(x$fpl$scalbnf) refers (Special) to usenofp.o(x$fpl$usenofp) for __I$use$fp
    scalbnf.o(x$fpl$scalbnf) refers to fcheck1.o(x$fpl$fcheck1) for __fpl_fcheck_NaN1
    fpclassifyf.o(i.__ARM_fpclassifyf) refers (Special) to usenofp.o(x$fpl$usenofp) for __I$use$fp
    funder.o(i.__mathlib_flt_divzero) refers to fdiv.o(x$fpl$fdiv) for __aeabi_fdiv
    funder.o(i.__mathlib_flt_infnan) refers to scalbnf.o(x$fpl$scalbnf) for __ARM_scalbnf
    funder.o(i.__mathlib_flt_infnan2) refers to faddsub_clz.o(x$fpl$fadd) for __aeabi_fadd
    funder.o(i.__mathlib_flt_invalid) refers to fdiv.o(x$fpl$fdiv) for __aeabi_fdiv
    funder.o(i.__mathlib_flt_overflow) refers to scalbnf.o(x$fpl$scalbnf) for __ARM_scalbnf
    funder.o(i.__mathlib_flt_posinfnan) refers to fmul.o(x$fpl$fmul) for __aeabi_fmul
    funder.o(i.__mathlib_flt_underflow) refers to scalbnf.o(x$fpl$scalbnf) for __ARM_scalbnf
    sqrtf.o(i.__softfp_sqrtf) refers (Special) to usenofp.o(x$fpl$usenofp) for __I$use$fp
    sqrtf.o(i.__softfp_sqrtf) refers to fsqrt.o(x$fpl$fsqrt) for _fsqrt
    sqrtf.o(i.__softfp_sqrtf) refers to _rserrno.o(.text) for __set_errno
    sqrtf.o(i.sqrtf) refers (Special) to usenofp.o(x$fpl$usenofp) for __I$use$fp
    sqrtf.o(i.sqrtf) refers to fsqrt.o(x$fpl$fsqrt) for _fsqrt
    sqrtf.o(i.sqrtf) refers to _rserrno.o(.text) for __set_errno
    sqrtf_x.o(i.____softfp_sqrtf$lsc) refers (Special) to usenofp.o(x$fpl$usenofp) for __I$use$fp
    sqrtf_x.o(i.____softfp_sqrtf$lsc) refers to _rserrno.o(.text) for __set_errno
    sqrtf_x.o(i.____softfp_sqrtf$lsc) refers to fsqrt.o(x$fpl$fsqrt) for _fsqrt
    sqrtf_x.o(i.__sqrtf$lsc) refers (Special) to usenofp.o(x$fpl$usenofp) for __I$use$fp
    sqrtf_x.o(i.__sqrtf$lsc) refers to _rserrno.o(.text) for __set_errno
    sqrtf_x.o(i.__sqrtf$lsc) refers to fsqrt.o(x$fpl$fsqrt) for _fsqrt
    libspace.o(.text) refers to libspace.o(.bss) for __libspace_start
    sys_stackheap_outer.o(.text) refers to libspace.o(.text) for __user_perproc_libspace
    sys_stackheap_outer.o(.text) refers to startup_stm32f10x_md.o(.text) for __user_initial_stackheap
    exit.o(.text) refers to rtexit.o(.ARM.Collect$$rtexit$$00000000) for __rt_exit
    libinit.o(.ARM.Collect$$libinit$$00000000) refers (Special) to libinit2.o(.ARM.Collect$$libinit$$0000002E) for __rt_lib_init_alloca_1
    libinit.o(.ARM.Collect$$libinit$$00000000) refers (Special) to libinit2.o(.ARM.Collect$$libinit$$0000002C) for __rt_lib_init_argv_1
    libinit.o(.ARM.Collect$$libinit$$00000000) refers (Special) to libinit2.o(.ARM.Collect$$libinit$$0000001B) for __rt_lib_init_atexit_1
    libinit.o(.ARM.Collect$$libinit$$00000000) refers (Special) to libinit2.o(.ARM.Collect$$libinit$$00000021) for __rt_lib_init_clock_1
    libinit.o(.ARM.Collect$$libinit$$00000000) refers (Special) to libinit2.o(.ARM.Collect$$libinit$$00000032) for __rt_lib_init_cpp_1
    libinit.o(.ARM.Collect$$libinit$$00000000) refers (Special) to libinit2.o(.ARM.Collect$$libinit$$00000030) for __rt_lib_init_exceptions_1
    libinit.o(.ARM.Collect$$libinit$$00000000) refers (Special) to libinit2.o(.ARM.Collect$$libinit$$00000002) for __rt_lib_init_fp_1
    libinit.o(.ARM.Collect$$libinit$$00000000) refers (Special) to libinit2.o(.ARM.Collect$$libinit$$0000001F) for __rt_lib_init_fp_trap_1
    libinit.o(.ARM.Collect$$libinit$$00000000) refers (Special) to libinit2.o(.ARM.Collect$$libinit$$00000023) for __rt_lib_init_getenv_1
    libinit.o(.ARM.Collect$$libinit$$00000000) refers (Special) to libinit2.o(.ARM.Collect$$libinit$$0000000A) for __rt_lib_init_heap_1
    libinit.o(.ARM.Collect$$libinit$$00000000) refers (Special) to libinit2.o(.ARM.Collect$$libinit$$00000011) for __rt_lib_init_lc_collate_1
    libinit.o(.ARM.Collect$$libinit$$00000000) refers (Special) to libinit2.o(.ARM.Collect$$libinit$$00000013) for __rt_lib_init_lc_ctype_1
    libinit.o(.ARM.Collect$$libinit$$00000000) refers (Special) to libinit2.o(.ARM.Collect$$libinit$$00000015) for __rt_lib_init_lc_monetary_1
    libinit.o(.ARM.Collect$$libinit$$00000000) refers (Special) to libinit2.o(.ARM.Collect$$libinit$$00000017) for __rt_lib_init_lc_numeric_1
    libinit.o(.ARM.Collect$$libinit$$00000000) refers (Special) to libinit2.o(.ARM.Collect$$libinit$$00000019) for __rt_lib_init_lc_time_1
    libinit.o(.ARM.Collect$$libinit$$00000000) refers (Special) to libinit2.o(.ARM.Collect$$libinit$$00000004) for __rt_lib_init_preinit_1
    libinit.o(.ARM.Collect$$libinit$$00000000) refers (Special) to libinit2.o(.ARM.Collect$$libinit$$0000000E) for __rt_lib_init_rand_1
    libinit.o(.ARM.Collect$$libinit$$00000000) refers (Special) to libinit2.o(.ARM.Collect$$libinit$$00000033) for __rt_lib_init_return
    libinit.o(.ARM.Collect$$libinit$$00000000) refers (Special) to libinit2.o(.ARM.Collect$$libinit$$0000001D) for __rt_lib_init_signal_1
    libinit.o(.ARM.Collect$$libinit$$00000000) refers (Special) to libinit2.o(.ARM.Collect$$libinit$$00000025) for __rt_lib_init_stdio_1
    libinit.o(.ARM.Collect$$libinit$$00000000) refers (Special) to libinit2.o(.ARM.Collect$$libinit$$0000000C) for __rt_lib_init_user_alloc_1
    fcheck1.o(x$fpl$fcheck1) refers (Special) to usenofp.o(x$fpl$usenofp) for __I$use$fp
    fcheck1.o(x$fpl$fcheck1) refers to retnan.o(x$fpl$retnan) for __fpl_return_NaN
    fleqf.o(x$fpl$fleqf) refers (Special) to usenofp.o(x$fpl$usenofp) for __I$use$fp
    fleqf.o(x$fpl$fleqf) refers to fnaninf.o(x$fpl$fnaninf) for __fpl_fnaninf
    fleqf.o(x$fpl$fleqf) refers to fcmpi.o(x$fpl$fcmpinf) for __fpl_fcmp_Inf
    fsqrt.o(x$fpl$fsqrt) refers (Special) to usenofp.o(x$fpl$usenofp) for __I$use$fp
    fsqrt.o(x$fpl$fsqrt) refers to fnaninf.o(x$fpl$fnaninf) for __fpl_fnaninf
    retnan.o(x$fpl$retnan) refers (Special) to usenofp.o(x$fpl$usenofp) for __I$use$fp
    retnan.o(x$fpl$retnan) refers to trapv.o(x$fpl$trapveneer) for __fpl_cmpreturn
    rtexit.o(.ARM.Collect$$rtexit$$00000000) refers (Special) to rtexit2.o(.ARM.Collect$$rtexit$$00000004) for __rt_exit_exit
    rtexit.o(.ARM.Collect$$rtexit$$00000000) refers (Special) to rtexit2.o(.ARM.Collect$$rtexit$$00000003) for __rt_exit_ls
    rtexit.o(.ARM.Collect$$rtexit$$00000000) refers (Special) to rtexit2.o(.ARM.Collect$$rtexit$$00000002) for __rt_exit_prels_1
    rtexit.o(.ARM.exidx) refers (Special) to rtexit2.o(.ARM.Collect$$rtexit$$00000004) for __rt_exit_exit
    rtexit.o(.ARM.exidx) refers (Special) to rtexit2.o(.ARM.Collect$$rtexit$$00000003) for __rt_exit_ls
    rtexit.o(.ARM.exidx) refers (Special) to rtexit2.o(.ARM.Collect$$rtexit$$00000002) for __rt_exit_prels_1
    rtexit.o(.ARM.exidx) refers to rtexit.o(.ARM.Collect$$rtexit$$00000000) for .ARM.Collect$$rtexit$$00000000
    libinit2.o(.ARM.Collect$$libinit$$00000010) refers to libinit2.o(.ARM.Collect$$libinit$$0000000F) for .ARM.Collect$$libinit$$0000000F
    libinit2.o(.ARM.Collect$$libinit$$00000012) refers to libinit2.o(.ARM.Collect$$libinit$$0000000F) for .ARM.Collect$$libinit$$0000000F
    libinit2.o(.ARM.Collect$$libinit$$00000014) refers to libinit2.o(.ARM.Collect$$libinit$$0000000F) for .ARM.Collect$$libinit$$0000000F
    libinit2.o(.ARM.Collect$$libinit$$00000016) refers to libinit2.o(.ARM.Collect$$libinit$$0000000F) for .ARM.Collect$$libinit$$0000000F
    libinit2.o(.ARM.Collect$$libinit$$00000018) refers to libinit2.o(.ARM.Collect$$libinit$$0000000F) for .ARM.Collect$$libinit$$0000000F
    libinit2.o(.ARM.Collect$$libinit$$00000026) refers to argv_veneer.o(.emb_text) for __ARM_argv_veneer
    libinit2.o(.ARM.Collect$$libinit$$00000027) refers to argv_veneer.o(.emb_text) for __ARM_argv_veneer
    fcmpi.o(x$fpl$fcmpinf) refers (Special) to usenofp.o(x$fpl$usenofp) for __I$use$fp
    trapv.o(x$fpl$trapveneer) refers (Special) to usenofp.o(x$fpl$usenofp) for __I$use$fp
    rtexit2.o(.ARM.Collect$$rtexit$$00000003) refers to libshutdown.o(.ARM.Collect$$libshutdown$$00000000) for __rt_lib_shutdown
    rtexit2.o(.ARM.Collect$$rtexit$$00000004) refers to sys_exit.o(.text) for _sys_exit
    rtexit2.o(.ARM.exidx) refers to rtexit2.o(.ARM.Collect$$rtexit$$00000001) for .ARM.Collect$$rtexit$$00000001
    rtexit2.o(.ARM.exidx) refers to rtexit2.o(.ARM.Collect$$rtexit$$00000003) for .ARM.Collect$$rtexit$$00000003
    rtexit2.o(.ARM.exidx) refers to rtexit2.o(.ARM.Collect$$rtexit$$00000004) for .ARM.Collect$$rtexit$$00000004
    argv_veneer.o(.emb_text) refers to no_argv.o(.text) for __ARM_get_argv
    sys_exit.o(.text) refers (Special) to use_no_semi.o(.text) for __I$use$semihosting
    sys_exit.o(.text) refers (Special) to indicate_semi.o(.text) for __semihosting_library_function
    _get_argv_nomalloc.o(.text) refers (Special) to hrguard.o(.text) for __heap_region$guard
    _get_argv_nomalloc.o(.text) refers to defsig_rtmem_outer.o(.text) for __rt_SIGRTMEM
    _get_argv_nomalloc.o(.text) refers to sys_command.o(.text) for _sys_command_string
    libshutdown.o(.ARM.Collect$$libshutdown$$00000000) refers (Special) to libshutdown2.o(.ARM.Collect$$libshutdown$$00000002) for __rt_lib_shutdown_cpp_1
    libshutdown.o(.ARM.Collect$$libshutdown$$00000000) refers (Special) to libshutdown2.o(.ARM.Collect$$libshutdown$$00000007) for __rt_lib_shutdown_fp_trap_1
    libshutdown.o(.ARM.Collect$$libshutdown$$00000000) refers (Special) to libshutdown2.o(.ARM.Collect$$libshutdown$$0000000F) for __rt_lib_shutdown_heap_1
    libshutdown.o(.ARM.Collect$$libshutdown$$00000000) refers (Special) to libshutdown2.o(.ARM.Collect$$libshutdown$$00000010) for __rt_lib_shutdown_return
    libshutdown.o(.ARM.Collect$$libshutdown$$00000000) refers (Special) to libshutdown2.o(.ARM.Collect$$libshutdown$$0000000A) for __rt_lib_shutdown_signal_1
    libshutdown.o(.ARM.Collect$$libshutdown$$00000000) refers (Special) to libshutdown2.o(.ARM.Collect$$libshutdown$$00000004) for __rt_lib_shutdown_stdio_1
    libshutdown.o(.ARM.Collect$$libshutdown$$00000000) refers (Special) to libshutdown2.o(.ARM.Collect$$libshutdown$$0000000C) for __rt_lib_shutdown_user_alloc_1
    sys_command.o(.text) refers (Special) to use_no_semi.o(.text) for __I$use$semihosting
    sys_command.o(.text) refers (Special) to indicate_semi.o(.text) for __semihosting_library_function
    defsig_rtmem_outer.o(.text) refers to defsig_rtmem_inner.o(.text) for __rt_SIGRTMEM_inner
    defsig_rtmem_outer.o(.text) refers to defsig_exit.o(.text) for __sig_exit
    defsig_rtmem_formal.o(.text) refers to rt_raise.o(.text) for __rt_raise
    rt_raise.o(.text) refers to __raise.o(.text) for __raise
    rt_raise.o(.text) refers to sys_exit.o(.text) for _sys_exit
    defsig_exit.o(.text) refers to sys_exit.o(.text) for _sys_exit
    defsig_rtmem_inner.o(.text) refers to defsig_general.o(.text) for __default_signal_display
    __raise.o(.text) refers to defsig.o(CL$$defsig) for __default_signal_handler
    defsig_general.o(.text) refers to sys_wrch.o(.text) for _ttywrch
    sys_wrch.o(.text) refers (Special) to use_no_semi.o(.text) for __I$use$semihosting
    sys_wrch.o(.text) refers (Special) to indicate_semi.o(.text) for __semihosting_library_function
    defsig.o(CL$$defsig) refers to defsig_rtmem_inner.o(.text) for __rt_SIGRTMEM_inner
    defsig_abrt_inner.o(.text) refers to defsig_general.o(.text) for __default_signal_display
    defsig_fpe_inner.o(.text) refers to defsig_general.o(.text) for __default_signal_display
    defsig_rtred_inner.o(.text) refers to defsig_general.o(.text) for __default_signal_display
    defsig_stak_inner.o(.text) refers to defsig_general.o(.text) for __default_signal_display
    defsig_pvfn_inner.o(.text) refers to defsig_general.o(.text) for __default_signal_display
    defsig_cppl_inner.o(.text) refers to defsig_general.o(.text) for __default_signal_display
    defsig_segv_inner.o(.text) refers to defsig_general.o(.text) for __default_signal_display
    defsig_other.o(.text) refers to defsig_general.o(.text) for __default_signal_display
    main.o(i.__ARM_common_complex_float_multiply) refers to fmul.o(x$fpl$fmul) for __aeabi_fmul
    main.o(i.__ARM_common_complex_float_multiply) refers to faddsub_clz.o(x$fpl$fadd) for __aeabi_fadd
    main.o(i.__ARM_common_complex_float_multiply) refers to faddsub_clz.o(x$fpl$frsb) for __aeabi_frsub


==============================================================================

Removing Unused input sections from the image.

    Removing core_cm3.o(.emb_text), (32 bytes).
    Removing system_stm32f10x.o(i.SystemCoreClockUpdate), (164 bytes).
    Removing system_stm32f10x.o(.data), (20 bytes).
    Removing gpio.o(i.LED_GPIO_Init), (52 bytes).
    Removing gpio.o(i.LED_Off), (20 bytes).
    Removing gpio.o(i.LED_On), (20 bytes).
    Removing gpio.o(i.LED_toggle), (28 bytes).
    Removing gpio.o(i.Led_State), (20 bytes).
    Removing tims.o(i.delay_us), (108 bytes).
    Removing tims.o(i.tim2_init), (116 bytes).
    Removing tims.o(i.tim2_start), (18 bytes).
    Removing tims.o(i.tim3_init), (44 bytes).
    Removing tims.o(i.tim3_start), (20 bytes).
    Removing tims.o(i.tim3_stop), (20 bytes).

14 unused section(s) (total 682 bytes) removed from the image.

==============================================================================

Image Symbol Table

    Local Symbols

    Symbol Name                              Value     Ov Type        Size  Object(Section)

    ../clib/angel/boardlib.s                 0x00000000   Number         0  boardinit1.o ABSOLUTE
    ../clib/angel/boardlib.s                 0x00000000   Number         0  boardinit3.o ABSOLUTE
    ../clib/angel/boardlib.s                 0x00000000   Number         0  boardinit2.o ABSOLUTE
    ../clib/angel/boardlib.s                 0x00000000   Number         0  boardshut.o ABSOLUTE
    ../clib/angel/dclz77c.s                  0x00000000   Number         0  __dclz77c.o ABSOLUTE
    ../clib/angel/handlers.s                 0x00000000   Number         0  __scatter_zi.o ABSOLUTE
    ../clib/angel/kernel.s                   0x00000000   Number         0  __rtentry4.o ABSOLUTE
    ../clib/angel/kernel.s                   0x00000000   Number         0  rtexit.o ABSOLUTE
    ../clib/angel/kernel.s                   0x00000000   Number         0  __rtentry2.o ABSOLUTE
    ../clib/angel/kernel.s                   0x00000000   Number         0  rtexit2.o ABSOLUTE
    ../clib/angel/kernel.s                   0x00000000   Number         0  __rtentry.o ABSOLUTE
    ../clib/angel/rt.s                       0x00000000   Number         0  rt_errno_addr.o ABSOLUTE
    ../clib/angel/rt.s                       0x00000000   Number         0  rt_errno_addr_intlibspace.o ABSOLUTE
    ../clib/angel/rt.s                       0x00000000   Number         0  rt_raise.o ABSOLUTE
    ../clib/angel/scatter.s                  0x00000000   Number         0  __scatter.o ABSOLUTE
    ../clib/angel/startup.s                  0x00000000   Number         0  __main.o ABSOLUTE
    ../clib/angel/sys.s                      0x00000000   Number         0  use_no_semi.o ABSOLUTE
    ../clib/angel/sys.s                      0x00000000   Number         0  sys_stackheap_outer.o ABSOLUTE
    ../clib/angel/sys.s                      0x00000000   Number         0  indicate_semi.o ABSOLUTE
    ../clib/angel/sys.s                      0x00000000   Number         0  libspace.o ABSOLUTE
    ../clib/angel/sysapp.c                   0x00000000   Number         0  sys_wrch.o ABSOLUTE
    ../clib/angel/sysapp.c                   0x00000000   Number         0  sys_exit.o ABSOLUTE
    ../clib/angel/sysapp.c                   0x00000000   Number         0  sys_command.o ABSOLUTE
    ../clib/armsys.c                         0x00000000   Number         0  argv_veneer.o ABSOLUTE
    ../clib/armsys.c                         0x00000000   Number         0  _get_argv_nomalloc.o ABSOLUTE
    ../clib/armsys.c                         0x00000000   Number         0  no_argv.o ABSOLUTE
    ../clib/armsys.c                         0x00000000   Number         0  argv_veneer.o ABSOLUTE
    ../clib/fenv.c                           0x00000000   Number         0  _rserrno.o ABSOLUTE
    ../clib/heapalloc.c                      0x00000000   Number         0  hrguard.o ABSOLUTE
    ../clib/heapaux.c                        0x00000000   Number         0  heapauxi.o ABSOLUTE
    ../clib/libinit.s                        0x00000000   Number         0  libinit2.o ABSOLUTE
    ../clib/libinit.s                        0x00000000   Number         0  libshutdown2.o ABSOLUTE
    ../clib/libinit.s                        0x00000000   Number         0  libinit.o ABSOLUTE
    ../clib/libinit.s                        0x00000000   Number         0  libshutdown.o ABSOLUTE
    ../clib/signal.c                         0x00000000   Number         0  __raise.o ABSOLUTE
    ../clib/signal.c                         0x00000000   Number         0  defsig_rtmem_inner.o ABSOLUTE
    ../clib/signal.c                         0x00000000   Number         0  defsig_exit.o ABSOLUTE
    ../clib/signal.c                         0x00000000   Number         0  defsig_rtmem_outer.o ABSOLUTE
    ../clib/signal.c                         0x00000000   Number         0  defsig_rtmem_formal.o ABSOLUTE
    ../clib/signal.c                         0x00000000   Number         0  defsig_other.o ABSOLUTE
    ../clib/signal.c                         0x00000000   Number         0  defsig_segv_inner.o ABSOLUTE
    ../clib/signal.c                         0x00000000   Number         0  defsig_cppl_inner.o ABSOLUTE
    ../clib/signal.c                         0x00000000   Number         0  defsig_pvfn_inner.o ABSOLUTE
    ../clib/signal.c                         0x00000000   Number         0  defsig_stak_inner.o ABSOLUTE
    ../clib/signal.c                         0x00000000   Number         0  defsig_rtred_inner.o ABSOLUTE
    ../clib/signal.c                         0x00000000   Number         0  defsig_fpe_inner.o ABSOLUTE
    ../clib/signal.c                         0x00000000   Number         0  defsig_abrt_inner.o ABSOLUTE
    ../clib/signal.c                         0x00000000   Number         0  defsig_general.o ABSOLUTE
    ../clib/signal.s                         0x00000000   Number         0  defsig.o ABSOLUTE
    ../clib/stdlib.c                         0x00000000   Number         0  exit.o ABSOLUTE
    ../fplib/d2f.s                           0x00000000   Number         0  d2f.o ABSOLUTE
    ../fplib/daddsub.s                       0x00000000   Number         0  daddsub_clz.o ABSOLUTE
    ../fplib/dcheck1.s                       0x00000000   Number         0  dcheck1.o ABSOLUTE
    ../fplib/dcmpi.s                         0x00000000   Number         0  dcmpi.o ABSOLUTE
    ../fplib/ddiv.s                          0x00000000   Number         0  ddiv.o ABSOLUTE
    ../fplib/deqf.s                          0x00000000   Number         0  deqf.o ABSOLUTE
    ../fplib/dfix.s                          0x00000000   Number         0  dfix.o ABSOLUTE
    ../fplib/dfixu.s                         0x00000000   Number         0  dfixu.o ABSOLUTE
    ../fplib/dflt.s                          0x00000000   Number         0  dflt_clz.o ABSOLUTE
    ../fplib/dleqf.s                         0x00000000   Number         0  dleqf.o ABSOLUTE
    ../fplib/dmul.s                          0x00000000   Number         0  dmul.o ABSOLUTE
    ../fplib/dnaninf.s                       0x00000000   Number         0  dnaninf.o ABSOLUTE
    ../fplib/dretinf.s                       0x00000000   Number         0  dretinf.o ABSOLUTE
    ../fplib/drleqf.s                        0x00000000   Number         0  drleqf.o ABSOLUTE
    ../fplib/dsqrt.s                         0x00000000   Number         0  dsqrt_noumaal.o ABSOLUTE
    ../fplib/f2d.s                           0x00000000   Number         0  f2d.o ABSOLUTE
    ../fplib/faddsub.s                       0x00000000   Number         0  faddsub_clz.o ABSOLUTE
    ../fplib/fcheck1.s                       0x00000000   Number         0  fcheck1.o ABSOLUTE
    ../fplib/fcmpi.s                         0x00000000   Number         0  fcmpi.o ABSOLUTE
    ../fplib/fdiv.s                          0x00000000   Number         0  fdiv.o ABSOLUTE
    ../fplib/fflt.s                          0x00000000   Number         0  fflt_clz.o ABSOLUTE
    ../fplib/fleqf.s                         0x00000000   Number         0  fleqf.o ABSOLUTE
    ../fplib/fmul.s                          0x00000000   Number         0  fmul.o ABSOLUTE
    ../fplib/fnaninf.s                       0x00000000   Number         0  fnaninf.o ABSOLUTE
    ../fplib/fpinit.s                        0x00000000   Number         0  fpinit.o ABSOLUTE
    ../fplib/fretinf.s                       0x00000000   Number         0  fretinf.o ABSOLUTE
    ../fplib/frleqf.s                        0x00000000   Number         0  frleqf.o ABSOLUTE
    ../fplib/fsqrt.s                         0x00000000   Number         0  fsqrt.o ABSOLUTE
    ../fplib/retnan.s                        0x00000000   Number         0  retnan.o ABSOLUTE
    ../fplib/scalbn.s                        0x00000000   Number         0  scalbn.o ABSOLUTE
    ../fplib/scalbnf.s                       0x00000000   Number         0  scalbnf.o ABSOLUTE
    ../fplib/trapv.s                         0x00000000   Number         0  trapv.o ABSOLUTE
    ../fplib/usenofp.s                       0x00000000   Number         0  usenofp.o ABSOLUTE
    ../mathlib/complex/cabs.c                0x00000000   Number         0  cabsf.o ABSOLUTE
    ../mathlib/cos.c                         0x00000000   Number         0  cos_x.o ABSOLUTE
    ../mathlib/cos.c                         0x00000000   Number         0  cos.o ABSOLUTE
    ../mathlib/cos_i.c                       0x00000000   Number         0  cos_i.o ABSOLUTE
    ../mathlib/dunder.c                      0x00000000   Number         0  dunder.o ABSOLUTE
    ../mathlib/fpclassify.c                  0x00000000   Number         0  fpclassify.o ABSOLUTE
    ../mathlib/fpclassifyf.c                 0x00000000   Number         0  fpclassifyf.o ABSOLUTE
    ../mathlib/frexp.c                       0x00000000   Number         0  frexp.o ABSOLUTE
    ../mathlib/funder.c                      0x00000000   Number         0  funder.o ABSOLUTE
    ../mathlib/hypotf.c                      0x00000000   Number         0  hypotf_x.o ABSOLUTE
    ../mathlib/hypotf.c                      0x00000000   Number         0  hypotf.o ABSOLUTE
    ../mathlib/log.c                         0x00000000   Number         0  log.o ABSOLUTE
    ../mathlib/log.c                         0x00000000   Number         0  log_x.o ABSOLUTE
    ../mathlib/log2.c                        0x00000000   Number         0  log2.o ABSOLUTE
    ../mathlib/log2.c                        0x00000000   Number         0  log2_x.o ABSOLUTE
    ../mathlib/poly.c                        0x00000000   Number         0  poly.o ABSOLUTE
    ../mathlib/pow.c                         0x00000000   Number         0  pow_x.o ABSOLUTE
    ../mathlib/pow.c                         0x00000000   Number         0  pow.o ABSOLUTE
    ../mathlib/qnan.c                        0x00000000   Number         0  qnan.o ABSOLUTE
    ../mathlib/rred.c                        0x00000000   Number         0  rred.o ABSOLUTE
    ../mathlib/sin.c                         0x00000000   Number         0  sin.o ABSOLUTE
    ../mathlib/sin.c                         0x00000000   Number         0  sin_x.o ABSOLUTE
    ../mathlib/sin_i.c                       0x00000000   Number         0  sin_i_x.o ABSOLUTE
    ../mathlib/sin_i.c                       0x00000000   Number         0  sin_i.o ABSOLUTE
    ../mathlib/sqrt.c                        0x00000000   Number         0  sqrt.o ABSOLUTE
    ../mathlib/sqrt.c                        0x00000000   Number         0  sqrt_x.o ABSOLUTE
    ../mathlib/sqrtf.c                       0x00000000   Number         0  sqrtf_x.o ABSOLUTE
    ../mathlib/sqrtf.c                       0x00000000   Number         0  sqrtf.o ABSOLUTE
    CMSIS\Sources\core_cm3.c                 0x00000000   Number         0  core_cm3.o ABSOLUTE
    CMSIS\Sources\system_stm32f10x.c         0x00000000   Number         0  system_stm32f10x.o ABSOLUTE
    CMSIS\\Sources\\core_cm3.c               0x00000000   Number         0  core_cm3.o ABSOLUTE
    Startup\startup_stm32f10x_md.s           0x00000000   Number         0  startup_stm32f10x_md.o ABSOLUTE
    User\Source\gpio.c                       0x00000000   Number         0  gpio.o ABSOLUTE
    User\Source\main.c                       0x00000000   Number         0  main.o ABSOLUTE
    User\Source\tims.c                       0x00000000   Number         0  tims.o ABSOLUTE
    dc.s                                     0x00000000   Number         0  dc.o ABSOLUTE
    RESET                                    0x08000000   Section      236  startup_stm32f10x_md.o(RESET)
    !!!main                                  0x080000ec   Section        8  __main.o(!!!main)
    !!!scatter                               0x080000f4   Section       52  __scatter.o(!!!scatter)
    !!dclz77c                                0x08000128   Section      100  __dclz77c.o(!!dclz77c)
    !!handler_zi                             0x0800018c   Section       28  __scatter_zi.o(!!handler_zi)
    .ARM.Collect$$libinit$$00000000          0x080001a8   Section        2  libinit.o(.ARM.Collect$$libinit$$00000000)
    .ARM.Collect$$libinit$$00000002          0x080001aa   Section        0  libinit2.o(.ARM.Collect$$libinit$$00000002)
    .ARM.Collect$$libinit$$00000004          0x080001aa   Section        0  libinit2.o(.ARM.Collect$$libinit$$00000004)
    .ARM.Collect$$libinit$$0000000A          0x080001aa   Section        0  libinit2.o(.ARM.Collect$$libinit$$0000000A)
    .ARM.Collect$$libinit$$0000000C          0x080001aa   Section        0  libinit2.o(.ARM.Collect$$libinit$$0000000C)
    .ARM.Collect$$libinit$$0000000E          0x080001aa   Section        0  libinit2.o(.ARM.Collect$$libinit$$0000000E)
    .ARM.Collect$$libinit$$00000011          0x080001aa   Section        0  libinit2.o(.ARM.Collect$$libinit$$00000011)
    .ARM.Collect$$libinit$$00000013          0x080001aa   Section        0  libinit2.o(.ARM.Collect$$libinit$$00000013)
    .ARM.Collect$$libinit$$00000015          0x080001aa   Section        0  libinit2.o(.ARM.Collect$$libinit$$00000015)
    .ARM.Collect$$libinit$$00000017          0x080001aa   Section        0  libinit2.o(.ARM.Collect$$libinit$$00000017)
    .ARM.Collect$$libinit$$00000019          0x080001aa   Section        0  libinit2.o(.ARM.Collect$$libinit$$00000019)
    .ARM.Collect$$libinit$$0000001B          0x080001aa   Section        0  libinit2.o(.ARM.Collect$$libinit$$0000001B)
    .ARM.Collect$$libinit$$0000001D          0x080001aa   Section        0  libinit2.o(.ARM.Collect$$libinit$$0000001D)
    .ARM.Collect$$libinit$$0000001F          0x080001aa   Section        0  libinit2.o(.ARM.Collect$$libinit$$0000001F)
    .ARM.Collect$$libinit$$00000021          0x080001aa   Section        0  libinit2.o(.ARM.Collect$$libinit$$00000021)
    .ARM.Collect$$libinit$$00000023          0x080001aa   Section        0  libinit2.o(.ARM.Collect$$libinit$$00000023)
    .ARM.Collect$$libinit$$00000025          0x080001aa   Section        0  libinit2.o(.ARM.Collect$$libinit$$00000025)
    .ARM.Collect$$libinit$$0000002C          0x080001aa   Section        0  libinit2.o(.ARM.Collect$$libinit$$0000002C)
    .ARM.Collect$$libinit$$0000002E          0x080001aa   Section        0  libinit2.o(.ARM.Collect$$libinit$$0000002E)
    .ARM.Collect$$libinit$$00000030          0x080001aa   Section        0  libinit2.o(.ARM.Collect$$libinit$$00000030)
    .ARM.Collect$$libinit$$00000032          0x080001aa   Section        0  libinit2.o(.ARM.Collect$$libinit$$00000032)
    .ARM.Collect$$libinit$$00000033          0x080001aa   Section        2  libinit2.o(.ARM.Collect$$libinit$$00000033)
    .ARM.Collect$$libshutdown$$00000000      0x080001ac   Section        2  libshutdown.o(.ARM.Collect$$libshutdown$$00000000)
    .ARM.Collect$$libshutdown$$00000002      0x080001ae   Section        0  libshutdown2.o(.ARM.Collect$$libshutdown$$00000002)
    .ARM.Collect$$libshutdown$$00000004      0x080001ae   Section        0  libshutdown2.o(.ARM.Collect$$libshutdown$$00000004)
    .ARM.Collect$$libshutdown$$00000007      0x080001ae   Section        0  libshutdown2.o(.ARM.Collect$$libshutdown$$00000007)
    .ARM.Collect$$libshutdown$$0000000A      0x080001ae   Section        0  libshutdown2.o(.ARM.Collect$$libshutdown$$0000000A)
    .ARM.Collect$$libshutdown$$0000000C      0x080001ae   Section        0  libshutdown2.o(.ARM.Collect$$libshutdown$$0000000C)
    .ARM.Collect$$libshutdown$$0000000F      0x080001ae   Section        0  libshutdown2.o(.ARM.Collect$$libshutdown$$0000000F)
    .ARM.Collect$$libshutdown$$00000010      0x080001ae   Section        2  libshutdown2.o(.ARM.Collect$$libshutdown$$00000010)
    .ARM.Collect$$rtentry$$00000000          0x080001b0   Section        0  __rtentry.o(.ARM.Collect$$rtentry$$00000000)
    .ARM.Collect$$rtentry$$00000002          0x080001b0   Section        0  __rtentry2.o(.ARM.Collect$$rtentry$$00000002)
    .ARM.Collect$$rtentry$$00000004          0x080001b0   Section        6  __rtentry4.o(.ARM.Collect$$rtentry$$00000004)
    .ARM.Collect$$rtentry$$00000009          0x080001b6   Section        0  __rtentry2.o(.ARM.Collect$$rtentry$$00000009)
    .ARM.Collect$$rtentry$$0000000A          0x080001b6   Section        4  __rtentry2.o(.ARM.Collect$$rtentry$$0000000A)
    .ARM.Collect$$rtentry$$0000000C          0x080001ba   Section        0  __rtentry2.o(.ARM.Collect$$rtentry$$0000000C)
    .ARM.Collect$$rtentry$$0000000D          0x080001ba   Section        8  __rtentry2.o(.ARM.Collect$$rtentry$$0000000D)
    .ARM.Collect$$rtexit$$00000000           0x080001c2   Section        2  rtexit.o(.ARM.Collect$$rtexit$$00000000)
    .ARM.Collect$$rtexit$$00000002           0x080001c4   Section        0  rtexit2.o(.ARM.Collect$$rtexit$$00000002)
    .ARM.Collect$$rtexit$$00000003           0x080001c4   Section        4  rtexit2.o(.ARM.Collect$$rtexit$$00000003)
    .ARM.Collect$$rtexit$$00000004           0x080001c8   Section        6  rtexit2.o(.ARM.Collect$$rtexit$$00000004)
    .text                                    0x080001d0   Section       64  startup_stm32f10x_md.o(.text)
    .text                                    0x08000210   Section        0  heapauxi.o(.text)
    .text                                    0x08000216   Section        0  _rserrno.o(.text)
    .text                                    0x0800022c   Section        8  rt_errno_addr_intlibspace.o(.text)
    .text                                    0x08000234   Section        8  libspace.o(.text)
    .text                                    0x0800023c   Section       74  sys_stackheap_outer.o(.text)
    .text                                    0x08000286   Section        0  exit.o(.text)
    .text                                    0x08000298   Section        0  sys_exit.o(.text)
    .text                                    0x080002a4   Section        2  use_no_semi.o(.text)
    .text                                    0x080002a6   Section        0  indicate_semi.o(.text)
    i.SetSysClock                            0x080002a6   Section        0  system_stm32f10x.o(i.SetSysClock)
    SetSysClock                              0x080002a7   Thumb Code     8  system_stm32f10x.o(i.SetSysClock)
    i.SetSysClockTo72                        0x080002b0   Section        0  system_stm32f10x.o(i.SetSysClockTo72)
    SetSysClockTo72                          0x080002b1   Thumb Code   214  system_stm32f10x.o(i.SetSysClockTo72)
    i.SystemInit                             0x08000390   Section        0  system_stm32f10x.o(i.SystemInit)
    i.TIM2_IRQHandler                        0x080003f0   Section        0  tims.o(i.TIM2_IRQHandler)
    i.__ARM_common_complex_float_multiply    0x08000402   Section        0  main.o(i.__ARM_common_complex_float_multiply)
    i.__ARM_fpclassify                       0x08000444   Section        0  fpclassify.o(i.__ARM_fpclassify)
    i.__ARM_fpclassifyf                      0x0800046c   Section        0  fpclassifyf.o(i.__ARM_fpclassifyf)
    i.__ieee754_rem_pio2                     0x08000494   Section        0  rred.o(i.__ieee754_rem_pio2)
    i.__kernel_cos                           0x0800081c   Section        0  cos_i.o(i.__kernel_cos)
    i.__kernel_poly                          0x08000918   Section        0  poly.o(i.__kernel_poly)
    i.__kernel_sin                           0x080009c4   Section        0  sin_i.o(i.__kernel_sin)
    i.__mathlib_dbl_divzero                  0x08000ab0   Section        0  dunder.o(i.__mathlib_dbl_divzero)
    i.__mathlib_dbl_infnan                   0x08000ac0   Section        0  dunder.o(i.__mathlib_dbl_infnan)
    i.__mathlib_dbl_infnan2                  0x08000ac6   Section        0  dunder.o(i.__mathlib_dbl_infnan2)
    i.__mathlib_dbl_invalid                  0x08000aca   Section        0  dunder.o(i.__mathlib_dbl_invalid)
    i.__mathlib_dbl_overflow                 0x08000ad6   Section        0  dunder.o(i.__mathlib_dbl_overflow)
    i.__mathlib_dbl_underflow                0x08000ae4   Section        0  dunder.o(i.__mathlib_dbl_underflow)
    i.__mathlib_flt_infnan2                  0x08000af4   Section        0  funder.o(i.__mathlib_flt_infnan2)
    i.__mathlib_flt_overflow                 0x08000af8   Section        0  funder.o(i.__mathlib_flt_overflow)
    i.__mathlib_flt_underflow                0x08000b02   Section        0  funder.o(i.__mathlib_flt_underflow)
    i.arr_inv_trans                          0x08000b0c   Section        0  main.o(i.arr_inv_trans)
    i.cabsf                                  0x08000b56   Section        0  cabsf.o(i.cabsf)
    i.cos                                    0x08000b5c   Section        0  cos.o(i.cos)
    i.fft_user                               0x08000bf8   Section        0  main.o(i.fft_user)
    i.frexp                                  0x08000d94   Section        0  frexp.o(i.frexp)
    i.hypotf                                 0x08000dec   Section        0  hypotf.o(i.hypotf)
    i.log                                    0x08000fb8   Section        0  log.o(i.log)
    i.log2                                   0x08001314   Section        0  log2.o(i.log2)
    i.main                                   0x080013ac   Section        0  main.o(i.main)
    i.next_bin_inv_num_fun                   0x080013c8   Section        0  main.o(i.next_bin_inv_num_fun)
    i.pow                                    0x08001468   Section        0  pow.o(i.pow)
    i.sin                                    0x08001e40   Section        0  sin.o(i.sin)
    i.sqrt                                   0x08001ee0   Section        0  sqrt.o(i.sqrt)
    i.sqrtf                                  0x08001f2c   Section        0  sqrtf.o(i.sqrtf)
    i.wn1_calc                               0x08001f58   Section        0  main.o(i.wn1_calc)
    i.wnk_calc                               0x08001fd0   Section        0  main.o(i.wnk_calc)
    x$fpl$d2f                                0x0800200c   Section       98  d2f.o(x$fpl$d2f)
    x$fpl$dadd                               0x08002070   Section      336  daddsub_clz.o(x$fpl$dadd)
    _dadd1                                   0x08002081   Thumb Code     0  daddsub_clz.o(x$fpl$dadd)
    x$fpl$dcheck1                            0x080021c0   Section       16  dcheck1.o(x$fpl$dcheck1)
    x$fpl$dcmpinf                            0x080021d0   Section       24  dcmpi.o(x$fpl$dcmpinf)
    x$fpl$ddiv                               0x080021e8   Section      688  ddiv.o(x$fpl$ddiv)
    ddiv_entry                               0x080021ef   Thumb Code     0  ddiv.o(x$fpl$ddiv)
    x$fpl$deqf                               0x08002498   Section      120  deqf.o(x$fpl$deqf)
    x$fpl$dfix                               0x08002510   Section       94  dfix.o(x$fpl$dfix)
    x$fpl$dfixu                              0x08002570   Section       90  dfixu.o(x$fpl$dfixu)
    x$fpl$dflt                               0x080025ca   Section       46  dflt_clz.o(x$fpl$dflt)
    x$fpl$dfltu                              0x080025f8   Section       38  dflt_clz.o(x$fpl$dfltu)
    x$fpl$dleqf                              0x08002620   Section      120  dleqf.o(x$fpl$dleqf)
    x$fpl$dmul                               0x08002698   Section      340  dmul.o(x$fpl$dmul)
    x$fpl$dnaninf                            0x080027ec   Section      156  dnaninf.o(x$fpl$dnaninf)
    x$fpl$dretinf                            0x08002888   Section       12  dretinf.o(x$fpl$dretinf)
    x$fpl$drleqf                             0x08002894   Section      108  drleqf.o(x$fpl$drleqf)
    x$fpl$drsb                               0x08002900   Section       22  daddsub_clz.o(x$fpl$drsb)
    x$fpl$dsqrt                              0x08002918   Section      460  dsqrt_noumaal.o(x$fpl$dsqrt)
    x$fpl$dsub                               0x08002ae4   Section      468  daddsub_clz.o(x$fpl$dsub)
    _dsub1                                   0x08002af5   Thumb Code     0  daddsub_clz.o(x$fpl$dsub)
    x$fpl$f2d                                0x08002cb8   Section       86  f2d.o(x$fpl$f2d)
    x$fpl$fadd                               0x08002d10   Section      196  faddsub_clz.o(x$fpl$fadd)
    _fadd1                                   0x08002d1f   Thumb Code     0  faddsub_clz.o(x$fpl$fadd)
    x$fpl$fcheck1                            0x08002dd4   Section       12  fcheck1.o(x$fpl$fcheck1)
    x$fpl$fcmpinf                            0x08002de0   Section       24  fcmpi.o(x$fpl$fcmpinf)
    x$fpl$fdiv                               0x08002df8   Section      388  fdiv.o(x$fpl$fdiv)
    _fdiv1                                   0x08002df9   Thumb Code     0  fdiv.o(x$fpl$fdiv)
    x$fpl$ffltu                              0x08002f7c   Section       38  fflt_clz.o(x$fpl$ffltu)
    x$fpl$fleqf                              0x08002fa4   Section      104  fleqf.o(x$fpl$fleqf)
    x$fpl$fmul                               0x0800300c   Section      258  fmul.o(x$fpl$fmul)
    x$fpl$fnaninf                            0x0800310e   Section      140  fnaninf.o(x$fpl$fnaninf)
    x$fpl$fretinf                            0x0800319a   Section       10  fretinf.o(x$fpl$fretinf)
    x$fpl$frleqf                             0x080031a4   Section       98  frleqf.o(x$fpl$frleqf)
    x$fpl$frsb                               0x08003206   Section       20  faddsub_clz.o(x$fpl$frsb)
    x$fpl$fsqrt                              0x0800321c   Section      272  fsqrt.o(x$fpl$fsqrt)
    x$fpl$fsub                               0x0800332c   Section      234  faddsub_clz.o(x$fpl$fsub)
    _fsub1                                   0x0800333b   Thumb Code     0  faddsub_clz.o(x$fpl$fsub)
    x$fpl$retnan                             0x08003416   Section      100  retnan.o(x$fpl$retnan)
    x$fpl$scalbn                             0x0800347a   Section       92  scalbn.o(x$fpl$scalbn)
    x$fpl$scalbnf                            0x080034d6   Section       76  scalbnf.o(x$fpl$scalbnf)
    x$fpl$trapveneer                         0x08003522   Section       48  trapv.o(x$fpl$trapveneer)
    x$fpl$usenofp                            0x08003552   Section        0  usenofp.o(x$fpl$usenofp)
    .constdata                               0x08003558   Section      136  pow.o(.constdata)
    bp                                       0x08003558   Data          16  pow.o(.constdata)
    dp_h                                     0x08003568   Data          16  pow.o(.constdata)
    dp_l                                     0x08003578   Data          16  pow.o(.constdata)
    L                                        0x08003588   Data          48  pow.o(.constdata)
    P                                        0x080035b8   Data          40  pow.o(.constdata)
    .constdata                               0x080035e0   Section       48  cos_i.o(.constdata)
    C                                        0x080035e0   Data          48  cos_i.o(.constdata)
    .constdata                               0x08003610   Section       56  log.o(.constdata)
    Lg2                                      0x08003610   Data          24  log.o(.constdata)
    Lg                                       0x08003628   Data          32  log.o(.constdata)
    .constdata                               0x08003648   Section        8  qnan.o(.constdata)
    .constdata                               0x08003650   Section      200  rred.o(.constdata)
    pio2s                                    0x08003650   Data          48  rred.o(.constdata)
    twooverpi                                0x08003680   Data         152  rred.o(.constdata)
    .constdata                               0x08003718   Section       40  sin_i.o(.constdata)
    S                                        0x08003718   Data          40  sin_i.o(.constdata)
    .data                                    0x20000000   Section     8220  main.o(.data)
    .bss                                     0x2000201c   Section     2052  main.o(.bss)
    .bss                                     0x20002820   Section       96  libspace.o(.bss)
    HEAP                                     0x20002880   Section      512  startup_stm32f10x_md.o(HEAP)
    Heap_Mem                                 0x20002880   Data         512  startup_stm32f10x_md.o(HEAP)
    STACK                                    0x20002a80   Section     1024  startup_stm32f10x_md.o(STACK)
    Stack_Mem                                0x20002a80   Data        1024  startup_stm32f10x_md.o(STACK)
    __initial_sp                             0x20002e80   Data           0  startup_stm32f10x_md.o(STACK)

    Global Symbols

    Symbol Name                              Value     Ov Type        Size  Object(Section)

    BuildAttributes$$THM_ISAv4$P$D$K$B$S$PE$A:L22UL41UL21$X:L11$S22US41US21$IEEE1$IW$USESV6$~STKCKD$USESV7$~SHL$OTIME$ROPI$IEEEX$EBA8$UX$STANDARDLIB$REQ8$PRES8$EABIv2 0x00000000   Number         0  anon$$obj.o ABSOLUTE
    __ARM_use_no_argv                        0x00000000   Number         0  main.o ABSOLUTE
    __ARM_exceptions_init                     - Undefined Weak Reference
    __alloca_initialize                       - Undefined Weak Reference
    __arm_preinit_                            - Undefined Weak Reference
    __cpp_initialize__aeabi_                  - Undefined Weak Reference
    __cxa_finalize                            - Undefined Weak Reference
    __rt_locale                               - Undefined Weak Reference
    __sigvec_lookup                           - Undefined Weak Reference
    _atexit_init                              - Undefined Weak Reference
    _call_atexit_fns                          - Undefined Weak Reference
    _clock_init                               - Undefined Weak Reference
    _fp_trap_init                             - Undefined Weak Reference
    _fp_trap_shutdown                         - Undefined Weak Reference
    _get_lc_collate                           - Undefined Weak Reference
    _get_lc_ctype                             - Undefined Weak Reference
    _get_lc_monetary                          - Undefined Weak Reference
    _get_lc_numeric                           - Undefined Weak Reference
    _get_lc_time                              - Undefined Weak Reference
    _getenv_init                              - Undefined Weak Reference
    _handle_redirection                       - Undefined Weak Reference
    _init_alloc                               - Undefined Weak Reference
    _init_user_alloc                          - Undefined Weak Reference
    _initio                                   - Undefined Weak Reference
    _rand_init                                - Undefined Weak Reference
    _signal_finish                            - Undefined Weak Reference
    _signal_init                              - Undefined Weak Reference
    _terminate_alloc                          - Undefined Weak Reference
    _terminate_user_alloc                     - Undefined Weak Reference
    _terminateio                              - Undefined Weak Reference
    __Vectors_Size                           0x000000ec   Number         0  startup_stm32f10x_md.o ABSOLUTE
    __Vectors                                0x08000000   Data           4  startup_stm32f10x_md.o(RESET)
    __Vectors_End                            0x080000ec   Data           0  startup_stm32f10x_md.o(RESET)
    __main                                   0x080000ed   Thumb Code     8  __main.o(!!!main)
    __scatterload                            0x080000f5   Thumb Code     0  __scatter.o(!!!scatter)
    __scatterload_rt2                        0x080000f5   Thumb Code    44  __scatter.o(!!!scatter)
    __scatterload_rt2_thumb_only             0x080000f5   Thumb Code     0  __scatter.o(!!!scatter)
    __scatterload_null                       0x08000103   Thumb Code     0  __scatter.o(!!!scatter)
    __decompress                             0x08000129   Thumb Code   100  __dclz77c.o(!!dclz77c)
    __decompress2                            0x08000129   Thumb Code     0  __dclz77c.o(!!dclz77c)
    __scatterload_zeroinit                   0x0800018d   Thumb Code    28  __scatter_zi.o(!!handler_zi)
    __rt_lib_init                            0x080001a9   Thumb Code     0  libinit.o(.ARM.Collect$$libinit$$00000000)
    __rt_lib_init_alloca_1                   0x080001ab   Thumb Code     0  libinit2.o(.ARM.Collect$$libinit$$0000002E)
    __rt_lib_init_argv_1                     0x080001ab   Thumb Code     0  libinit2.o(.ARM.Collect$$libinit$$0000002C)
    __rt_lib_init_atexit_1                   0x080001ab   Thumb Code     0  libinit2.o(.ARM.Collect$$libinit$$0000001B)
    __rt_lib_init_clock_1                    0x080001ab   Thumb Code     0  libinit2.o(.ARM.Collect$$libinit$$00000021)
    __rt_lib_init_cpp_1                      0x080001ab   Thumb Code     0  libinit2.o(.ARM.Collect$$libinit$$00000032)
    __rt_lib_init_exceptions_1               0x080001ab   Thumb Code     0  libinit2.o(.ARM.Collect$$libinit$$00000030)
    __rt_lib_init_fp_1                       0x080001ab   Thumb Code     0  libinit2.o(.ARM.Collect$$libinit$$00000002)
    __rt_lib_init_fp_trap_1                  0x080001ab   Thumb Code     0  libinit2.o(.ARM.Collect$$libinit$$0000001F)
    __rt_lib_init_getenv_1                   0x080001ab   Thumb Code     0  libinit2.o(.ARM.Collect$$libinit$$00000023)
    __rt_lib_init_heap_1                     0x080001ab   Thumb Code     0  libinit2.o(.ARM.Collect$$libinit$$0000000A)
    __rt_lib_init_lc_collate_1               0x080001ab   Thumb Code     0  libinit2.o(.ARM.Collect$$libinit$$00000011)
    __rt_lib_init_lc_ctype_1                 0x080001ab   Thumb Code     0  libinit2.o(.ARM.Collect$$libinit$$00000013)
    __rt_lib_init_lc_monetary_1              0x080001ab   Thumb Code     0  libinit2.o(.ARM.Collect$$libinit$$00000015)
    __rt_lib_init_lc_numeric_1               0x080001ab   Thumb Code     0  libinit2.o(.ARM.Collect$$libinit$$00000017)
    __rt_lib_init_lc_time_1                  0x080001ab   Thumb Code     0  libinit2.o(.ARM.Collect$$libinit$$00000019)
    __rt_lib_init_preinit_1                  0x080001ab   Thumb Code     0  libinit2.o(.ARM.Collect$$libinit$$00000004)
    __rt_lib_init_rand_1                     0x080001ab   Thumb Code     0  libinit2.o(.ARM.Collect$$libinit$$0000000E)
    __rt_lib_init_return                     0x080001ab   Thumb Code     0  libinit2.o(.ARM.Collect$$libinit$$00000033)
    __rt_lib_init_signal_1                   0x080001ab   Thumb Code     0  libinit2.o(.ARM.Collect$$libinit$$0000001D)
    __rt_lib_init_stdio_1                    0x080001ab   Thumb Code     0  libinit2.o(.ARM.Collect$$libinit$$00000025)
    __rt_lib_init_user_alloc_1               0x080001ab   Thumb Code     0  libinit2.o(.ARM.Collect$$libinit$$0000000C)
    __rt_lib_shutdown                        0x080001ad   Thumb Code     0  libshutdown.o(.ARM.Collect$$libshutdown$$00000000)
    __rt_lib_shutdown_cpp_1                  0x080001af   Thumb Code     0  libshutdown2.o(.ARM.Collect$$libshutdown$$00000002)
    __rt_lib_shutdown_fp_trap_1              0x080001af   Thumb Code     0  libshutdown2.o(.ARM.Collect$$libshutdown$$00000007)
    __rt_lib_shutdown_heap_1                 0x080001af   Thumb Code     0  libshutdown2.o(.ARM.Collect$$libshutdown$$0000000F)
    __rt_lib_shutdown_return                 0x080001af   Thumb Code     0  libshutdown2.o(.ARM.Collect$$libshutdown$$00000010)
    __rt_lib_shutdown_signal_1               0x080001af   Thumb Code     0  libshutdown2.o(.ARM.Collect$$libshutdown$$0000000A)
    __rt_lib_shutdown_stdio_1                0x080001af   Thumb Code     0  libshutdown2.o(.ARM.Collect$$libshutdown$$00000004)
    __rt_lib_shutdown_user_alloc_1           0x080001af   Thumb Code     0  libshutdown2.o(.ARM.Collect$$libshutdown$$0000000C)
    __rt_entry                               0x080001b1   Thumb Code     0  __rtentry.o(.ARM.Collect$$rtentry$$00000000)
    __rt_entry_presh_1                       0x080001b1   Thumb Code     0  __rtentry2.o(.ARM.Collect$$rtentry$$00000002)
    __rt_entry_sh                            0x080001b1   Thumb Code     0  __rtentry4.o(.ARM.Collect$$rtentry$$00000004)
    __rt_entry_li                            0x080001b7   Thumb Code     0  __rtentry2.o(.ARM.Collect$$rtentry$$0000000A)
    __rt_entry_postsh_1                      0x080001b7   Thumb Code     0  __rtentry2.o(.ARM.Collect$$rtentry$$00000009)
    __rt_entry_main                          0x080001bb   Thumb Code     0  __rtentry2.o(.ARM.Collect$$rtentry$$0000000D)
    __rt_entry_postli_1                      0x080001bb   Thumb Code     0  __rtentry2.o(.ARM.Collect$$rtentry$$0000000C)
    __rt_exit                                0x080001c3   Thumb Code     0  rtexit.o(.ARM.Collect$$rtexit$$00000000)
    __rt_exit_ls                             0x080001c5   Thumb Code     0  rtexit2.o(.ARM.Collect$$rtexit$$00000003)
    __rt_exit_prels_1                        0x080001c5   Thumb Code     0  rtexit2.o(.ARM.Collect$$rtexit$$00000002)
    __rt_exit_exit                           0x080001c9   Thumb Code     0  rtexit2.o(.ARM.Collect$$rtexit$$00000004)
    Reset_Handler                            0x080001d1   Thumb Code     8  startup_stm32f10x_md.o(.text)
    NMI_Handler                              0x080001d9   Thumb Code     2  startup_stm32f10x_md.o(.text)
    HardFault_Handler                        0x080001db   Thumb Code     2  startup_stm32f10x_md.o(.text)
    MemManage_Handler                        0x080001dd   Thumb Code     2  startup_stm32f10x_md.o(.text)
    BusFault_Handler                         0x080001df   Thumb Code     2  startup_stm32f10x_md.o(.text)
    UsageFault_Handler                       0x080001e1   Thumb Code     2  startup_stm32f10x_md.o(.text)
    SVC_Handler                              0x080001e3   Thumb Code     2  startup_stm32f10x_md.o(.text)
    DebugMon_Handler                         0x080001e5   Thumb Code     2  startup_stm32f10x_md.o(.text)
    PendSV_Handler                           0x080001e7   Thumb Code     2  startup_stm32f10x_md.o(.text)
    SysTick_Handler                          0x080001e9   Thumb Code     2  startup_stm32f10x_md.o(.text)
    ADC1_2_IRQHandler                        0x080001eb   Thumb Code     0  startup_stm32f10x_md.o(.text)
    CAN1_RX1_IRQHandler                      0x080001eb   Thumb Code     0  startup_stm32f10x_md.o(.text)
    CAN1_SCE_IRQHandler                      0x080001eb   Thumb Code     0  startup_stm32f10x_md.o(.text)
    DMA1_Channel1_IRQHandler                 0x080001eb   Thumb Code     0  startup_stm32f10x_md.o(.text)
    DMA1_Channel2_IRQHandler                 0x080001eb   Thumb Code     0  startup_stm32f10x_md.o(.text)
    DMA1_Channel3_IRQHandler                 0x080001eb   Thumb Code     0  startup_stm32f10x_md.o(.text)
    DMA1_Channel4_IRQHandler                 0x080001eb   Thumb Code     0  startup_stm32f10x_md.o(.text)
    DMA1_Channel5_IRQHandler                 0x080001eb   Thumb Code     0  startup_stm32f10x_md.o(.text)
    DMA1_Channel6_IRQHandler                 0x080001eb   Thumb Code     0  startup_stm32f10x_md.o(.text)
    DMA1_Channel7_IRQHandler                 0x080001eb   Thumb Code     0  startup_stm32f10x_md.o(.text)
    EXTI0_IRQHandler                         0x080001eb   Thumb Code     0  startup_stm32f10x_md.o(.text)
    EXTI15_10_IRQHandler                     0x080001eb   Thumb Code     0  startup_stm32f10x_md.o(.text)
    EXTI1_IRQHandler                         0x080001eb   Thumb Code     0  startup_stm32f10x_md.o(.text)
    EXTI2_IRQHandler                         0x080001eb   Thumb Code     0  startup_stm32f10x_md.o(.text)
    EXTI3_IRQHandler                         0x080001eb   Thumb Code     0  startup_stm32f10x_md.o(.text)
    EXTI4_IRQHandler                         0x080001eb   Thumb Code     0  startup_stm32f10x_md.o(.text)
    EXTI9_5_IRQHandler                       0x080001eb   Thumb Code     0  startup_stm32f10x_md.o(.text)
    FLASH_IRQHandler                         0x080001eb   Thumb Code     0  startup_stm32f10x_md.o(.text)
    I2C1_ER_IRQHandler                       0x080001eb   Thumb Code     0  startup_stm32f10x_md.o(.text)
    I2C1_EV_IRQHandler                       0x080001eb   Thumb Code     0  startup_stm32f10x_md.o(.text)
    I2C2_ER_IRQHandler                       0x080001eb   Thumb Code     0  startup_stm32f10x_md.o(.text)
    I2C2_EV_IRQHandler                       0x080001eb   Thumb Code     0  startup_stm32f10x_md.o(.text)
    PVD_IRQHandler                           0x080001eb   Thumb Code     0  startup_stm32f10x_md.o(.text)
    RCC_IRQHandler                           0x080001eb   Thumb Code     0  startup_stm32f10x_md.o(.text)
    RTCAlarm_IRQHandler                      0x080001eb   Thumb Code     0  startup_stm32f10x_md.o(.text)
    RTC_IRQHandler                           0x080001eb   Thumb Code     0  startup_stm32f10x_md.o(.text)
    SPI1_IRQHandler                          0x080001eb   Thumb Code     0  startup_stm32f10x_md.o(.text)
    SPI2_IRQHandler                          0x080001eb   Thumb Code     0  startup_stm32f10x_md.o(.text)
    TAMPER_IRQHandler                        0x080001eb   Thumb Code     0  startup_stm32f10x_md.o(.text)
    TIM1_BRK_IRQHandler                      0x080001eb   Thumb Code     0  startup_stm32f10x_md.o(.text)
    TIM1_CC_IRQHandler                       0x080001eb   Thumb Code     0  startup_stm32f10x_md.o(.text)
    TIM1_TRG_COM_IRQHandler                  0x080001eb   Thumb Code     0  startup_stm32f10x_md.o(.text)
    TIM1_UP_IRQHandler                       0x080001eb   Thumb Code     0  startup_stm32f10x_md.o(.text)
    TIM3_IRQHandler                          0x080001eb   Thumb Code     0  startup_stm32f10x_md.o(.text)
    TIM4_IRQHandler                          0x080001eb   Thumb Code     0  startup_stm32f10x_md.o(.text)
    USART1_IRQHandler                        0x080001eb   Thumb Code     0  startup_stm32f10x_md.o(.text)
    USART2_IRQHandler                        0x080001eb   Thumb Code     0  startup_stm32f10x_md.o(.text)
    USART3_IRQHandler                        0x080001eb   Thumb Code     0  startup_stm32f10x_md.o(.text)
    USBWakeUp_IRQHandler                     0x080001eb   Thumb Code     0  startup_stm32f10x_md.o(.text)
    USB_HP_CAN1_TX_IRQHandler                0x080001eb   Thumb Code     0  startup_stm32f10x_md.o(.text)
    USB_LP_CAN1_RX0_IRQHandler               0x080001eb   Thumb Code     0  startup_stm32f10x_md.o(.text)
    WWDG_IRQHandler                          0x080001eb   Thumb Code     0  startup_stm32f10x_md.o(.text)
    __user_initial_stackheap                 0x080001ed   Thumb Code     0  startup_stm32f10x_md.o(.text)
    __use_two_region_memory                  0x08000211   Thumb Code     2  heapauxi.o(.text)
    __rt_heap_escrow$2region                 0x08000213   Thumb Code     2  heapauxi.o(.text)
    __rt_heap_expand$2region                 0x08000215   Thumb Code     2  heapauxi.o(.text)
    __read_errno                             0x08000217   Thumb Code    10  _rserrno.o(.text)
    __set_errno                              0x08000221   Thumb Code    12  _rserrno.o(.text)
    __aeabi_errno_addr                       0x0800022d   Thumb Code     8  rt_errno_addr_intlibspace.o(.text)
    __errno$intlibspace                      0x0800022d   Thumb Code     0  rt_errno_addr_intlibspace.o(.text)
    __rt_errno_addr$intlibspace              0x0800022d   Thumb Code     0  rt_errno_addr_intlibspace.o(.text)
    __user_libspace                          0x08000235   Thumb Code     8  libspace.o(.text)
    __user_perproc_libspace                  0x08000235   Thumb Code     0  libspace.o(.text)
    __user_perthread_libspace                0x08000235   Thumb Code     0  libspace.o(.text)
    __user_setup_stackheap                   0x0800023d   Thumb Code    74  sys_stackheap_outer.o(.text)
    exit                                     0x08000287   Thumb Code    18  exit.o(.text)
    _sys_exit                                0x08000299   Thumb Code     8  sys_exit.o(.text)
    __I$use$semihosting                      0x080002a5   Thumb Code     0  use_no_semi.o(.text)
    __use_no_semihosting_swi                 0x080002a5   Thumb Code     2  use_no_semi.o(.text)
    __semihosting_library_function           0x080002a7   Thumb Code     0  indicate_semi.o(.text)
    SystemInit                               0x08000391   Thumb Code    78  system_stm32f10x.o(i.SystemInit)
    TIM2_IRQHandler                          0x080003f1   Thumb Code    18  tims.o(i.TIM2_IRQHandler)
    __ARM_common_complex_float_multiply      0x08000403   Thumb Code    66  main.o(i.__ARM_common_complex_float_multiply)
    __ARM_fpclassify                         0x08000445   Thumb Code    40  fpclassify.o(i.__ARM_fpclassify)
    __ARM_fpclassifyf                        0x0800046d   Thumb Code    38  fpclassifyf.o(i.__ARM_fpclassifyf)
    __ieee754_rem_pio2                       0x08000495   Thumb Code   828  rred.o(i.__ieee754_rem_pio2)
    __kernel_cos                             0x0800081d   Thumb Code   230  cos_i.o(i.__kernel_cos)
    __kernel_poly                            0x08000919   Thumb Code   170  poly.o(i.__kernel_poly)
    __kernel_sin                             0x080009c5   Thumb Code   224  sin_i.o(i.__kernel_sin)
    __mathlib_dbl_divzero                    0x08000ab1   Thumb Code    12  dunder.o(i.__mathlib_dbl_divzero)
    __mathlib_dbl_infnan                     0x08000ac1   Thumb Code     6  dunder.o(i.__mathlib_dbl_infnan)
    __mathlib_dbl_infnan2                    0x08000ac7   Thumb Code     4  dunder.o(i.__mathlib_dbl_infnan2)
    __mathlib_dbl_invalid                    0x08000acb   Thumb Code    12  dunder.o(i.__mathlib_dbl_invalid)
    __mathlib_dbl_overflow                   0x08000ad7   Thumb Code    14  dunder.o(i.__mathlib_dbl_overflow)
    __mathlib_dbl_underflow                  0x08000ae5   Thumb Code    10  dunder.o(i.__mathlib_dbl_underflow)
    __mathlib_flt_infnan2                    0x08000af5   Thumb Code     4  funder.o(i.__mathlib_flt_infnan2)
    __mathlib_flt_overflow                   0x08000af9   Thumb Code    10  funder.o(i.__mathlib_flt_overflow)
    __mathlib_flt_underflow                  0x08000b03   Thumb Code    10  funder.o(i.__mathlib_flt_underflow)
    arr_inv_trans                            0x08000b0d   Thumb Code    74  main.o(i.arr_inv_trans)
    cabsf                                    0x08000b57   Thumb Code     4  cabsf.o(i.cabsf)
    cos                                      0x08000b5d   Thumb Code   148  cos.o(i.cos)
    fft_user                                 0x08000bf9   Thumb Code   410  main.o(i.fft_user)
    frexp                                    0x08000d95   Thumb Code    80  frexp.o(i.frexp)
    hypotf                                   0x08000ded   Thumb Code   456  hypotf.o(i.hypotf)
    log                                      0x08000fb9   Thumb Code   808  log.o(i.log)
    log2                                     0x08001315   Thumb Code   140  log2.o(i.log2)
    main                                     0x080013ad   Thumb Code    20  main.o(i.main)
    next_bin_inv_num_fun                     0x080013c9   Thumb Code   154  main.o(i.next_bin_inv_num_fun)
    pow                                      0x08001469   Thumb Code  2512  pow.o(i.pow)
    sin                                      0x08001e41   Thumb Code   150  sin.o(i.sin)
    sqrt                                     0x08001ee1   Thumb Code    76  sqrt.o(i.sqrt)
    sqrtf                                    0x08001f2d   Thumb Code    44  sqrtf.o(i.sqrtf)
    wn1_calc                                 0x08001f59   Thumb Code   108  main.o(i.wn1_calc)
    wnk_calc                                 0x08001fd1   Thumb Code    58  main.o(i.wnk_calc)
    __aeabi_d2f                              0x0800200d   Thumb Code     0  d2f.o(x$fpl$d2f)
    _d2f                                     0x0800200d   Thumb Code    98  d2f.o(x$fpl$d2f)
    __aeabi_dadd                             0x08002071   Thumb Code     0  daddsub_clz.o(x$fpl$dadd)
    _dadd                                    0x08002071   Thumb Code   332  daddsub_clz.o(x$fpl$dadd)
    __fpl_dcheck_NaN1                        0x080021c1   Thumb Code    10  dcheck1.o(x$fpl$dcheck1)
    __fpl_dcmp_Inf                           0x080021d1   Thumb Code    24  dcmpi.o(x$fpl$dcmpinf)
    __aeabi_ddiv                             0x080021e9   Thumb Code     0  ddiv.o(x$fpl$ddiv)
    _ddiv                                    0x080021e9   Thumb Code   552  ddiv.o(x$fpl$ddiv)
    __aeabi_cdcmpeq                          0x08002499   Thumb Code     0  deqf.o(x$fpl$deqf)
    _dcmpeq                                  0x08002499   Thumb Code   120  deqf.o(x$fpl$deqf)
    __aeabi_d2iz                             0x08002511   Thumb Code     0  dfix.o(x$fpl$dfix)
    _dfix                                    0x08002511   Thumb Code    94  dfix.o(x$fpl$dfix)
    __aeabi_d2uiz                            0x08002571   Thumb Code     0  dfixu.o(x$fpl$dfixu)
    _dfixu                                   0x08002571   Thumb Code    90  dfixu.o(x$fpl$dfixu)
    __aeabi_i2d                              0x080025cb   Thumb Code     0  dflt_clz.o(x$fpl$dflt)
    _dflt                                    0x080025cb   Thumb Code    46  dflt_clz.o(x$fpl$dflt)
    __aeabi_ui2d                             0x080025f9   Thumb Code     0  dflt_clz.o(x$fpl$dfltu)
    _dfltu                                   0x080025f9   Thumb Code    38  dflt_clz.o(x$fpl$dfltu)
    __aeabi_cdcmple                          0x08002621   Thumb Code     0  dleqf.o(x$fpl$dleqf)
    _dcmple                                  0x08002621   Thumb Code   120  dleqf.o(x$fpl$dleqf)
    __fpl_dcmple_InfNaN                      0x08002683   Thumb Code     0  dleqf.o(x$fpl$dleqf)
    __aeabi_dmul                             0x08002699   Thumb Code     0  dmul.o(x$fpl$dmul)
    _dmul                                    0x08002699   Thumb Code   332  dmul.o(x$fpl$dmul)
    __fpl_dnaninf                            0x080027ed   Thumb Code   156  dnaninf.o(x$fpl$dnaninf)
    __fpl_dretinf                            0x08002889   Thumb Code    12  dretinf.o(x$fpl$dretinf)
    __aeabi_cdrcmple                         0x08002895   Thumb Code     0  drleqf.o(x$fpl$drleqf)
    _drcmple                                 0x08002895   Thumb Code   108  drleqf.o(x$fpl$drleqf)
    __aeabi_drsub                            0x08002901   Thumb Code     0  daddsub_clz.o(x$fpl$drsb)
    _drsb                                    0x08002901   Thumb Code    22  daddsub_clz.o(x$fpl$drsb)
    _dsqrt                                   0x08002919   Thumb Code   456  dsqrt_noumaal.o(x$fpl$dsqrt)
    __aeabi_dsub                             0x08002ae5   Thumb Code     0  daddsub_clz.o(x$fpl$dsub)
    _dsub                                    0x08002ae5   Thumb Code   464  daddsub_clz.o(x$fpl$dsub)
    __aeabi_f2d                              0x08002cb9   Thumb Code     0  f2d.o(x$fpl$f2d)
    _f2d                                     0x08002cb9   Thumb Code    86  f2d.o(x$fpl$f2d)
    __aeabi_fadd                             0x08002d11   Thumb Code     0  faddsub_clz.o(x$fpl$fadd)
    _fadd                                    0x08002d11   Thumb Code   196  faddsub_clz.o(x$fpl$fadd)
    __fpl_fcheck_NaN1                        0x08002dd5   Thumb Code     6  fcheck1.o(x$fpl$fcheck1)
    __fpl_fcmp_Inf                           0x08002de1   Thumb Code    24  fcmpi.o(x$fpl$fcmpinf)
    __aeabi_fdiv                             0x08002df9   Thumb Code     0  fdiv.o(x$fpl$fdiv)
    _fdiv                                    0x08002df9   Thumb Code   384  fdiv.o(x$fpl$fdiv)
    __aeabi_ui2f                             0x08002f7d   Thumb Code     0  fflt_clz.o(x$fpl$ffltu)
    _ffltu                                   0x08002f7d   Thumb Code    38  fflt_clz.o(x$fpl$ffltu)
    __aeabi_cfcmple                          0x08002fa5   Thumb Code     0  fleqf.o(x$fpl$fleqf)
    _fcmple                                  0x08002fa5   Thumb Code   104  fleqf.o(x$fpl$fleqf)
    __fpl_fcmple_InfNaN                      0x08002ff7   Thumb Code     0  fleqf.o(x$fpl$fleqf)
    __aeabi_fmul                             0x0800300d   Thumb Code     0  fmul.o(x$fpl$fmul)
    _fmul                                    0x0800300d   Thumb Code   258  fmul.o(x$fpl$fmul)
    __fpl_fnaninf                            0x0800310f   Thumb Code   140  fnaninf.o(x$fpl$fnaninf)
    __fpl_fretinf                            0x0800319b   Thumb Code    10  fretinf.o(x$fpl$fretinf)
    __aeabi_cfrcmple                         0x080031a5   Thumb Code     0  frleqf.o(x$fpl$frleqf)
    _frcmple                                 0x080031a5   Thumb Code    98  frleqf.o(x$fpl$frleqf)
    __aeabi_frsub                            0x08003207   Thumb Code     0  faddsub_clz.o(x$fpl$frsb)
    _frsb                                    0x08003207   Thumb Code    20  faddsub_clz.o(x$fpl$frsb)
    _fsqrt                                   0x0800321d   Thumb Code   272  fsqrt.o(x$fpl$fsqrt)
    __aeabi_fsub                             0x0800332d   Thumb Code     0  faddsub_clz.o(x$fpl$fsub)
    _fsub                                    0x0800332d   Thumb Code   234  faddsub_clz.o(x$fpl$fsub)
    __fpl_return_NaN                         0x08003417   Thumb Code   100  retnan.o(x$fpl$retnan)
    __ARM_scalbn                             0x0800347b   Thumb Code    92  scalbn.o(x$fpl$scalbn)
    __ARM_scalbnf                            0x080034d7   Thumb Code    76  scalbnf.o(x$fpl$scalbnf)
    __fpl_cmpreturn                          0x08003523   Thumb Code    48  trapv.o(x$fpl$trapveneer)
    __I$use$fp                               0x08003552   Number         0  usenofp.o(x$fpl$usenofp)
    __mathlib_zero                           0x08003648   Data           8  qnan.o(.constdata)
    Region$$Table$$Base                      0x08003740   Number         0  anon$$obj.o(Region$$Table)
    Region$$Table$$Limit                     0x08003760   Number         0  anon$$obj.o(Region$$Table)
    datas                                    0x20000000   Data        8192  main.o(.data)
    my_pi                                    0x20002000   Data           8  main.o(.data)
    bin_masks                                0x20002008   Data          20  main.o(.data)
    datas2                                   0x2000201c   Data        2052  main.o(.bss)
    __libspace_start                         0x20002820   Data          96  libspace.o(.bss)
    __temporary_stack_top$libspace           0x20002880   Data           0  libspace.o(.bss)



==============================================================================

Memory Map of the image

  Image Entry point : 0x080000ed

  Load Region LR_IROM1 (Base: 0x08000000, Size: 0x0000577c, Max: 0x00010000, ABSOLUTE, COMPRESSED[0x000046e8])

    Execution Region ER_IROM1 (Base: 0x08000000, Size: 0x00003760, Max: 0x00010000, ABSOLUTE)

    Base Addr    Size         Type   Attr      Idx    E Section Name        Object

    0x08000000   0x000000ec   Data   RO           60    RESET               startup_stm32f10x_md.o
    0x080000ec   0x00000008   Code   RO          229  * !!!main             c_w.l(__main.o)
    0x080000f4   0x00000034   Code   RO          601    !!!scatter          c_w.l(__scatter.o)
    0x08000128   0x00000064   Code   RO          599    !!dclz77c           c_w.l(__dclz77c.o)
    0x0800018c   0x0000001c   Code   RO          603    !!handler_zi        c_w.l(__scatter_zi.o)
    0x080001a8   0x00000002   Code   RO          460    .ARM.Collect$$libinit$$00000000  c_w.l(libinit.o)
    0x080001aa   0x00000000   Code   RO          472    .ARM.Collect$$libinit$$00000002  c_w.l(libinit2.o)
    0x080001aa   0x00000000   Code   RO          474    .ARM.Collect$$libinit$$00000004  c_w.l(libinit2.o)
    0x080001aa   0x00000000   Code   RO          477    .ARM.Collect$$libinit$$0000000A  c_w.l(libinit2.o)
    0x080001aa   0x00000000   Code   RO          479    .ARM.Collect$$libinit$$0000000C  c_w.l(libinit2.o)
    0x080001aa   0x00000000   Code   RO          481    .ARM.Collect$$libinit$$0000000E  c_w.l(libinit2.o)
    0x080001aa   0x00000000   Code   RO          484    .ARM.Collect$$libinit$$00000011  c_w.l(libinit2.o)
    0x080001aa   0x00000000   Code   RO          486    .ARM.Collect$$libinit$$00000013  c_w.l(libinit2.o)
    0x080001aa   0x00000000   Code   RO          488    .ARM.Collect$$libinit$$00000015  c_w.l(libinit2.o)
    0x080001aa   0x00000000   Code   RO          490    .ARM.Collect$$libinit$$00000017  c_w.l(libinit2.o)
    0x080001aa   0x00000000   Code   RO          492    .ARM.Collect$$libinit$$00000019  c_w.l(libinit2.o)
    0x080001aa   0x00000000   Code   RO          494    .ARM.Collect$$libinit$$0000001B  c_w.l(libinit2.o)
    0x080001aa   0x00000000   Code   RO          496    .ARM.Collect$$libinit$$0000001D  c_w.l(libinit2.o)
    0x080001aa   0x00000000   Code   RO          498    .ARM.Collect$$libinit$$0000001F  c_w.l(libinit2.o)
    0x080001aa   0x00000000   Code   RO          500    .ARM.Collect$$libinit$$00000021  c_w.l(libinit2.o)
    0x080001aa   0x00000000   Code   RO          502    .ARM.Collect$$libinit$$00000023  c_w.l(libinit2.o)
    0x080001aa   0x00000000   Code   RO          504    .ARM.Collect$$libinit$$00000025  c_w.l(libinit2.o)
    0x080001aa   0x00000000   Code   RO          508    .ARM.Collect$$libinit$$0000002C  c_w.l(libinit2.o)
    0x080001aa   0x00000000   Code   RO          510    .ARM.Collect$$libinit$$0000002E  c_w.l(libinit2.o)
    0x080001aa   0x00000000   Code   RO          512    .ARM.Collect$$libinit$$00000030  c_w.l(libinit2.o)
    0x080001aa   0x00000000   Code   RO          514    .ARM.Collect$$libinit$$00000032  c_w.l(libinit2.o)
    0x080001aa   0x00000002   Code   RO          515    .ARM.Collect$$libinit$$00000033  c_w.l(libinit2.o)
    0x080001ac   0x00000002   Code   RO          539    .ARM.Collect$$libshutdown$$00000000  c_w.l(libshutdown.o)
    0x080001ae   0x00000000   Code   RO          552    .ARM.Collect$$libshutdown$$00000002  c_w.l(libshutdown2.o)
    0x080001ae   0x00000000   Code   RO          554    .ARM.Collect$$libshutdown$$00000004  c_w.l(libshutdown2.o)
    0x080001ae   0x00000000   Code   RO          557    .ARM.Collect$$libshutdown$$00000007  c_w.l(libshutdown2.o)
    0x080001ae   0x00000000   Code   RO          560    .ARM.Collect$$libshutdown$$0000000A  c_w.l(libshutdown2.o)
    0x080001ae   0x00000000   Code   RO          562    .ARM.Collect$$libshutdown$$0000000C  c_w.l(libshutdown2.o)
    0x080001ae   0x00000000   Code   RO          565    .ARM.Collect$$libshutdown$$0000000F  c_w.l(libshutdown2.o)
    0x080001ae   0x00000002   Code   RO          566    .ARM.Collect$$libshutdown$$00000010  c_w.l(libshutdown2.o)
    0x080001b0   0x00000000   Code   RO          301    .ARM.Collect$$rtentry$$00000000  c_w.l(__rtentry.o)
    0x080001b0   0x00000000   Code   RO          391    .ARM.Collect$$rtentry$$00000002  c_w.l(__rtentry2.o)
    0x080001b0   0x00000006   Code   RO          403    .ARM.Collect$$rtentry$$00000004  c_w.l(__rtentry4.o)
    0x080001b6   0x00000000   Code   RO          393    .ARM.Collect$$rtentry$$00000009  c_w.l(__rtentry2.o)
    0x080001b6   0x00000004   Code   RO          394    .ARM.Collect$$rtentry$$0000000A  c_w.l(__rtentry2.o)
    0x080001ba   0x00000000   Code   RO          396    .ARM.Collect$$rtentry$$0000000C  c_w.l(__rtentry2.o)
    0x080001ba   0x00000008   Code   RO          397    .ARM.Collect$$rtentry$$0000000D  c_w.l(__rtentry2.o)
    0x080001c2   0x00000002   Code   RO          469    .ARM.Collect$$rtexit$$00000000  c_w.l(rtexit.o)
    0x080001c4   0x00000000   Code   RO          521    .ARM.Collect$$rtexit$$00000002  c_w.l(rtexit2.o)
    0x080001c4   0x00000004   Code   RO          522    .ARM.Collect$$rtexit$$00000003  c_w.l(rtexit2.o)
    0x080001c8   0x00000006   Code   RO          523    .ARM.Collect$$rtexit$$00000004  c_w.l(rtexit2.o)
    0x080001ce   0x00000002   PAD
    0x080001d0   0x00000040   Code   RO           61    .text               startup_stm32f10x_md.o
    0x08000210   0x00000006   Code   RO          227    .text               c_w.l(heapauxi.o)
    0x08000216   0x00000016   Code   RO          302    .text               c_w.l(_rserrno.o)
    0x0800022c   0x00000008   Code   RO          408    .text               c_w.l(rt_errno_addr_intlibspace.o)
    0x08000234   0x00000008   Code   RO          448    .text               c_w.l(libspace.o)
    0x0800023c   0x0000004a   Code   RO          451    .text               c_w.l(sys_stackheap_outer.o)
    0x08000286   0x00000012   Code   RO          453    .text               c_w.l(exit.o)
    0x08000298   0x0000000c   Code   RO          531    .text               c_w.l(sys_exit.o)
    0x080002a4   0x00000002   Code   RO          542    .text               c_w.l(use_no_semi.o)
    0x080002a6   0x00000000   Code   RO          544    .text               c_w.l(indicate_semi.o)
    0x080002a6   0x00000008   Code   RO           17    i.SetSysClock       system_stm32f10x.o
    0x080002ae   0x00000002   PAD
    0x080002b0   0x000000e0   Code   RO           18    i.SetSysClockTo72   system_stm32f10x.o
    0x08000390   0x00000060   Code   RO           20    i.SystemInit        system_stm32f10x.o
    0x080003f0   0x00000012   Code   RO          173    i.TIM2_IRQHandler   tims.o
    0x08000402   0x00000042   Code   RO          151    i.__ARM_common_complex_float_multiply  main.o
    0x08000444   0x00000028   Code   RO          344    i.__ARM_fpclassify  m_ws.l(fpclassify.o)
    0x0800046c   0x00000026   Code   RO          424    i.__ARM_fpclassifyf  m_ws.l(fpclassifyf.o)
    0x08000492   0x00000002   PAD
    0x08000494   0x00000388   Code   RO          371    i.__ieee754_rem_pio2  m_ws.l(rred.o)
    0x0800081c   0x000000fc   Code   RO          327    i.__kernel_cos      m_ws.l(cos_i.o)
    0x08000918   0x000000aa   Code   RO          368    i.__kernel_poly     m_ws.l(poly.o)
    0x080009c2   0x00000002   PAD
    0x080009c4   0x000000ec   Code   RO          376    i.__kernel_sin      m_ws.l(sin_i.o)
    0x08000ab0   0x00000010   Code   RO          330    i.__mathlib_dbl_divzero  m_ws.l(dunder.o)
    0x08000ac0   0x00000006   Code   RO          331    i.__mathlib_dbl_infnan  m_ws.l(dunder.o)
    0x08000ac6   0x00000004   Code   RO          332    i.__mathlib_dbl_infnan2  m_ws.l(dunder.o)
    0x08000aca   0x0000000c   Code   RO          333    i.__mathlib_dbl_invalid  m_ws.l(dunder.o)
    0x08000ad6   0x0000000e   Code   RO          334    i.__mathlib_dbl_overflow  m_ws.l(dunder.o)
    0x08000ae4   0x00000010   Code   RO          336    i.__mathlib_dbl_underflow  m_ws.l(dunder.o)
    0x08000af4   0x00000004   Code   RO          428    i.__mathlib_flt_infnan2  m_ws.l(funder.o)
    0x08000af8   0x0000000a   Code   RO          430    i.__mathlib_flt_overflow  m_ws.l(funder.o)
    0x08000b02   0x0000000a   Code   RO          432    i.__mathlib_flt_underflow  m_ws.l(funder.o)
    0x08000b0c   0x0000004a   Code   RO          108    i.arr_inv_trans     main.o
    0x08000b56   0x00000004   Code   RO          299    i.cabsf             m_ws.l(cabsf.o)
    0x08000b5a   0x00000002   PAD
    0x08000b5c   0x0000009c   Code   RO          270    i.cos               m_ws.l(cos.o)
    0x08000bf8   0x0000019a   Code   RO          109    i.fft_user          main.o
    0x08000d92   0x00000002   PAD
    0x08000d94   0x00000058   Code   RO          347    i.frexp             m_ws.l(frexp.o)
    0x08000dec   0x000001cc   Code   RO          351    i.hypotf            m_ws.l(hypotf.o)
    0x08000fb8   0x0000035c   Code   RO          359    i.log               m_ws.l(log.o)
    0x08001314   0x00000098   Code   RO          277    i.log2              m_ws.l(log2.o)
    0x080013ac   0x0000001c   Code   RO          110    i.main              main.o
    0x080013c8   0x000000a0   Code   RO          111    i.next_bin_inv_num_fun  main.o
    0x08001468   0x000009d8   Code   RO          282    i.pow               m_ws.l(pow.o)
    0x08001e40   0x000000a0   Code   RO          292    i.sin               m_ws.l(sin.o)
    0x08001ee0   0x0000004c   Code   RO          383    i.sqrt              m_ws.l(sqrt.o)
    0x08001f2c   0x0000002c   Code   RO          441    i.sqrtf             m_ws.l(sqrtf.o)
    0x08001f58   0x00000078   Code   RO          112    i.wn1_calc          main.o
    0x08001fd0   0x0000003a   Code   RO          113    i.wnk_calc          main.o
    0x0800200a   0x00000002   PAD
    0x0800200c   0x00000062   Code   RO          231    x$fpl$d2f           fz_ws.l(d2f.o)
    0x0800206e   0x00000002   PAD
    0x08002070   0x00000150   Code   RO          304    x$fpl$dadd          fz_ws.l(daddsub_clz.o)
    0x080021c0   0x00000010   Code   RO          410    x$fpl$dcheck1       fz_ws.l(dcheck1.o)
    0x080021d0   0x00000018   Code   RO          412    x$fpl$dcmpinf       fz_ws.l(dcmpi.o)
    0x080021e8   0x000002b0   Code   RO          234    x$fpl$ddiv          fz_ws.l(ddiv.o)
    0x08002498   0x00000078   Code   RO          310    x$fpl$deqf          fz_ws.l(deqf.o)
    0x08002510   0x0000005e   Code   RO          414    x$fpl$dfix          fz_ws.l(dfix.o)
    0x0800256e   0x00000002   PAD
    0x08002570   0x0000005a   Code   RO          237    x$fpl$dfixu         fz_ws.l(dfixu.o)
    0x080025ca   0x0000002e   Code   RO          242    x$fpl$dflt          fz_ws.l(dflt_clz.o)
    0x080025f8   0x00000026   Code   RO          241    x$fpl$dfltu         fz_ws.l(dflt_clz.o)
    0x0800261e   0x00000002   PAD
    0x08002620   0x00000078   Code   RO          312    x$fpl$dleqf         fz_ws.l(dleqf.o)
    0x08002698   0x00000154   Code   RO          247    x$fpl$dmul          fz_ws.l(dmul.o)
    0x080027ec   0x0000009c   Code   RO          314    x$fpl$dnaninf       fz_ws.l(dnaninf.o)
    0x08002888   0x0000000c   Code   RO          316    x$fpl$dretinf       fz_ws.l(dretinf.o)
    0x08002894   0x0000006c   Code   RO          318    x$fpl$drleqf        fz_ws.l(drleqf.o)
    0x08002900   0x00000016   Code   RO          305    x$fpl$drsb          fz_ws.l(daddsub_clz.o)
    0x08002916   0x00000002   PAD
    0x08002918   0x000001cc   Code   RO          418    x$fpl$dsqrt         fz_ws.l(dsqrt_noumaal.o)
    0x08002ae4   0x000001d4   Code   RO          306    x$fpl$dsub          fz_ws.l(daddsub_clz.o)
    0x08002cb8   0x00000056   Code   RO          249    x$fpl$f2d           fz_ws.l(f2d.o)
    0x08002d0e   0x00000002   PAD
    0x08002d10   0x000000c4   Code   RO          251    x$fpl$fadd          fz_ws.l(faddsub_clz.o)
    0x08002dd4   0x0000000c   Code   RO          461    x$fpl$fcheck1       fz_ws.l(fcheck1.o)
    0x08002de0   0x00000018   Code   RO          516    x$fpl$fcmpinf       fz_ws.l(fcmpi.o)
    0x08002df8   0x00000184   Code   RO          258    x$fpl$fdiv          fz_ws.l(fdiv.o)
    0x08002f7c   0x00000026   Code   RO          261    x$fpl$ffltu         fz_ws.l(fflt_clz.o)
    0x08002fa2   0x00000002   PAD
    0x08002fa4   0x00000068   Code   RO          463    x$fpl$fleqf         fz_ws.l(fleqf.o)
    0x0800300c   0x00000102   Code   RO          267    x$fpl$fmul          fz_ws.l(fmul.o)
    0x0800310e   0x0000008c   Code   RO          320    x$fpl$fnaninf       fz_ws.l(fnaninf.o)
    0x0800319a   0x0000000a   Code   RO          322    x$fpl$fretinf       fz_ws.l(fretinf.o)
    0x080031a4   0x00000062   Code   RO          420    x$fpl$frleqf        fz_ws.l(frleqf.o)
    0x08003206   0x00000014   Code   RO          252    x$fpl$frsb          fz_ws.l(faddsub_clz.o)
    0x0800321a   0x00000002   PAD
    0x0800321c   0x00000110   Code   RO          465    x$fpl$fsqrt         fz_ws.l(fsqrt.o)
    0x0800332c   0x000000ea   Code   RO          253    x$fpl$fsub          fz_ws.l(faddsub_clz.o)
    0x08003416   0x00000064   Code   RO          467    x$fpl$retnan        fz_ws.l(retnan.o)
    0x0800347a   0x0000005c   Code   RO          324    x$fpl$scalbn        fz_ws.l(scalbn.o)
    0x080034d6   0x0000004c   Code   RO          422    x$fpl$scalbnf       fz_ws.l(scalbnf.o)
    0x08003522   0x00000030   Code   RO          518    x$fpl$trapveneer    fz_ws.l(trapv.o)
    0x08003552   0x00000000   Code   RO          326    x$fpl$usenofp       fz_ws.l(usenofp.o)
    0x08003552   0x00000006   PAD
    0x08003558   0x00000088   Data   RO          283    .constdata          m_ws.l(pow.o)
    0x080035e0   0x00000030   Data   RO          328    .constdata          m_ws.l(cos_i.o)
    0x08003610   0x00000038   Data   RO          360    .constdata          m_ws.l(log.o)
    0x08003648   0x00000008   Data   RO          370    .constdata          m_ws.l(qnan.o)
    0x08003650   0x000000c8   Data   RO          373    .constdata          m_ws.l(rred.o)
    0x08003718   0x00000028   Data   RO          377    .constdata          m_ws.l(sin_i.o)
    0x08003740   0x00000020   Data   RO          597    Region$$Table       anon$$obj.o


    Execution Region RW_IRAM1 (Base: 0x20000000, Size: 0x00002e80, Max: 0x00005000, ABSOLUTE, COMPRESSED[0x00000f88])

    Base Addr    Size         Type   Attr      Idx    E Section Name        Object

    0x20000000   0x0000201c   Data   RW          115    .data               main.o
    0x2000201c   0x00000804   Zero   RW          114    .bss                main.o
    0x20002820   0x00000060   Zero   RW          449    .bss                c_w.l(libspace.o)
    0x20002880   0x00000200   Zero   RW           59    HEAP                startup_stm32f10x_md.o
    0x20002a80   0x00000400   Zero   RW           58    STACK               startup_stm32f10x_md.o


==============================================================================

Image component sizes


      Code (inc. data)   RO Data    RW Data    ZI Data      Debug   Object Name

         0          0          0          0          0       4540   core_cm3.o
       916         26          0       8220       2052       5166   main.o
        64         26        236          0       1536        824   startup_stm32f10x_md.o
       328         28          0          0          0       2021   system_stm32f10x.o
        18          0          0          0          0        446   tims.o

    ----------------------------------------------------------------------
      1332         80        268       8220       3588      12997   Object Totals
         0          0         32          0          0          0   (incl. Generated)
         6          0          0          0          0          0   (incl. Padding)

    ----------------------------------------------------------------------

      Code (inc. data)   RO Data    RW Data    ZI Data      Debug   Library Member Name

       100          0          0          0          0          0   __dclz77c.o
         8          0          0          0          0         68   __main.o
         0          0          0          0          0          0   __rtentry.o
        12          0          0          0          0          0   __rtentry2.o
         6          0          0          0          0          0   __rtentry4.o
        52          8          0          0          0          0   __scatter.o
        28          0          0          0          0          0   __scatter_zi.o
        22          0          0          0          0        100   _rserrno.o
        18          0          0          0          0         80   exit.o
         6          0          0          0          0        152   heapauxi.o
         0          0          0          0          0          0   indicate_semi.o
         2          0          0          0          0          0   libinit.o
         2          0          0          0          0          0   libinit2.o
         2          0          0          0          0          0   libshutdown.o
         2          0          0          0          0          0   libshutdown2.o
         8          4          0          0         96         68   libspace.o
         8          4          0          0          0         68   rt_errno_addr_intlibspace.o
         2          0          0          0          0          0   rtexit.o
        10          0          0          0          0          0   rtexit2.o
        12          4          0          0          0         68   sys_exit.o
        74          0          0          0          0         80   sys_stackheap_outer.o
         2          0          0          0          0         68   use_no_semi.o
        98          4          0          0          0         92   d2f.o
       826         16          0          0          0        348   daddsub_clz.o
        16          4          0          0          0         68   dcheck1.o
        24          0          0          0          0         68   dcmpi.o
       688        140          0          0          0        208   ddiv.o
       120          4          0          0          0         92   deqf.o
        94          4          0          0          0         92   dfix.o
        90          4          0          0          0         92   dfixu.o
        84          0          0          0          0        136   dflt_clz.o
       120          4          0          0          0         92   dleqf.o
       340         12          0          0          0        104   dmul.o
       156          4          0          0          0         92   dnaninf.o
        12          0          0          0          0         68   dretinf.o
       108          0          0          0          0         80   drleqf.o
       460         56          0          0          0        120   dsqrt_noumaal.o
        86          4          0          0          0         84   f2d.o
       450          8          0          0          0        236   faddsub_clz.o
        12          4          0          0          0         68   fcheck1.o
        24          0          0          0          0         68   fcmpi.o
       388         76          0          0          0         96   fdiv.o
        38          0          0          0          0         68   fflt_clz.o
       104          4          0          0          0         84   fleqf.o
       258          4          0          0          0         84   fmul.o
       140          4          0          0          0         84   fnaninf.o
        10          0          0          0          0         68   fretinf.o
        98          0          0          0          0         68   frleqf.o
       272        100          0          0          0         88   fsqrt.o
       100          0          0          0          0         68   retnan.o
        92          0          0          0          0         68   scalbn.o
        76          0          0          0          0         68   scalbnf.o
        48          0          0          0          0         68   trapv.o
         0          0          0          0          0          0   usenofp.o
         4          0          0          0          0         68   cabsf.o
       156          8          0          0          0        104   cos.o
       252         22         48          0          0        124   cos_i.o
        68         10          0          0          0        408   dunder.o
        40          0          0          0          0         68   fpclassify.o
        38          0          0          0          0         68   fpclassifyf.o
        88          8          0          0          0         76   frexp.o
        24          0          0          0          0        204   funder.o
       460          4          0          0          0        116   hypotf.o
       860         52         56          0          0        256   log.o
       152         12          0          0          0         88   log2.o
       170          0          0          0          0         96   poly.o
      2520        190        136          0          0        324   pow.o
         0          0          8          0          0          0   qnan.o
       904         76        200          0          0        140   rred.o
       160         10          0          0          0        108   sin.o
       236         12         40          0          0        128   sin_i.o
        76          0          0          0          0         84   sqrt.o
        44          0          0          0          0         80   sqrtf.o

    ----------------------------------------------------------------------
     12088        880        488          0         96       6412   Library Totals
        28          0          0          0          0          0   (incl. Padding)

    ----------------------------------------------------------------------

      Code (inc. data)   RO Data    RW Data    ZI Data      Debug   Library Name

       376         20          0          0         96        752   c_w.l
      5432        456          0          0          0       3120   fz_ws.l
      6252        404        488          0          0       2540   m_ws.l

    ----------------------------------------------------------------------
     12088        880        488          0         96       6412   Library Totals

    ----------------------------------------------------------------------

==============================================================================


      Code (inc. data)   RO Data    RW Data    ZI Data      Debug   

     13420        960        756       8220       3684      15505   Grand Totals
     13420        960        756       3976       3684      15505   ELF Image Totals (compressed)
     13420        960        756       3976          0          0   ROM Totals

==============================================================================

    Total RO  Size (Code + RO Data)                14176 (  13.84kB)
    Total RW  Size (RW Data + ZI Data)             11904 (  11.63kB)
    Total ROM Size (Code + RO Data + RW Data)      18152 (  17.73kB)

==============================================================================

